Command line invocation:
    /Applications/Xcode.app/Contents/Developer/usr/bin/xcodebuild -scheme books -project /Users/justingardner/Downloads/Xcode/books_build2/books.xcodeproj -configuration Release CODE_SIGNING_ALLOWED=NO -destination generic/platform=iOS clean build

Build settings from command line:
    CODE_SIGNING_ALLOWED = NO

ComputePackagePrebuildTargetDependencyGraph

CreateBuildRequest

SendProjectDescription

CreateBuildOperation

** CLEAN SUCCEEDED **

ComputePackagePrebuildTargetDependencyGraph

Prepare packages

CreateBuildRequest

SendProjectDescription

CreateBuildOperation

ComputeTargetDependencyGraph
note: Building targets in dependency order
note: Target dependency graph (1 target)
    Target 'books' in project 'books' (no dependencies)

GatherProvisioningInputs

CreateBuildDescription

ExecuteExternalTool /Applications/Xcode.app/Contents/Developer/Toolchains/XcodeDefault.xctoolchain/usr/bin/clang -v -E -dM -isysroot /Applications/Xcode.app/Contents/Developer/Platforms/iPhoneOS.platform/Developer/SDKs/iPhoneOS18.5.sdk -x c -c /dev/null

ExecuteExternalTool /Applications/Xcode.app/Contents/Developer/usr/bin/actool --print-asset-tag-combinations --output-format xml1 /Users/justingardner/Downloads/xcode/books_build2/books/Assets.xcassets

ExecuteExternalTool /Applications/Xcode.app/Contents/Developer/usr/bin/actool --version --output-format xml1

ExecuteExternalTool /Applications/Xcode.app/Contents/Developer/Toolchains/XcodeDefault.xctoolchain/usr/bin/swiftc --version

ExecuteExternalTool /Applications/Xcode.app/Contents/Developer/Toolchains/XcodeDefault.xctoolchain/usr/bin/ld -version_details

Build description signature: 3ad4d8bb39145daf5a955820faf2a51c
Build description path: /Users/justingardner/Library/Developer/Xcode/DerivedData/books-fpommwulutefkublemohbizwfike/Build/Intermediates.noindex/XCBuildData/3ad4d8bb39145daf5a955820faf2a51c.xcbuilddata
ClangStatCache /Applications/Xcode.app/Contents/Developer/Toolchains/XcodeDefault.xctoolchain/usr/bin/clang-stat-cache /Applications/Xcode.app/Contents/Developer/Platforms/iPhoneOS.platform/Developer/SDKs/iPhoneOS18.5.sdk /Users/justingardner/Library/Developer/Xcode/DerivedData/SDKStatCaches.noindex/iphoneos18.5-22F76-7fa4eea80a99bbfdc046826b63ec4baf.sdkstatcache
    cd /Users/justingardner/Downloads/xcode/books_build2/books.xcodeproj
    /Applications/Xcode.app/Contents/Developer/Toolchains/XcodeDefault.xctoolchain/usr/bin/clang-stat-cache /Applications/Xcode.app/Contents/Developer/Platforms/iPhoneOS.platform/Developer/SDKs/iPhoneOS18.5.sdk -o /Users/justingardner/Library/Developer/Xcode/DerivedData/SDKStatCaches.noindex/iphoneos18.5-22F76-7fa4eea80a99bbfdc046826b63ec4baf.sdkstatcache

CreateBuildDirectory /Users/justingardner/Library/Developer/Xcode/DerivedData/books-fpommwulutefkublemohbizwfike/Build/Products
    cd /Users/justingardner/Downloads/xcode/books_build2/books.xcodeproj
    builtin-create-build-directory /Users/justingardner/Library/Developer/Xcode/DerivedData/books-fpommwulutefkublemohbizwfike/Build/Products

CreateBuildDirectory /Users/justingardner/Library/Developer/Xcode/DerivedData/books-fpommwulutefkublemohbizwfike/Build/Intermediates.noindex
    cd /Users/justingardner/Downloads/xcode/books_build2/books.xcodeproj
    builtin-create-build-directory /Users/justingardner/Library/Developer/Xcode/DerivedData/books-fpommwulutefkublemohbizwfike/Build/Intermediates.noindex

CreateBuildDirectory /Users/justingardner/Library/Developer/Xcode/DerivedData/books-fpommwulutefkublemohbizwfike/Build/Products/Release-iphoneos
    cd /Users/justingardner/Downloads/xcode/books_build2/books.xcodeproj
    builtin-create-build-directory /Users/justingardner/Library/Developer/Xcode/DerivedData/books-fpommwulutefkublemohbizwfike/Build/Products/Release-iphoneos

CreateBuildDirectory /Users/justingardner/Library/Developer/Xcode/DerivedData/books-fpommwulutefkublemohbizwfike/Build/Intermediates.noindex/EagerLinkingTBDs/Release-iphoneos
    cd /Users/justingardner/Downloads/xcode/books_build2/books.xcodeproj
    builtin-create-build-directory /Users/justingardner/Library/Developer/Xcode/DerivedData/books-fpommwulutefkublemohbizwfike/Build/Intermediates.noindex/EagerLinkingTBDs/Release-iphoneos

WriteAuxiliaryFile /Users/justingardner/Library/Developer/Xcode/DerivedData/books-fpommwulutefkublemohbizwfike/Build/Intermediates.noindex/books.build/Release-iphoneos/books-0ac665b8ce6cc2f0db467e8060d4fbf4-VFS-iphoneos/all-product-headers.yaml
    cd /Users/justingardner/Downloads/xcode/books_build2/books.xcodeproj
    write-file /Users/justingardner/Library/Developer/Xcode/DerivedData/books-fpommwulutefkublemohbizwfike/Build/Intermediates.noindex/books.build/Release-iphoneos/books-0ac665b8ce6cc2f0db467e8060d4fbf4-VFS-iphoneos/all-product-headers.yaml

WriteAuxiliaryFile /Users/justingardner/Library/Developer/Xcode/DerivedData/books-fpommwulutefkublemohbizwfike/Build/Intermediates.noindex/books.build/Release-iphoneos/books.build/books-own-target-headers.hmap (in target 'books' from project 'books')
    cd /Users/justingardner/Downloads/xcode/books_build2
    write-file /Users/justingardner/Library/Developer/Xcode/DerivedData/books-fpommwulutefkublemohbizwfike/Build/Intermediates.noindex/books.build/Release-iphoneos/books.build/books-own-target-headers.hmap

WriteAuxiliaryFile /Users/justingardner/Library/Developer/Xcode/DerivedData/books-fpommwulutefkublemohbizwfike/Build/Intermediates.noindex/books.build/Release-iphoneos/books.build/books-project-headers.hmap (in target 'books' from project 'books')
    cd /Users/justingardner/Downloads/xcode/books_build2
    write-file /Users/justingardner/Library/Developer/Xcode/DerivedData/books-fpommwulutefkublemohbizwfike/Build/Intermediates.noindex/books.build/Release-iphoneos/books.build/books-project-headers.hmap

WriteAuxiliaryFile /Users/justingardner/Library/Developer/Xcode/DerivedData/books-fpommwulutefkublemohbizwfike/Build/Intermediates.noindex/books.build/Release-iphoneos/books.build/books.DependencyMetadataFileList (in target 'books' from project 'books')
    cd /Users/justingardner/Downloads/xcode/books_build2
    write-file /Users/justingardner/Library/Developer/Xcode/DerivedData/books-fpommwulutefkublemohbizwfike/Build/Intermediates.noindex/books.build/Release-iphoneos/books.build/books.DependencyMetadataFileList

WriteAuxiliaryFile /Users/justingardner/Library/Developer/Xcode/DerivedData/books-fpommwulutefkublemohbizwfike/Build/Intermediates.noindex/books.build/Release-iphoneos/books.build/books-generated-files.hmap (in target 'books' from project 'books')
    cd /Users/justingardner/Downloads/xcode/books_build2
    write-file /Users/justingardner/Library/Developer/Xcode/DerivedData/books-fpommwulutefkublemohbizwfike/Build/Intermediates.noindex/books.build/Release-iphoneos/books.build/books-generated-files.hmap

WriteAuxiliaryFile /Users/justingardner/Library/Developer/Xcode/DerivedData/books-fpommwulutefkublemohbizwfike/Build/Intermediates.noindex/books.build/Release-iphoneos/books.build/books.hmap (in target 'books' from project 'books')
    cd /Users/justingardner/Downloads/xcode/books_build2
    write-file /Users/justingardner/Library/Developer/Xcode/DerivedData/books-fpommwulutefkublemohbizwfike/Build/Intermediates.noindex/books.build/Release-iphoneos/books.build/books.hmap

WriteAuxiliaryFile /Users/justingardner/Library/Developer/Xcode/DerivedData/books-fpommwulutefkublemohbizwfike/Build/Intermediates.noindex/books.build/Release-iphoneos/books.build/books.DependencyStaticMetadataFileList (in target 'books' from project 'books')
    cd /Users/justingardner/Downloads/xcode/books_build2
    write-file /Users/justingardner/Library/Developer/Xcode/DerivedData/books-fpommwulutefkublemohbizwfike/Build/Intermediates.noindex/books.build/Release-iphoneos/books.build/books.DependencyStaticMetadataFileList

WriteAuxiliaryFile /Users/justingardner/Library/Developer/Xcode/DerivedData/books-fpommwulutefkublemohbizwfike/Build/Intermediates.noindex/books.build/Release-iphoneos/books.build/books-all-non-framework-target-headers.hmap (in target 'books' from project 'books')
    cd /Users/justingardner/Downloads/xcode/books_build2
    write-file /Users/justingardner/Library/Developer/Xcode/DerivedData/books-fpommwulutefkublemohbizwfike/Build/Intermediates.noindex/books.build/Release-iphoneos/books.build/books-all-non-framework-target-headers.hmap

WriteAuxiliaryFile /Users/justingardner/Library/Developer/Xcode/DerivedData/books-fpommwulutefkublemohbizwfike/Build/Intermediates.noindex/books.build/Release-iphoneos/books.build/books-all-target-headers.hmap (in target 'books' from project 'books')
    cd /Users/justingardner/Downloads/xcode/books_build2
    write-file /Users/justingardner/Library/Developer/Xcode/DerivedData/books-fpommwulutefkublemohbizwfike/Build/Intermediates.noindex/books.build/Release-iphoneos/books.build/books-all-target-headers.hmap

WriteAuxiliaryFile /Users/justingardner/Library/Developer/Xcode/DerivedData/books-fpommwulutefkublemohbizwfike/Build/Intermediates.noindex/books.build/Release-iphoneos/books.build/Objects-normal/arm64/books.SwiftFileList (in target 'books' from project 'books')
    cd /Users/justingardner/Downloads/xcode/books_build2
    write-file /Users/justingardner/Library/Developer/Xcode/DerivedData/books-fpommwulutefkublemohbizwfike/Build/Intermediates.noindex/books.build/Release-iphoneos/books.build/Objects-normal/arm64/books.SwiftFileList

WriteAuxiliaryFile /Users/justingardner/Library/Developer/Xcode/DerivedData/books-fpommwulutefkublemohbizwfike/Build/Intermediates.noindex/books.build/Release-iphoneos/books.build/Objects-normal/arm64/books.SwiftConstValuesFileList (in target 'books' from project 'books')
    cd /Users/justingardner/Downloads/xcode/books_build2
    write-file /Users/justingardner/Library/Developer/Xcode/DerivedData/books-fpommwulutefkublemohbizwfike/Build/Intermediates.noindex/books.build/Release-iphoneos/books.build/Objects-normal/arm64/books.SwiftConstValuesFileList

WriteAuxiliaryFile /Users/justingardner/Library/Developer/Xcode/DerivedData/books-fpommwulutefkublemohbizwfike/Build/Intermediates.noindex/books.build/Release-iphoneos/books.build/Objects-normal/arm64/books_const_extract_protocols.json (in target 'books' from project 'books')
    cd /Users/justingardner/Downloads/xcode/books_build2
    write-file /Users/justingardner/Library/Developer/Xcode/DerivedData/books-fpommwulutefkublemohbizwfike/Build/Intermediates.noindex/books.build/Release-iphoneos/books.build/Objects-normal/arm64/books_const_extract_protocols.json

WriteAuxiliaryFile /Users/justingardner/Library/Developer/Xcode/DerivedData/books-fpommwulutefkublemohbizwfike/Build/Intermediates.noindex/books.build/Release-iphoneos/books.build/Objects-normal/arm64/books.LinkFileList (in target 'books' from project 'books')
    cd /Users/justingardner/Downloads/xcode/books_build2
    write-file /Users/justingardner/Library/Developer/Xcode/DerivedData/books-fpommwulutefkublemohbizwfike/Build/Intermediates.noindex/books.build/Release-iphoneos/books.build/Objects-normal/arm64/books.LinkFileList

WriteAuxiliaryFile /Users/justingardner/Library/Developer/Xcode/DerivedData/books-fpommwulutefkublemohbizwfike/Build/Intermediates.noindex/books.build/Release-iphoneos/books.build/Objects-normal/arm64/books-OutputFileMap.json (in target 'books' from project 'books')
    cd /Users/justingardner/Downloads/xcode/books_build2
    write-file /Users/justingardner/Library/Developer/Xcode/DerivedData/books-fpommwulutefkublemohbizwfike/Build/Intermediates.noindex/books.build/Release-iphoneos/books.build/Objects-normal/arm64/books-OutputFileMap.json

MkDir /Users/justingardner/Library/Developer/Xcode/DerivedData/books-fpommwulutefkublemohbizwfike/Build/Products/Release-iphoneos/books.app (in target 'books' from project 'books')
    cd /Users/justingardner/Downloads/xcode/books_build2
    /bin/mkdir -p /Users/justingardner/Library/Developer/Xcode/DerivedData/books-fpommwulutefkublemohbizwfike/Build/Products/Release-iphoneos/books.app

CpResource /Users/justingardner/Library/Developer/Xcode/DerivedData/books-fpommwulutefkublemohbizwfike/Build/Products/Release-iphoneos/books.app/use-swiftdata.txt /Users/justingardner/Downloads/xcode/books_build2/books/Markdown/use-swiftdata.txt (in target 'books' from project 'books')
    cd /Users/justingardner/Downloads/xcode/books_build2
    builtin-copy -exclude .DS_Store -exclude CVS -exclude .svn -exclude .git -exclude .hg -resolve-src-symlinks /Users/justingardner/Downloads/xcode/books_build2/books/Markdown/use-swiftdata.txt /Users/justingardner/Library/Developer/Xcode/DerivedData/books-fpommwulutefkublemohbizwfike/Build/Products/Release-iphoneos/books.app

MkDir /Users/justingardner/Library/Developer/Xcode/DerivedData/books-fpommwulutefkublemohbizwfike/Build/Intermediates.noindex/books.build/Release-iphoneos/books.build/assetcatalog_output/unthinned (in target 'books' from project 'books')
    cd /Users/justingardner/Downloads/xcode/books_build2
    /bin/mkdir -p /Users/justingardner/Library/Developer/Xcode/DerivedData/books-fpommwulutefkublemohbizwfike/Build/Intermediates.noindex/books.build/Release-iphoneos/books.build/assetcatalog_output/unthinned

MkDir /Users/justingardner/Library/Developer/Xcode/DerivedData/books-fpommwulutefkublemohbizwfike/Build/Intermediates.noindex/books.build/Release-iphoneos/books.build/assetcatalog_output/thinned (in target 'books' from project 'books')
    cd /Users/justingardner/Downloads/xcode/books_build2
    /bin/mkdir -p /Users/justingardner/Library/Developer/Xcode/DerivedData/books-fpommwulutefkublemohbizwfike/Build/Intermediates.noindex/books.build/Release-iphoneos/books.build/assetcatalog_output/thinned

CpResource /Users/justingardner/Library/Developer/Xcode/DerivedData/books-fpommwulutefkublemohbizwfike/Build/Products/Release-iphoneos/books.app/data_model_specification.txt /Users/justingardner/Downloads/xcode/books_build2/books/Markdown/data_model_specification.txt (in target 'books' from project 'books')
    cd /Users/justingardner/Downloads/xcode/books_build2
    builtin-copy -exclude .DS_Store -exclude CVS -exclude .svn -exclude .git -exclude .hg -resolve-src-symlinks /Users/justingardner/Downloads/xcode/books_build2/books/Markdown/data_model_specification.txt /Users/justingardner/Library/Developer/Xcode/DerivedData/books-fpommwulutefkublemohbizwfike/Build/Products/Release-iphoneos/books.app

GenerateAssetSymbols /Users/justingardner/Downloads/xcode/books_build2/books/Assets.xcassets (in target 'books' from project 'books')
    cd /Users/justingardner/Downloads/xcode/books_build2
    /Applications/Xcode.app/Contents/Developer/usr/bin/actool /Users/justingardner/Downloads/xcode/books_build2/books/Assets.xcassets --compile /Users/justingardner/Library/Developer/Xcode/DerivedData/books-fpommwulutefkublemohbizwfike/Build/Products/Release-iphoneos/books.app --output-format human-readable-text --notices --warnings --export-dependency-info /Users/justingardner/Library/Developer/Xcode/DerivedData/books-fpommwulutefkublemohbizwfike/Build/Intermediates.noindex/books.build/Release-iphoneos/books.build/assetcatalog_dependencies --output-partial-info-plist /Users/justingardner/Library/Developer/Xcode/DerivedData/books-fpommwulutefkublemohbizwfike/Build/Intermediates.noindex/books.build/Release-iphoneos/books.build/assetcatalog_generated_info.plist --app-icon AppIcon --include-all-app-icons --accent-color AccentColor --compress-pngs --enable-on-demand-resources YES --development-region en --target-device iphone --target-device ipad --minimum-deployment-target 18.0 --platform iphoneos --bundle-identifier Z67H8Y8DW.com.oooefam.booksV3 --generate-swift-asset-symbols /Users/justingardner/Library/Developer/Xcode/DerivedData/books-fpommwulutefkublemohbizwfike/Build/Intermediates.noindex/books.build/Release-iphoneos/books.build/DerivedSources/GeneratedAssetSymbols.swift --generate-objc-asset-symbols /Users/justingardner/Library/Developer/Xcode/DerivedData/books-fpommwulutefkublemohbizwfike/Build/Intermediates.noindex/books.build/Release-iphoneos/books.build/DerivedSources/GeneratedAssetSymbols.h --generate-asset-symbol-index /Users/justingardner/Library/Developer/Xcode/DerivedData/books-fpommwulutefkublemohbizwfike/Build/Intermediates.noindex/books.build/Release-iphoneos/books.build/DerivedSources/GeneratedAssetSymbols-Index.plist
/* com.apple.actool.compilation-results */
/Users/justingardner/Library/Developer/Xcode/DerivedData/books-fpommwulutefkublemohbizwfike/Build/Intermediates.noindex/books.build/Release-iphoneos/books.build/DerivedSources/GeneratedAssetSymbols-Index.plist
/Users/justingardner/Library/Developer/Xcode/DerivedData/books-fpommwulutefkublemohbizwfike/Build/Intermediates.noindex/books.build/Release-iphoneos/books.build/DerivedSources/GeneratedAssetSymbols.h
/Users/justingardner/Library/Developer/Xcode/DerivedData/books-fpommwulutefkublemohbizwfike/Build/Intermediates.noindex/books.build/Release-iphoneos/books.build/DerivedSources/GeneratedAssetSymbols.swift


CompileAssetCatalogVariant thinned /Users/justingardner/Library/Developer/Xcode/DerivedData/books-fpommwulutefkublemohbizwfike/Build/Products/Release-iphoneos/books.app /Users/justingardner/Downloads/xcode/books_build2/books/Assets.xcassets (in target 'books' from project 'books')
    cd /Users/justingardner/Downloads/xcode/books_build2
    /Applications/Xcode.app/Contents/Developer/usr/bin/actool /Users/justingardner/Downloads/xcode/books_build2/books/Assets.xcassets --compile /Users/justingardner/Library/Developer/Xcode/DerivedData/books-fpommwulutefkublemohbizwfike/Build/Intermediates.noindex/books.build/Release-iphoneos/books.build/assetcatalog_output/thinned --output-format human-readable-text --notices --warnings --export-dependency-info /Users/justingardner/Library/Developer/Xcode/DerivedData/books-fpommwulutefkublemohbizwfike/Build/Intermediates.noindex/books.build/Release-iphoneos/books.build/assetcatalog_dependencies_thinned --output-partial-info-plist /Users/justingardner/Library/Developer/Xcode/DerivedData/books-fpommwulutefkublemohbizwfike/Build/Intermediates.noindex/books.build/Release-iphoneos/books.build/assetcatalog_generated_info.plist_thinned --app-icon AppIcon --include-all-app-icons --accent-color AccentColor --compress-pngs --enable-on-demand-resources YES --development-region en --target-device iphone --target-device ipad --minimum-deployment-target 18.0 --platform iphoneos
/* com.apple.actool.document.notices */
/Users/justingardner/Downloads/xcode/books_build2/books/Assets.xcassets:./AppIcon.appiconset/[][iphone][57x57][][][1x][][][][]: notice: 57x57 app icons only apply to iPhone apps targeting releases of iOS prior to 7.0
/Users/justingardner/Downloads/xcode/books_build2/books/Assets.xcassets:./AppIcon.appiconset/[][iphone][57x57][][][2x][][][][]: notice: 57x57@2x app icons only apply to iPhone apps targeting releases of iOS prior to 7.0
/Users/justingardner/Downloads/xcode/books_build2/books/Assets.xcassets:./AppIcon.appiconset/[][ipad][50x50][][][1x][][][][]: notice: 50x50 iPad spotlight icons only apply to iPad apps targeting releases of iOS prior to 7.0
/Users/justingardner/Downloads/xcode/books_build2/books/Assets.xcassets:./AppIcon.appiconset/[][ipad][50x50][][][2x][][][][]: notice: 50x50 iPad spotlight icons only apply to iPad apps targeting releases of iOS prior to 7.0
/Users/justingardner/Downloads/xcode/books_build2/books/Assets.xcassets:./AppIcon.appiconset/[][ipad][72x72][][][1x][][][][]: notice: 72x72 app icons only apply to iPad apps targeting releases of iOS prior to 7.0
/Users/justingardner/Downloads/xcode/books_build2/books/Assets.xcassets:./AppIcon.appiconset/[][ipad][72x72][][][2x][][][][]: notice: 72x72@2x app icons only apply to iPad apps targeting releases of iOS prior to 7.0
/Users/justingardner/Downloads/xcode/books_build2/books/Assets.xcassets:./AppIcon.appiconset/[][ipad][76x76][][][1x][][][][]: notice: 76x76@1x app icons only apply to iPad apps targeting releases of iOS prior to 10.0.
/* com.apple.actool.compilation-results */
/Users/justingardner/Library/Developer/Xcode/DerivedData/books-fpommwulutefkublemohbizwfike/Build/Intermediates.noindex/books.build/Release-iphoneos/books.build/assetcatalog_generated_info.plist_thinned
/Users/justingardner/Library/Developer/Xcode/DerivedData/books-fpommwulutefkublemohbizwfike/Build/Intermediates.noindex/books.build/Release-iphoneos/books.build/assetcatalog_output/thinned/AppIcon60x60@2x.png
/Users/justingardner/Library/Developer/Xcode/DerivedData/books-fpommwulutefkublemohbizwfike/Build/Intermediates.noindex/books.build/Release-iphoneos/books.build/assetcatalog_output/thinned/AppIcon76x76@2x~ipad.png
/Users/justingardner/Library/Developer/Xcode/DerivedData/books-fpommwulutefkublemohbizwfike/Build/Intermediates.noindex/books.build/Release-iphoneos/books.build/assetcatalog_output/thinned/Assets.car


SwiftDriver books normal arm64 com.apple.xcode.tools.swift.compiler (in target 'books' from project 'books')
    cd /Users/justingardner/Downloads/xcode/books_build2
    builtin-SwiftDriver -- /Applications/Xcode.app/Contents/Developer/Toolchains/XcodeDefault.xctoolchain/usr/bin/swiftc -module-name books -O -whole-module-optimization -enforce-exclusivity\=checked @/Users/justingardner/Library/Developer/Xcode/DerivedData/books-fpommwulutefkublemohbizwfike/Build/Intermediates.noindex/books.build/Release-iphoneos/books.build/Objects-normal/arm64/books.SwiftFileList -enable-bare-slash-regex -enable-experimental-feature DebugDescriptionMacro -sdk /Applications/Xcode.app/Contents/Developer/Platforms/iPhoneOS.platform/Developer/SDKs/iPhoneOS18.5.sdk -target arm64-apple-ios18.0 -g -module-cache-path /Users/justingardner/Library/Developer/Xcode/DerivedData/ModuleCache.noindex -Xfrontend -serialize-debugging-options -profile-coverage-mapping -profile-generate -swift-version 5 -I /Users/justingardner/Library/Developer/Xcode/DerivedData/books-fpommwulutefkublemohbizwfike/Build/Products/Release-iphoneos -F /Users/justingardner/Library/Developer/Xcode/DerivedData/books-fpommwulutefkublemohbizwfike/Build/Products/Release-iphoneos -emit-localized-strings -emit-localized-strings-path /Users/justingardner/Library/Developer/Xcode/DerivedData/books-fpommwulutefkublemohbizwfike/Build/Intermediates.noindex/books.build/Release-iphoneos/books.build/Objects-normal/arm64 -c -num-threads 12 -Xcc -ivfsstatcache -Xcc /Users/justingardner/Library/Developer/Xcode/DerivedData/SDKStatCaches.noindex/iphoneos18.5-22F76-7fa4eea80a99bbfdc046826b63ec4baf.sdkstatcache -output-file-map /Users/justingardner/Library/Developer/Xcode/DerivedData/books-fpommwulutefkublemohbizwfike/Build/Intermediates.noindex/books.build/Release-iphoneos/books.build/Objects-normal/arm64/books-OutputFileMap.json -use-frontend-parseable-output -save-temps -no-color-diagnostics -serialize-diagnostics -emit-dependencies -emit-module -emit-module-path /Users/justingardner/Library/Developer/Xcode/DerivedData/books-fpommwulutefkublemohbizwfike/Build/Intermediates.noindex/books.build/Release-iphoneos/books.build/Objects-normal/arm64/books.swiftmodule -validate-clang-modules-once -clang-build-session-file /Users/justingardner/Library/Developer/Xcode/DerivedData/ModuleCache.noindex/Session.modulevalidation -Xcc -I/Users/justingardner/Library/Developer/Xcode/DerivedData/books-fpommwulutefkublemohbizwfike/Build/Intermediates.noindex/books.build/Release-iphoneos/books.build/swift-overrides.hmap -emit-const-values -Xfrontend -const-gather-protocols-file -Xfrontend /Users/justingardner/Library/Developer/Xcode/DerivedData/books-fpommwulutefkublemohbizwfike/Build/Intermediates.noindex/books.build/Release-iphoneos/books.build/Objects-normal/arm64/books_const_extract_protocols.json -Xcc -iquote -Xcc /Users/justingardner/Library/Developer/Xcode/DerivedData/books-fpommwulutefkublemohbizwfike/Build/Intermediates.noindex/books.build/Release-iphoneos/books.build/books-generated-files.hmap -Xcc -I/Users/justingardner/Library/Developer/Xcode/DerivedData/books-fpommwulutefkublemohbizwfike/Build/Intermediates.noindex/books.build/Release-iphoneos/books.build/books-own-target-headers.hmap -Xcc -I/Users/justingardner/Library/Developer/Xcode/DerivedData/books-fpommwulutefkublemohbizwfike/Build/Intermediates.noindex/books.build/Release-iphoneos/books.build/books-all-target-headers.hmap -Xcc -iquote -Xcc /Users/justingardner/Library/Developer/Xcode/DerivedData/books-fpommwulutefkublemohbizwfike/Build/Intermediates.noindex/books.build/Release-iphoneos/books.build/books-project-headers.hmap -Xcc -I/Users/justingardner/Library/Developer/Xcode/DerivedData/books-fpommwulutefkublemohbizwfike/Build/Products/Release-iphoneos/include -Xcc -I/Users/justingardner/Library/Developer/Xcode/DerivedData/books-fpommwulutefkublemohbizwfike/Build/Intermediates.noindex/books.build/Release-iphoneos/books.build/DerivedSources-normal/arm64 -Xcc -I/Users/justingardner/Library/Developer/Xcode/DerivedData/books-fpommwulutefkublemohbizwfike/Build/Intermediates.noindex/books.build/Release-iphoneos/books.build/DerivedSources/arm64 -Xcc -I/Users/justingardner/Library/Developer/Xcode/DerivedData/books-fpommwulutefkublemohbizwfike/Build/Intermediates.noindex/books.build/Release-iphoneos/books.build/DerivedSources -emit-objc-header -emit-objc-header-path /Users/justingardner/Library/Developer/Xcode/DerivedData/books-fpommwulutefkublemohbizwfike/Build/Intermediates.noindex/books.build/Release-iphoneos/books.build/Objects-normal/arm64/books-Swift.h -working-directory /Users/justingardner/Downloads/xcode/books_build2 -no-emit-module-separately-wmo

SwiftCompile normal arm64 Compiling\ GenreBreakdownChartView.swift,\ DataValidationService.swift,\ PageInputView.swift,\ ThemeMigrationHelper.swift,\ HapticFeedbackManager.swift,\ SettingsView.swift,\ CulturalSelections.swift,\ EditBookView.swift,\ MonthlyReadsChartView.swift,\ DuplicateDetection.swift,\ QuickFilterBar.swift,\ ImageCache.swift,\ StatsView.swift,\ ImportModels.swift,\ SearchResultDetailView.swift,\ QuickRatingView.swift,\ ImportStateManager.swift,\ ThemePickerView.swift,\ UserBook.swift,\ Color+Extensions.swift,\ LibraryResetViewModel.swift,\ RatingGestureModifier.swift,\ SharedModifiers.swift,\ BookCoverImage.swift,\ LibraryResetService.swift,\ ColumnMappingView.swift,\ UIColor+Luminance.swift,\ SharedComponents.swift,\ StatusBarBackgroundModifier.swift,\ BookRowView.swift,\ LiveActivityManager.swift,\ NavigationDestinations.swift,\ BackgroundImportCoordinator.swift,\ CSVImportView.swift,\ SupportingViews.swift,\ Theme.swift,\ CulturalSelectionPickers.swift,\ PerformanceMonitor.swift,\ BackgroundTaskManager.swift,\ ImportPreviewView.swift,\ ReadingGoalsManager.swift,\ ThemePreviewCard.swift,\ Theme+Variants.swift,\ DataQualityIndicator.swift,\ RateLimiter.swift,\ iCloudLoginView.swift,\ BookSearchService.swift,\ ThemeAwareModifier.swift,\ GoalProgressRing.swift,\ SimpleISBNLookupService.swift,\ CloudKitManager.swift,\ ContentView.swift,\ BackgroundImportProgressIndicator.swift,\ GoalSettingsView.swift,\ LibraryResetConfirmationView.swift,\ ConcurrentImportConfig.swift,\ CulturalDiversityView.swift,\ BookCardView.swift,\ UnifiedBookComponents.swift,\ booksApp.swift,\ BarcodeScanner.swift,\ ImportCompletionBanner.swift,\ ThemeStore.swift,\ CSVImportService.swift,\ LibraryView.swift,\ AuthorSearchResultsView.swift,\ CSVParser.swift,\ LibraryFilterView.swift,\ DataMigrationManager.swift,\ SearchView.swift,\ BookMetadata.swift,\ BookDetailsView.swift,\ GeneratedAssetSymbols.swift /Users/justingardner/Downloads/xcode/books_build2/books/Charts/GenreBreakdownChartView.swift /Users/justingardner/Downloads/xcode/books_build2/books/Utilities/DataValidationService.swift /Users/justingardner/Downloads/xcode/books_build2/books/Views/Components/PageInputView.swift /Users/justingardner/Downloads/xcode/books_build2/books/Styling/ThemeMigrationHelper.swift /Users/justingardner/Downloads/xcode/books_build2/books/Services/HapticFeedbackManager.swift /Users/justingardner/Downloads/xcode/books_build2/books/Views/Main/SettingsView.swift /Users/justingardner/Downloads/xcode/books_build2/books/Models/CulturalSelections.swift /Users/justingardner/Downloads/xcode/books_build2/books/Views/Detail/EditBookView.swift /Users/justingardner/Downloads/xcode/books_build2/books/Charts/MonthlyReadsChartView.swift /Users/justingardner/Downloads/xcode/books_build2/books/Utilities/DuplicateDetection.swift /Users/justingardner/Downloads/xcode/books_build2/books/Views/Components/QuickFilterBar.swift /Users/justingardner/Downloads/xcode/books_build2/books/Services/ImageCache.swift /Users/justingardner/Downloads/xcode/books_build2/books/Views/Main/StatsView.swift /Users/justingardner/Downloads/xcode/books_build2/books/Models/ImportModels.swift /Users/justingardner/Downloads/xcode/books_build2/books/Views/Detail/SearchResultDetailView.swift /Users/justingardner/Downloads/xcode/books_build2/books/Views/Components/QuickRatingView.swift /Users/justingardner/Downloads/xcode/books_build2/books/Services/ImportStateManager.swift /Users/justingardner/Downloads/xcode/books_build2/books/Views/Main/ThemePickerView.swift /Users/justingardner/Downloads/xcode/books_build2/books/Models/UserBook.swift /Users/justingardner/Downloads/xcode/books_build2/books/Extensions/Color+Extensions.swift /Users/justingardner/Downloads/xcode/books_build2/books/ViewModels/LibraryResetViewModel.swift /Users/justingardner/Downloads/xcode/books_build2/books/Views/Components/RatingGestureModifier.swift /Users/justingardner/Downloads/xcode/books_build2/books/Theme/SharedModifiers.swift /Users/justingardner/Downloads/xcode/books_build2/books/Views/Components/BookCoverImage.swift /Users/justingardner/Downloads/xcode/books_build2/books/Services/LibraryResetService.swift /Users/justingardner/Downloads/xcode/books_build2/books/Views/Import/ColumnMappingView.swift /Users/justingardner/Downloads/xcode/books_build2/books/Extensions/UIColor+Luminance.swift /Users/justingardner/Downloads/xcode/books_build2/books/Views/Components/SharedComponents.swift /Users/justingardner/Downloads/xcode/books_build2/books/Theme/StatusBarBackgroundModifier.swift /Users/justingardner/Downloads/xcode/books_build2/books/Views/Components/BookRowView.swift /Users/justingardner/Downloads/xcode/books_build2/books/Services/LiveActivityManager.swift /Users/justingardner/Downloads/xcode/books_build2/books/Views/Navigation/NavigationDestinations.swift /Users/justingardner/Downloads/xcode/books_build2/books/Services/BackgroundImportCoordinator.swift /Users/justingardner/Downloads/xcode/books_build2/books/Views/Import/CSVImportView.swift /Users/justingardner/Downloads/xcode/books_build2/books/Views/Components/SupportingViews.swift /Users/justingardner/Downloads/xcode/books_build2/books/Theme/Theme.swift /Users/justingardner/Downloads/xcode/books_build2/books/Views/Components/CulturalSelectionPickers.swift /Users/justingardner/Downloads/xcode/books_build2/books/Services/PerformanceMonitor.swift /Users/justingardner/Downloads/xcode/books_build2/books/Services/BackgroundTaskManager.swift /Users/justingardner/Downloads/xcode/books_build2/books/Views/Import/ImportPreviewView.swift /Users/justingardner/Downloads/xcode/books_build2/books/Managers/ReadingGoalsManager.swift /Users/justingardner/Downloads/xcode/books_build2/books/Views/Components/ThemePreviewCard.swift /Users/justingardner/Downloads/xcode/books_build2/books/Theme/Theme+Variants.swift /Users/justingardner/Downloads/xcode/books_build2/books/Views/Components/DataQualityIndicator.swift /Users/justingardner/Downloads/xcode/books_build2/books/Services/RateLimiter.swift /Users/justingardner/Downloads/xcode/books_build2/books/Views/Onboarding/iCloudLoginView.swift /Users/justingardner/Downloads/xcode/books_build2/books/Services/BookSearchService.swift /Users/justingardner/Downloads/xcode/books_build2/books/Theme/ThemeAwareModifier.swift /Users/justingardner/Downloads/xcode/books_build2/books/Views/Components/GoalProgressRing.swift /Users/justingardner/Downloads/xcode/books_build2/books/Services/SimpleISBNLookupService.swift /Users/justingardner/Downloads/xcode/books_build2/books/Services/CloudKitManager.swift /Users/justingardner/Downloads/xcode/books_build2/books/Views/Main/ContentView.swift /Users/justingardner/Downloads/xcode/books_build2/books/Views/Components/BackgroundImportProgressIndicator.swift /Users/justingardner/Downloads/xcode/books_build2/books/Views/Components/GoalSettingsView.swift /Users/justingardner/Downloads/xcode/books_build2/books/Views/Settings/LibraryResetConfirmationView.swift /Users/justingardner/Downloads/xcode/books_build2/books/Services/ConcurrentImportConfig.swift /Users/justingardner/Downloads/xcode/books_build2/books/Views/Main/CulturalDiversityView.swift /Users/justingardner/Downloads/xcode/books_build2/books/Views/Components/BookCardView.swift /Users/justingardner/Downloads/xcode/books_build2/books/Views/Components/UnifiedBookComponents.swift /Users/justingardner/Downloads/xcode/books_build2/books/App/booksApp.swift /Users/justingardner/Downloads/xcode/books_build2/books/Utilities/BarcodeScanner.swift /Users/justingardner/Downloads/xcode/books_build2/books/Views/Components/ImportCompletionBanner.swift /Users/justingardner/Downloads/xcode/books_build2/books/Stores/ThemeStore.swift /Users/justingardner/Downloads/xcode/books_build2/books/Services/CSVImportService.swift /Users/justingardner/Downloads/xcode/books_build2/books/Views/Main/LibraryView.swift /Users/justingardner/Downloads/xcode/books_build2/books/Views/Detail/AuthorSearchResultsView.swift /Users/justingardner/Downloads/xcode/books_build2/books/Utilities/CSVParser.swift /Users/justingardner/Downloads/xcode/books_build2/books/Views/Components/LibraryFilterView.swift /Users/justingardner/Downloads/xcode/books_build2/books/Services/DataMigrationManager.swift /Users/justingardner/Downloads/xcode/books_build2/books/Views/Main/SearchView.swift /Users/justingardner/Downloads/xcode/books_build2/books/Models/BookMetadata.swift /Users/justingardner/Downloads/xcode/books_build2/books/Views/Detail/BookDetailsView.swift /Users/justingardner/Library/Developer/Xcode/DerivedData/books-fpommwulutefkublemohbizwfike/Build/Intermediates.noindex/books.build/Release-iphoneos/books.build/DerivedSources/GeneratedAssetSymbols.swift (in target 'books' from project 'books')
CompileSwift normal arm64 (in target 'books' from project 'books')
    cd /Users/justingardner/Downloads/xcode/books_build2
    

SwiftDriver\ Compilation books normal arm64 com.apple.xcode.tools.swift.compiler (in target 'books' from project 'books')
    cd /Users/justingardner/Downloads/xcode/books_build2
    builtin-Swift-Compilation -- /Applications/Xcode.app/Contents/Developer/Toolchains/XcodeDefault.xctoolchain/usr/bin/swiftc -module-name books -O -whole-module-optimization -enforce-exclusivity\=checked @/Users/justingardner/Library/Developer/Xcode/DerivedData/books-fpommwulutefkublemohbizwfike/Build/Intermediates.noindex/books.build/Release-iphoneos/books.build/Objects-normal/arm64/books.SwiftFileList -enable-bare-slash-regex -enable-experimental-feature DebugDescriptionMacro -sdk /Applications/Xcode.app/Contents/Developer/Platforms/iPhoneOS.platform/Developer/SDKs/iPhoneOS18.5.sdk -target arm64-apple-ios18.0 -g -module-cache-path /Users/justingardner/Library/Developer/Xcode/DerivedData/ModuleCache.noindex -Xfrontend -serialize-debugging-options -profile-coverage-mapping -profile-generate -swift-version 5 -I /Users/justingardner/Library/Developer/Xcode/DerivedData/books-fpommwulutefkublemohbizwfike/Build/Products/Release-iphoneos -F /Users/justingardner/Library/Developer/Xcode/DerivedData/books-fpommwulutefkublemohbizwfike/Build/Products/Release-iphoneos -emit-localized-strings -emit-localized-strings-path /Users/justingardner/Library/Developer/Xcode/DerivedData/books-fpommwulutefkublemohbizwfike/Build/Intermediates.noindex/books.build/Release-iphoneos/books.build/Objects-normal/arm64 -c -num-threads 12 -Xcc -ivfsstatcache -Xcc /Users/justingardner/Library/Developer/Xcode/DerivedData/SDKStatCaches.noindex/iphoneos18.5-22F76-7fa4eea80a99bbfdc046826b63ec4baf.sdkstatcache -output-file-map /Users/justingardner/Library/Developer/Xcode/DerivedData/books-fpommwulutefkublemohbizwfike/Build/Intermediates.noindex/books.build/Release-iphoneos/books.build/Objects-normal/arm64/books-OutputFileMap.json -use-frontend-parseable-output -save-temps -no-color-diagnostics -serialize-diagnostics -emit-dependencies -emit-module -emit-module-path /Users/justingardner/Library/Developer/Xcode/DerivedData/books-fpommwulutefkublemohbizwfike/Build/Intermediates.noindex/books.build/Release-iphoneos/books.build/Objects-normal/arm64/books.swiftmodule -validate-clang-modules-once -clang-build-session-file /Users/justingardner/Library/Developer/Xcode/DerivedData/ModuleCache.noindex/Session.modulevalidation -Xcc -I/Users/justingardner/Library/Developer/Xcode/DerivedData/books-fpommwulutefkublemohbizwfike/Build/Intermediates.noindex/books.build/Release-iphoneos/books.build/swift-overrides.hmap -emit-const-values -Xfrontend -const-gather-protocols-file -Xfrontend /Users/justingardner/Library/Developer/Xcode/DerivedData/books-fpommwulutefkublemohbizwfike/Build/Intermediates.noindex/books.build/Release-iphoneos/books.build/Objects-normal/arm64/books_const_extract_protocols.json -Xcc -iquote -Xcc /Users/justingardner/Library/Developer/Xcode/DerivedData/books-fpommwulutefkublemohbizwfike/Build/Intermediates.noindex/books.build/Release-iphoneos/books.build/books-generated-files.hmap -Xcc -I/Users/justingardner/Library/Developer/Xcode/DerivedData/books-fpommwulutefkublemohbizwfike/Build/Intermediates.noindex/books.build/Release-iphoneos/books.build/books-own-target-headers.hmap -Xcc -I/Users/justingardner/Library/Developer/Xcode/DerivedData/books-fpommwulutefkublemohbizwfike/Build/Intermediates.noindex/books.build/Release-iphoneos/books.build/books-all-target-headers.hmap -Xcc -iquote -Xcc /Users/justingardner/Library/Developer/Xcode/DerivedData/books-fpommwulutefkublemohbizwfike/Build/Intermediates.noindex/books.build/Release-iphoneos/books.build/books-project-headers.hmap -Xcc -I/Users/justingardner/Library/Developer/Xcode/DerivedData/books-fpommwulutefkublemohbizwfike/Build/Products/Release-iphoneos/include -Xcc -I/Users/justingardner/Library/Developer/Xcode/DerivedData/books-fpommwulutefkublemohbizwfike/Build/Intermediates.noindex/books.build/Release-iphoneos/books.build/DerivedSources-normal/arm64 -Xcc -I/Users/justingardner/Library/Developer/Xcode/DerivedData/books-fpommwulutefkublemohbizwfike/Build/Intermediates.noindex/books.build/Release-iphoneos/books.build/DerivedSources/arm64 -Xcc -I/Users/justingardner/Library/Developer/Xcode/DerivedData/books-fpommwulutefkublemohbizwfike/Build/Intermediates.noindex/books.build/Release-iphoneos/books.build/DerivedSources -emit-objc-header -emit-objc-header-path /Users/justingardner/Library/Developer/Xcode/DerivedData/books-fpommwulutefkublemohbizwfike/Build/Intermediates.noindex/books.build/Release-iphoneos/books.build/Objects-normal/arm64/books-Swift.h -working-directory /Users/justingardner/Downloads/xcode/books_build2 -no-emit-module-separately-wmo

LinkAssetCatalog /Users/justingardner/Downloads/xcode/books_build2/books/Assets.xcassets (in target 'books' from project 'books')
    cd /Users/justingardner/Downloads/xcode/books_build2
    builtin-linkAssetCatalog --thinned /Users/justingardner/Library/Developer/Xcode/DerivedData/books-fpommwulutefkublemohbizwfike/Build/Intermediates.noindex/books.build/Release-iphoneos/books.build/assetcatalog_output/thinned --thinned-dependencies /Users/justingardner/Library/Developer/Xcode/DerivedData/books-fpommwulutefkublemohbizwfike/Build/Intermediates.noindex/books.build/Release-iphoneos/books.build/assetcatalog_dependencies_thinned --thinned-info-plist-content /Users/justingardner/Library/Developer/Xcode/DerivedData/books-fpommwulutefkublemohbizwfike/Build/Intermediates.noindex/books.build/Release-iphoneos/books.build/assetcatalog_generated_info.plist_thinned --unthinned /Users/justingardner/Library/Developer/Xcode/DerivedData/books-fpommwulutefkublemohbizwfike/Build/Intermediates.noindex/books.build/Release-iphoneos/books.build/assetcatalog_output/unthinned --unthinned-dependencies /Users/justingardner/Library/Developer/Xcode/DerivedData/books-fpommwulutefkublemohbizwfike/Build/Intermediates.noindex/books.build/Release-iphoneos/books.build/assetcatalog_dependencies_unthinned --unthinned-info-plist-content /Users/justingardner/Library/Developer/Xcode/DerivedData/books-fpommwulutefkublemohbizwfike/Build/Intermediates.noindex/books.build/Release-iphoneos/books.build/assetcatalog_generated_info.plist_unthinned --output /Users/justingardner/Library/Developer/Xcode/DerivedData/books-fpommwulutefkublemohbizwfike/Build/Products/Release-iphoneos/books.app --plist-output /Users/justingardner/Library/Developer/Xcode/DerivedData/books-fpommwulutefkublemohbizwfike/Build/Intermediates.noindex/books.build/Release-iphoneos/books.build/assetcatalog_generated_info.plist
note: Emplaced /Users/justingardner/Library/Developer/Xcode/DerivedData/books-fpommwulutefkublemohbizwfike/Build/Products/Release-iphoneos/books.app/AppIcon76x76@2x~ipad.png (in target 'books' from project 'books')
note: Emplaced /Users/justingardner/Library/Developer/Xcode/DerivedData/books-fpommwulutefkublemohbizwfike/Build/Products/Release-iphoneos/books.app/AppIcon60x60@2x.png (in target 'books' from project 'books')
note: Emplaced /Users/justingardner/Library/Developer/Xcode/DerivedData/books-fpommwulutefkublemohbizwfike/Build/Products/Release-iphoneos/books.app/Assets.car (in target 'books' from project 'books')

ProcessInfoPlistFile /Users/justingardner/Library/Developer/Xcode/DerivedData/books-fpommwulutefkublemohbizwfike/Build/Products/Release-iphoneos/books.app/Info.plist /Users/justingardner/Downloads/xcode/books_build2/books/Info.plist (in target 'books' from project 'books')
    cd /Users/justingardner/Downloads/xcode/books_build2
    builtin-infoPlistUtility /Users/justingardner/Downloads/xcode/books_build2/books/Info.plist -producttype com.apple.product-type.application -genpkginfo /Users/justingardner/Library/Developer/Xcode/DerivedData/books-fpommwulutefkublemohbizwfike/Build/Products/Release-iphoneos/books.app/PkgInfo -expandbuildsettings -format binary -platform iphoneos -additionalcontentfile /Users/justingardner/Library/Developer/Xcode/DerivedData/books-fpommwulutefkublemohbizwfike/Build/Intermediates.noindex/books.build/Release-iphoneos/books.build/assetcatalog_generated_info.plist -requiredArchitecture arm64 -o /Users/justingardner/Library/Developer/Xcode/DerivedData/books-fpommwulutefkublemohbizwfike/Build/Products/Release-iphoneos/books.app/Info.plist

SwiftDriverJobDiscovery normal arm64 Compiling GenreBreakdownChartView.swift, DataValidationService.swift, PageInputView.swift, ThemeMigrationHelper.swift, HapticFeedbackManager.swift, SettingsView.swift, CulturalSelections.swift, EditBookView.swift, MonthlyReadsChartView.swift, DuplicateDetection.swift, QuickFilterBar.swift, ImageCache.swift, StatsView.swift, ImportModels.swift, SearchResultDetailView.swift, QuickRatingView.swift, ImportStateManager.swift, ThemePickerView.swift, UserBook.swift, Color+Extensions.swift, LibraryResetViewModel.swift, RatingGestureModifier.swift, SharedModifiers.swift, BookCoverImage.swift, LibraryResetService.swift, ColumnMappingView.swift, UIColor+Luminance.swift, SharedComponents.swift, StatusBarBackgroundModifier.swift, BookRowView.swift, LiveActivityManager.swift, NavigationDestinations.swift, BackgroundImportCoordinator.swift, CSVImportView.swift, SupportingViews.swift, Theme.swift, CulturalSelectionPickers.swift, PerformanceMonitor.swift, BackgroundTaskManager.swift, ImportPreviewView.swift, ReadingGoalsManager.swift, ThemePreviewCard.swift, Theme+Variants.swift, DataQualityIndicator.swift, RateLimiter.swift, iCloudLoginView.swift, BookSearchService.swift, ThemeAwareModifier.swift, GoalProgressRing.swift, SimpleISBNLookupService.swift, CloudKitManager.swift, ContentView.swift, BackgroundImportProgressIndicator.swift, GoalSettingsView.swift, LibraryResetConfirmationView.swift, ConcurrentImportConfig.swift, CulturalDiversityView.swift, BookCardView.swift, UnifiedBookComponents.swift, booksApp.swift, BarcodeScanner.swift, ImportCompletionBanner.swift, ThemeStore.swift, CSVImportService.swift, LibraryView.swift, AuthorSearchResultsView.swift, CSVParser.swift, LibraryFilterView.swift, DataMigrationManager.swift, SearchView.swift, BookMetadata.swift, BookDetailsView.swift, GeneratedAssetSymbols.swift (in target 'books' from project 'books')

SwiftDriver\ Compilation\ Requirements books normal arm64 com.apple.xcode.tools.swift.compiler (in target 'books' from project 'books')
    cd /Users/justingardner/Downloads/xcode/books_build2
    builtin-Swift-Compilation-Requirements -- /Applications/Xcode.app/Contents/Developer/Toolchains/XcodeDefault.xctoolchain/usr/bin/swiftc -module-name books -O -whole-module-optimization -enforce-exclusivity\=checked @/Users/justingardner/Library/Developer/Xcode/DerivedData/books-fpommwulutefkublemohbizwfike/Build/Intermediates.noindex/books.build/Release-iphoneos/books.build/Objects-normal/arm64/books.SwiftFileList -enable-bare-slash-regex -enable-experimental-feature DebugDescriptionMacro -sdk /Applications/Xcode.app/Contents/Developer/Platforms/iPhoneOS.platform/Developer/SDKs/iPhoneOS18.5.sdk -target arm64-apple-ios18.0 -g -module-cache-path /Users/justingardner/Library/Developer/Xcode/DerivedData/ModuleCache.noindex -Xfrontend -serialize-debugging-options -profile-coverage-mapping -profile-generate -swift-version 5 -I /Users/justingardner/Library/Developer/Xcode/DerivedData/books-fpommwulutefkublemohbizwfike/Build/Products/Release-iphoneos -F /Users/justingardner/Library/Developer/Xcode/DerivedData/books-fpommwulutefkublemohbizwfike/Build/Products/Release-iphoneos -emit-localized-strings -emit-localized-strings-path /Users/justingardner/Library/Developer/Xcode/DerivedData/books-fpommwulutefkublemohbizwfike/Build/Intermediates.noindex/books.build/Release-iphoneos/books.build/Objects-normal/arm64 -c -num-threads 12 -Xcc -ivfsstatcache -Xcc /Users/justingardner/Library/Developer/Xcode/DerivedData/SDKStatCaches.noindex/iphoneos18.5-22F76-7fa4eea80a99bbfdc046826b63ec4baf.sdkstatcache -output-file-map /Users/justingardner/Library/Developer/Xcode/DerivedData/books-fpommwulutefkublemohbizwfike/Build/Intermediates.noindex/books.build/Release-iphoneos/books.build/Objects-normal/arm64/books-OutputFileMap.json -use-frontend-parseable-output -save-temps -no-color-diagnostics -serialize-diagnostics -emit-dependencies -emit-module -emit-module-path /Users/justingardner/Library/Developer/Xcode/DerivedData/books-fpommwulutefkublemohbizwfike/Build/Intermediates.noindex/books.build/Release-iphoneos/books.build/Objects-normal/arm64/books.swiftmodule -validate-clang-modules-once -clang-build-session-file /Users/justingardner/Library/Developer/Xcode/DerivedData/ModuleCache.noindex/Session.modulevalidation -Xcc -I/Users/justingardner/Library/Developer/Xcode/DerivedData/books-fpommwulutefkublemohbizwfike/Build/Intermediates.noindex/books.build/Release-iphoneos/books.build/swift-overrides.hmap -emit-const-values -Xfrontend -const-gather-protocols-file -Xfrontend /Users/justingardner/Library/Developer/Xcode/DerivedData/books-fpommwulutefkublemohbizwfike/Build/Intermediates.noindex/books.build/Release-iphoneos/books.build/Objects-normal/arm64/books_const_extract_protocols.json -Xcc -iquote -Xcc /Users/justingardner/Library/Developer/Xcode/DerivedData/books-fpommwulutefkublemohbizwfike/Build/Intermediates.noindex/books.build/Release-iphoneos/books.build/books-generated-files.hmap -Xcc -I/Users/justingardner/Library/Developer/Xcode/DerivedData/books-fpommwulutefkublemohbizwfike/Build/Intermediates.noindex/books.build/Release-iphoneos/books.build/books-own-target-headers.hmap -Xcc -I/Users/justingardner/Library/Developer/Xcode/DerivedData/books-fpommwulutefkublemohbizwfike/Build/Intermediates.noindex/books.build/Release-iphoneos/books.build/books-all-target-headers.hmap -Xcc -iquote -Xcc /Users/justingardner/Library/Developer/Xcode/DerivedData/books-fpommwulutefkublemohbizwfike/Build/Intermediates.noindex/books.build/Release-iphoneos/books.build/books-project-headers.hmap -Xcc -I/Users/justingardner/Library/Developer/Xcode/DerivedData/books-fpommwulutefkublemohbizwfike/Build/Products/Release-iphoneos/include -Xcc -I/Users/justingardner/Library/Developer/Xcode/DerivedData/books-fpommwulutefkublemohbizwfike/Build/Intermediates.noindex/books.build/Release-iphoneos/books.build/DerivedSources-normal/arm64 -Xcc -I/Users/justingardner/Library/Developer/Xcode/DerivedData/books-fpommwulutefkublemohbizwfike/Build/Intermediates.noindex/books.build/Release-iphoneos/books.build/DerivedSources/arm64 -Xcc -I/Users/justingardner/Library/Developer/Xcode/DerivedData/books-fpommwulutefkublemohbizwfike/Build/Intermediates.noindex/books.build/Release-iphoneos/books.build/DerivedSources -emit-objc-header -emit-objc-header-path /Users/justingardner/Library/Developer/Xcode/DerivedData/books-fpommwulutefkublemohbizwfike/Build/Intermediates.noindex/books.build/Release-iphoneos/books.build/Objects-normal/arm64/books-Swift.h -working-directory /Users/justingardner/Downloads/xcode/books_build2 -no-emit-module-separately-wmo

SwiftMergeGeneratedHeaders /Users/justingardner/Library/Developer/Xcode/DerivedData/books-fpommwulutefkublemohbizwfike/Build/Intermediates.noindex/books.build/Release-iphoneos/books.build/DerivedSources/books-Swift.h /Users/justingardner/Library/Developer/Xcode/DerivedData/books-fpommwulutefkublemohbizwfike/Build/Intermediates.noindex/books.build/Release-iphoneos/books.build/Objects-normal/arm64/books-Swift.h (in target 'books' from project 'books')
    cd /Users/justingardner/Downloads/xcode/books_build2
    builtin-swiftHeaderTool -arch arm64 /Users/justingardner/Library/Developer/Xcode/DerivedData/books-fpommwulutefkublemohbizwfike/Build/Intermediates.noindex/books.build/Release-iphoneos/books.build/Objects-normal/arm64/books-Swift.h -o /Users/justingardner/Library/Developer/Xcode/DerivedData/books-fpommwulutefkublemohbizwfike/Build/Intermediates.noindex/books.build/Release-iphoneos/books.build/DerivedSources/books-Swift.h

Copy /Users/justingardner/Library/Developer/Xcode/DerivedData/books-fpommwulutefkublemohbizwfike/Build/Products/Release-iphoneos/books.swiftmodule/arm64-apple-ios.swiftmodule /Users/justingardner/Library/Developer/Xcode/DerivedData/books-fpommwulutefkublemohbizwfike/Build/Intermediates.noindex/books.build/Release-iphoneos/books.build/Objects-normal/arm64/books.swiftmodule (in target 'books' from project 'books')
    cd /Users/justingardner/Downloads/xcode/books_build2
    builtin-copy -exclude .DS_Store -exclude CVS -exclude .svn -exclude .git -exclude .hg -resolve-src-symlinks -rename /Users/justingardner/Library/Developer/Xcode/DerivedData/books-fpommwulutefkublemohbizwfike/Build/Intermediates.noindex/books.build/Release-iphoneos/books.build/Objects-normal/arm64/books.swiftmodule /Users/justingardner/Library/Developer/Xcode/DerivedData/books-fpommwulutefkublemohbizwfike/Build/Products/Release-iphoneos/books.swiftmodule/arm64-apple-ios.swiftmodule

Copy /Users/justingardner/Library/Developer/Xcode/DerivedData/books-fpommwulutefkublemohbizwfike/Build/Products/Release-iphoneos/books.swiftmodule/arm64-apple-ios.swiftdoc /Users/justingardner/Library/Developer/Xcode/DerivedData/books-fpommwulutefkublemohbizwfike/Build/Intermediates.noindex/books.build/Release-iphoneos/books.build/Objects-normal/arm64/books.swiftdoc (in target 'books' from project 'books')
    cd /Users/justingardner/Downloads/xcode/books_build2
    builtin-copy -exclude .DS_Store -exclude CVS -exclude .svn -exclude .git -exclude .hg -resolve-src-symlinks -rename /Users/justingardner/Library/Developer/Xcode/DerivedData/books-fpommwulutefkublemohbizwfike/Build/Intermediates.noindex/books.build/Release-iphoneos/books.build/Objects-normal/arm64/books.swiftdoc /Users/justingardner/Library/Developer/Xcode/DerivedData/books-fpommwulutefkublemohbizwfike/Build/Products/Release-iphoneos/books.swiftmodule/arm64-apple-ios.swiftdoc

Copy /Users/justingardner/Library/Developer/Xcode/DerivedData/books-fpommwulutefkublemohbizwfike/Build/Products/Release-iphoneos/books.swiftmodule/arm64-apple-ios.abi.json /Users/justingardner/Library/Developer/Xcode/DerivedData/books-fpommwulutefkublemohbizwfike/Build/Intermediates.noindex/books.build/Release-iphoneos/books.build/Objects-normal/arm64/books.abi.json (in target 'books' from project 'books')
    cd /Users/justingardner/Downloads/xcode/books_build2
    builtin-copy -exclude .DS_Store -exclude CVS -exclude .svn -exclude .git -exclude .hg -resolve-src-symlinks -rename /Users/justingardner/Library/Developer/Xcode/DerivedData/books-fpommwulutefkublemohbizwfike/Build/Intermediates.noindex/books.build/Release-iphoneos/books.build/Objects-normal/arm64/books.abi.json /Users/justingardner/Library/Developer/Xcode/DerivedData/books-fpommwulutefkublemohbizwfike/Build/Products/Release-iphoneos/books.swiftmodule/arm64-apple-ios.abi.json

Copy /Users/justingardner/Library/Developer/Xcode/DerivedData/books-fpommwulutefkublemohbizwfike/Build/Products/Release-iphoneos/books.swiftmodule/Project/arm64-apple-ios.swiftsourceinfo /Users/justingardner/Library/Developer/Xcode/DerivedData/books-fpommwulutefkublemohbizwfike/Build/Intermediates.noindex/books.build/Release-iphoneos/books.build/Objects-normal/arm64/books.swiftsourceinfo (in target 'books' from project 'books')
    cd /Users/justingardner/Downloads/xcode/books_build2
    builtin-copy -exclude .DS_Store -exclude CVS -exclude .svn -exclude .git -exclude .hg -resolve-src-symlinks -rename /Users/justingardner/Library/Developer/Xcode/DerivedData/books-fpommwulutefkublemohbizwfike/Build/Intermediates.noindex/books.build/Release-iphoneos/books.build/Objects-normal/arm64/books.swiftsourceinfo /Users/justingardner/Library/Developer/Xcode/DerivedData/books-fpommwulutefkublemohbizwfike/Build/Products/Release-iphoneos/books.swiftmodule/Project/arm64-apple-ios.swiftsourceinfo

Ld /Users/justingardner/Library/Developer/Xcode/DerivedData/books-fpommwulutefkublemohbizwfike/Build/Products/Release-iphoneos/books.app/books normal (in target 'books' from project 'books')
    cd /Users/justingardner/Downloads/xcode/books_build2
    /Applications/Xcode.app/Contents/Developer/Toolchains/XcodeDefault.xctoolchain/usr/bin/clang -Xlinker -reproducible -target arm64-apple-ios18.0 -isysroot /Applications/Xcode.app/Contents/Developer/Platforms/iPhoneOS.platform/Developer/SDKs/iPhoneOS18.5.sdk -Os -L/Users/justingardner/Library/Developer/Xcode/DerivedData/books-fpommwulutefkublemohbizwfike/Build/Intermediates.noindex/EagerLinkingTBDs/Release-iphoneos -L/Users/justingardner/Library/Developer/Xcode/DerivedData/books-fpommwulutefkublemohbizwfike/Build/Products/Release-iphoneos -F/Users/justingardner/Library/Developer/Xcode/DerivedData/books-fpommwulutefkublemohbizwfike/Build/Intermediates.noindex/EagerLinkingTBDs/Release-iphoneos -F/Users/justingardner/Library/Developer/Xcode/DerivedData/books-fpommwulutefkublemohbizwfike/Build/Products/Release-iphoneos -filelist /Users/justingardner/Library/Developer/Xcode/DerivedData/books-fpommwulutefkublemohbizwfike/Build/Intermediates.noindex/books.build/Release-iphoneos/books.build/Objects-normal/arm64/books.LinkFileList -Xlinker -rpath -Xlinker @executable_path/Frameworks -dead_strip -Xlinker -object_path_lto -Xlinker /Users/justingardner/Library/Developer/Xcode/DerivedData/books-fpommwulutefkublemohbizwfike/Build/Intermediates.noindex/books.build/Release-iphoneos/books.build/Objects-normal/arm64/books_lto.o -Xlinker -debug_variant -Xlinker -dependency_info -Xlinker /Users/justingardner/Library/Developer/Xcode/DerivedData/books-fpommwulutefkublemohbizwfike/Build/Intermediates.noindex/books.build/Release-iphoneos/books.build/Objects-normal/arm64/books_dependency_info.dat -fobjc-link-runtime -fprofile-instr-generate -L/Applications/Xcode.app/Contents/Developer/Toolchains/XcodeDefault.xctoolchain/usr/lib/swift/iphoneos -L/usr/lib/swift -Xlinker -add_ast_path -Xlinker /Users/justingardner/Library/Developer/Xcode/DerivedData/books-fpommwulutefkublemohbizwfike/Build/Intermediates.noindex/books.build/Release-iphoneos/books.build/Objects-normal/arm64/books.swiftmodule -framework UIKit -framework CloudKit -o /Users/justingardner/Library/Developer/Xcode/DerivedData/books-fpommwulutefkublemohbizwfike/Build/Products/Release-iphoneos/books.app/books

CopySwiftLibs /Users/justingardner/Library/Developer/Xcode/DerivedData/books-fpommwulutefkublemohbizwfike/Build/Products/Release-iphoneos/books.app (in target 'books' from project 'books')
    cd /Users/justingardner/Downloads/xcode/books_build2
    builtin-swiftStdLibTool --copy --verbose --scan-executable /Users/justingardner/Library/Developer/Xcode/DerivedData/books-fpommwulutefkublemohbizwfike/Build/Products/Release-iphoneos/books.app/books --scan-folder /Users/justingardner/Library/Developer/Xcode/DerivedData/books-fpommwulutefkublemohbizwfike/Build/Products/Release-iphoneos/books.app/Frameworks --scan-folder /Users/justingardner/Library/Developer/Xcode/DerivedData/books-fpommwulutefkublemohbizwfike/Build/Products/Release-iphoneos/books.app/PlugIns --scan-folder /Users/justingardner/Library/Developer/Xcode/DerivedData/books-fpommwulutefkublemohbizwfike/Build/Products/Release-iphoneos/books.app/SystemExtensions --scan-folder /Users/justingardner/Library/Developer/Xcode/DerivedData/books-fpommwulutefkublemohbizwfike/Build/Products/Release-iphoneos/books.app/Extensions --scan-folder /Applications/Xcode.app/Contents/Developer/Platforms/iPhoneOS.platform/Developer/SDKs/iPhoneOS18.5.sdk/System/Library/Frameworks/UIKit.framework --scan-folder /Applications/Xcode.app/Contents/Developer/Platforms/iPhoneOS.platform/Developer/SDKs/iPhoneOS18.5.sdk/System/Library/Frameworks/CloudKit.framework --platform iphoneos --toolchain /Applications/Xcode.app/Contents/Developer/Toolchains/XcodeDefault.xctoolchain --destination /Users/justingardner/Library/Developer/Xcode/DerivedData/books-fpommwulutefkublemohbizwfike/Build/Products/Release-iphoneos/books.app/Frameworks --strip-bitcode --strip-bitcode-tool /Applications/Xcode.app/Contents/Developer/Toolchains/XcodeDefault.xctoolchain/usr/bin/bitcode_strip --emit-dependency-info /Users/justingardner/Library/Developer/Xcode/DerivedData/books-fpommwulutefkublemohbizwfike/Build/Intermediates.noindex/books.build/Release-iphoneos/books.build/SwiftStdLibToolInputDependencies.dep --filter-for-swift-os
Ignoring --strip-bitcode because --sign was not passed

ExtractAppIntentsMetadata (in target 'books' from project 'books')
    cd /Users/justingardner/Downloads/xcode/books_build2
    /Applications/Xcode.app/Contents/Developer/Toolchains/XcodeDefault.xctoolchain/usr/bin/appintentsmetadataprocessor --toolchain-dir /Applications/Xcode.app/Contents/Developer/Toolchains/XcodeDefault.xctoolchain --module-name books --sdk-root /Applications/Xcode.app/Contents/Developer/Platforms/iPhoneOS.platform/Developer/SDKs/iPhoneOS18.5.sdk --xcode-version 16F6 --platform-family iOS --deployment-target 18.0 --bundle-identifier Z67H8Y8DW.com.oooefam.booksV3 --output /Users/justingardner/Library/Developer/Xcode/DerivedData/books-fpommwulutefkublemohbizwfike/Build/Products/Release-iphoneos/books.app --target-triple arm64-apple-ios18.0 --binary-file /Users/justingardner/Library/Developer/Xcode/DerivedData/books-fpommwulutefkublemohbizwfike/Build/Products/Release-iphoneos/books.app/books --dependency-file /Users/justingardner/Library/Developer/Xcode/DerivedData/books-fpommwulutefkublemohbizwfike/Build/Intermediates.noindex/books.build/Release-iphoneos/books.build/Objects-normal/arm64/books_dependency_info.dat --stringsdata-file /Users/justingardner/Library/Developer/Xcode/DerivedData/books-fpommwulutefkublemohbizwfike/Build/Intermediates.noindex/books.build/Release-iphoneos/books.build/Objects-normal/arm64/ExtractedAppShortcutsMetadata.stringsdata --source-file-list /Users/justingardner/Library/Developer/Xcode/DerivedData/books-fpommwulutefkublemohbizwfike/Build/Intermediates.noindex/books.build/Release-iphoneos/books.build/Objects-normal/arm64/books.SwiftFileList --metadata-file-list /Users/justingardner/Library/Developer/Xcode/DerivedData/books-fpommwulutefkublemohbizwfike/Build/Intermediates.noindex/books.build/Release-iphoneos/books.build/books.DependencyMetadataFileList --static-metadata-file-list /Users/justingardner/Library/Developer/Xcode/DerivedData/books-fpommwulutefkublemohbizwfike/Build/Intermediates.noindex/books.build/Release-iphoneos/books.build/books.DependencyStaticMetadataFileList --swift-const-vals-list /Users/justingardner/Library/Developer/Xcode/DerivedData/books-fpommwulutefkublemohbizwfike/Build/Intermediates.noindex/books.build/Release-iphoneos/books.build/Objects-normal/arm64/books.SwiftConstValuesFileList --compile-time-extraction --deployment-aware-processing --validate-assistant-intents --no-app-shortcuts-localization
2025-08-13 09:16:24.855 appintentsmetadataprocessor[91227:9403559] Starting appintentsmetadataprocessor export
2025-08-13 09:16:24.856 appintentsmetadataprocessor[91227:9403559] warning: Metadata extraction skipped. No AppIntents.framework dependency found.

GenerateDSYMFile /Users/justingardner/Library/Developer/Xcode/DerivedData/books-fpommwulutefkublemohbizwfike/Build/Products/Release-iphoneos/books.app.dSYM /Users/justingardner/Library/Developer/Xcode/DerivedData/books-fpommwulutefkublemohbizwfike/Build/Products/Release-iphoneos/books.app/books (in target 'books' from project 'books')
    cd /Users/justingardner/Downloads/xcode/books_build2
    /Applications/Xcode.app/Contents/Developer/Toolchains/XcodeDefault.xctoolchain/usr/bin/dsymutil /Users/justingardner/Library/Developer/Xcode/DerivedData/books-fpommwulutefkublemohbizwfike/Build/Products/Release-iphoneos/books.app/books -o /Users/justingardner/Library/Developer/Xcode/DerivedData/books-fpommwulutefkublemohbizwfike/Build/Products/Release-iphoneos/books.app.dSYM

AppIntentsSSUTraining (in target 'books' from project 'books')
    cd /Users/justingardner/Downloads/xcode/books_build2
    /Applications/Xcode.app/Contents/Developer/Toolchains/XcodeDefault.xctoolchain/usr/bin/appintentsnltrainingprocessor --infoplist-path /Users/justingardner/Library/Developer/Xcode/DerivedData/books-fpommwulutefkublemohbizwfike/Build/Products/Release-iphoneos/books.app/Info.plist --temp-dir-path /Users/justingardner/Library/Developer/Xcode/DerivedData/books-fpommwulutefkublemohbizwfike/Build/Intermediates.noindex/books.build/Release-iphoneos/books.build/ssu --bundle-id Z67H8Y8DW.com.oooefam.booksV3 --product-path /Users/justingardner/Library/Developer/Xcode/DerivedData/books-fpommwulutefkublemohbizwfike/Build/Products/Release-iphoneos/books.app --extracted-metadata-path /Users/justingardner/Library/Developer/Xcode/DerivedData/books-fpommwulutefkublemohbizwfike/Build/Products/Release-iphoneos/books.app/Metadata.appintents --metadata-file-list /Users/justingardner/Library/Developer/Xcode/DerivedData/books-fpommwulutefkublemohbizwfike/Build/Intermediates.noindex/books.build/Release-iphoneos/books.build/books.DependencyMetadataFileList --archive-ssu-assets
2025-08-13 09:16:24.871 appintentsnltrainingprocessor[91229:9403562] Parsing options for appintentsnltrainingprocessor
2025-08-13 09:16:24.871 appintentsnltrainingprocessor[91229:9403562] No AppShortcuts found - Skipping.

RegisterExecutionPolicyException /Users/justingardner/Library/Developer/Xcode/DerivedData/books-fpommwulutefkublemohbizwfike/Build/Products/Release-iphoneos/books.app (in target 'books' from project 'books')
    cd /Users/justingardner/Downloads/xcode/books_build2
    builtin-RegisterExecutionPolicyException /Users/justingardner/Library/Developer/Xcode/DerivedData/books-fpommwulutefkublemohbizwfike/Build/Products/Release-iphoneos/books.app

Validate /Users/justingardner/Library/Developer/Xcode/DerivedData/books-fpommwulutefkublemohbizwfike/Build/Products/Release-iphoneos/books.app (in target 'books' from project 'books')
    cd /Users/justingardner/Downloads/xcode/books_build2
    builtin-validationUtility /Users/justingardner/Library/Developer/Xcode/DerivedData/books-fpommwulutefkublemohbizwfike/Build/Products/Release-iphoneos/books.app -validate-for-store -infoplist-subpath Info.plist

Touch /Users/justingardner/Library/Developer/Xcode/DerivedData/books-fpommwulutefkublemohbizwfike/Build/Products/Release-iphoneos/books.app (in target 'books' from project 'books')
    cd /Users/justingardner/Downloads/xcode/books_build2
    /usr/bin/touch -c /Users/justingardner/Library/Developer/Xcode/DerivedData/books-fpommwulutefkublemohbizwfike/Build/Products/Release-iphoneos/books.app

note: Disabling previews because SWIFT_VERSION is set and SWIFT_OPTIMIZATION_LEVEL=-O, expected -Onone (in target 'books' from project 'books')
** BUILD SUCCEEDED **

