Command line invocation:
    /Applications/Xcode.app/Contents/Developer/usr/bin/xcodebuild -scheme books -project /Users/justingardner/Downloads/Xcode/books_build2/books.xcodeproj -destination "platform=iOS Simulator,id=C1463CC7-4EE6-4F97-BD44-99E9286B5BC4" -configuration Debug CODE_SIGNING_ALLOWED=NO -enableCodeCoverage YES test

Build settings from command line:
    CODE_SIGNING_ALLOWED = NO

ComputePackagePrebuildTargetDependencyGraph

Prepare packages

CreateBuildRequest

SendProjectDescription

CreateBuildOperation

ComputeTargetDependencyGraph
note: Building targets in dependency order
note: Target dependency graph (3 targets)
    Target 'booksUITests' in project 'books'
        ➜ Explicit dependency on target 'books' in project 'books'
    Target 'booksTests' in project 'books'
        ➜ Explicit dependency on target 'books' in project 'books'
    Target 'books' in project 'books' (no dependencies)

GatherProvisioningInputs

CreateBuildDescription

ExecuteExternalTool /Applications/Xcode.app/Contents/Developer/Toolchains/XcodeDefault.xctoolchain/usr/bin/clang -v -E -dM -isysroot /Applications/Xcode.app/Contents/Developer/Platforms/iPhoneSimulator.platform/Developer/SDKs/iPhoneSimulator18.5.sdk -x c -c /dev/null

ExecuteExternalTool /Applications/Xcode.app/Contents/Developer/Toolchains/XcodeDefault.xctoolchain/usr/bin/swiftc --version

ExecuteExternalTool /Applications/Xcode.app/Contents/Developer/usr/bin/actool --print-asset-tag-combinations --output-format xml1 /Users/justingardner/Downloads/xcode/books_build2/books/Assets.xcassets

ExecuteExternalTool /Applications/Xcode.app/Contents/Developer/usr/bin/actool --version --output-format xml1

ExecuteExternalTool /Applications/Xcode.app/Contents/Developer/Toolchains/XcodeDefault.xctoolchain/usr/bin/ld -version_details

Build description signature: 357136467d451635ed9f5324fbd5f6ed
Build description path: /Users/justingardner/Library/Developer/Xcode/DerivedData/books-fpommwulutefkublemohbizwfike/Build/Intermediates.noindex/XCBuildData/357136467d451635ed9f5324fbd5f6ed.xcbuilddata
ClangStatCache /Applications/Xcode.app/Contents/Developer/Toolchains/XcodeDefault.xctoolchain/usr/bin/clang-stat-cache /Applications/Xcode.app/Contents/Developer/Platforms/iPhoneSimulator.platform/Developer/SDKs/iPhoneSimulator18.5.sdk /Users/justingardner/Library/Developer/Xcode/DerivedData/SDKStatCaches.noindex/iphonesimulator18.5-22F76-d5fc8ad4295d2ef488fb7d0f804ce0c4.sdkstatcache
    cd /Users/justingardner/Downloads/xcode/books_build2/books.xcodeproj
    /Applications/Xcode.app/Contents/Developer/Toolchains/XcodeDefault.xctoolchain/usr/bin/clang-stat-cache /Applications/Xcode.app/Contents/Developer/Platforms/iPhoneSimulator.platform/Developer/SDKs/iPhoneSimulator18.5.sdk -o /Users/justingardner/Library/Developer/Xcode/DerivedData/SDKStatCaches.noindex/iphonesimulator18.5-22F76-d5fc8ad4295d2ef488fb7d0f804ce0c4.sdkstatcache

CreateBuildDirectory /Users/justingardner/Library/Developer/Xcode/DerivedData/books-fpommwulutefkublemohbizwfike/Build/Products/Debug-iphonesimulator
    cd /Users/justingardner/Downloads/xcode/books_build2/books.xcodeproj
    builtin-create-build-directory /Users/justingardner/Library/Developer/Xcode/DerivedData/books-fpommwulutefkublemohbizwfike/Build/Products/Debug-iphonesimulator

CreateBuildDirectory /Users/justingardner/Library/Developer/Xcode/DerivedData/books-fpommwulutefkublemohbizwfike/Build/Intermediates.noindex/EagerLinkingTBDs/Debug-iphonesimulator
    cd /Users/justingardner/Downloads/xcode/books_build2/books.xcodeproj
    builtin-create-build-directory /Users/justingardner/Library/Developer/Xcode/DerivedData/books-fpommwulutefkublemohbizwfike/Build/Intermediates.noindex/EagerLinkingTBDs/Debug-iphonesimulator

WriteAuxiliaryFile /Users/justingardner/Library/Developer/Xcode/DerivedData/books-fpommwulutefkublemohbizwfike/Build/Intermediates.noindex/books.build/Debug-iphonesimulator/books-0ac665b8ce6cc2f0db467e8060d4fbf4-VFS-iphonesimulator/all-product-headers.yaml
    cd /Users/justingardner/Downloads/xcode/books_build2/books.xcodeproj
    write-file /Users/justingardner/Library/Developer/Xcode/DerivedData/books-fpommwulutefkublemohbizwfike/Build/Intermediates.noindex/books.build/Debug-iphonesimulator/books-0ac665b8ce6cc2f0db467e8060d4fbf4-VFS-iphonesimulator/all-product-headers.yaml

WriteAuxiliaryFile /Users/justingardner/Library/Developer/Xcode/DerivedData/books-fpommwulutefkublemohbizwfike/Build/Intermediates.noindex/books.build/Debug-iphonesimulator/booksUITests.build/booksUITests-project-headers.hmap (in target 'booksUITests' from project 'books')
    cd /Users/justingardner/Downloads/xcode/books_build2
    write-file /Users/justingardner/Library/Developer/Xcode/DerivedData/books-fpommwulutefkublemohbizwfike/Build/Intermediates.noindex/books.build/Debug-iphonesimulator/booksUITests.build/booksUITests-project-headers.hmap

WriteAuxiliaryFile /Users/justingardner/Library/Developer/Xcode/DerivedData/books-fpommwulutefkublemohbizwfike/Build/Intermediates.noindex/books.build/Debug-iphonesimulator/booksUITests.build/booksUITests.hmap (in target 'booksUITests' from project 'books')
    cd /Users/justingardner/Downloads/xcode/books_build2
    write-file /Users/justingardner/Library/Developer/Xcode/DerivedData/books-fpommwulutefkublemohbizwfike/Build/Intermediates.noindex/books.build/Debug-iphonesimulator/booksUITests.build/booksUITests.hmap

WriteAuxiliaryFile /Users/justingardner/Library/Developer/Xcode/DerivedData/books-fpommwulutefkublemohbizwfike/Build/Intermediates.noindex/books.build/Debug-iphonesimulator/booksUITests.build/booksUITests-own-target-headers.hmap (in target 'booksUITests' from project 'books')
    cd /Users/justingardner/Downloads/xcode/books_build2
    write-file /Users/justingardner/Library/Developer/Xcode/DerivedData/books-fpommwulutefkublemohbizwfike/Build/Intermediates.noindex/books.build/Debug-iphonesimulator/booksUITests.build/booksUITests-own-target-headers.hmap

WriteAuxiliaryFile /Users/justingardner/Library/Developer/Xcode/DerivedData/books-fpommwulutefkublemohbizwfike/Build/Intermediates.noindex/books.build/Debug-iphonesimulator/booksUITests.build/booksUITests-generated-files.hmap (in target 'booksUITests' from project 'books')
    cd /Users/justingardner/Downloads/xcode/books_build2
    write-file /Users/justingardner/Library/Developer/Xcode/DerivedData/books-fpommwulutefkublemohbizwfike/Build/Intermediates.noindex/books.build/Debug-iphonesimulator/booksUITests.build/booksUITests-generated-files.hmap

WriteAuxiliaryFile /Users/justingardner/Library/Developer/Xcode/DerivedData/books-fpommwulutefkublemohbizwfike/Build/Intermediates.noindex/books.build/Debug-iphonesimulator/booksUITests.build/ProductTypeInfoPlistAdditions.plist (in target 'booksUITests' from project 'books')
    cd /Users/justingardner/Downloads/xcode/books_build2
    write-file /Users/justingardner/Library/Developer/Xcode/DerivedData/books-fpommwulutefkublemohbizwfike/Build/Intermediates.noindex/books.build/Debug-iphonesimulator/booksUITests.build/ProductTypeInfoPlistAdditions.plist

WriteAuxiliaryFile /Users/justingardner/Library/Developer/Xcode/DerivedData/books-fpommwulutefkublemohbizwfike/Build/Intermediates.noindex/books.build/Debug-iphonesimulator/booksUITests.build/empty-booksUITests.plist (in target 'booksUITests' from project 'books')
    cd /Users/justingardner/Downloads/xcode/books_build2
    write-file /Users/justingardner/Library/Developer/Xcode/DerivedData/books-fpommwulutefkublemohbizwfike/Build/Intermediates.noindex/books.build/Debug-iphonesimulator/booksUITests.build/empty-booksUITests.plist

WriteAuxiliaryFile /Users/justingardner/Library/Developer/Xcode/DerivedData/books-fpommwulutefkublemohbizwfike/Build/Intermediates.noindex/books.build/Debug-iphonesimulator/booksUITests.build/booksUITests-all-target-headers.hmap (in target 'booksUITests' from project 'books')
    cd /Users/justingardner/Downloads/xcode/books_build2
    write-file /Users/justingardner/Library/Developer/Xcode/DerivedData/books-fpommwulutefkublemohbizwfike/Build/Intermediates.noindex/books.build/Debug-iphonesimulator/booksUITests.build/booksUITests-all-target-headers.hmap

WriteAuxiliaryFile /Users/justingardner/Library/Developer/Xcode/DerivedData/books-fpommwulutefkublemohbizwfike/Build/Intermediates.noindex/books.build/Debug-iphonesimulator/booksUITests.build/booksUITests-all-non-framework-target-headers.hmap (in target 'booksUITests' from project 'books')
    cd /Users/justingardner/Downloads/xcode/books_build2
    write-file /Users/justingardner/Library/Developer/Xcode/DerivedData/books-fpommwulutefkublemohbizwfike/Build/Intermediates.noindex/books.build/Debug-iphonesimulator/booksUITests.build/booksUITests-all-non-framework-target-headers.hmap

WriteAuxiliaryFile /Users/justingardner/Library/Developer/Xcode/DerivedData/books-fpommwulutefkublemohbizwfike/Build/Intermediates.noindex/books.build/Debug-iphonesimulator/booksUITests.build/Objects-normal/arm64/booksUITests_const_extract_protocols.json (in target 'booksUITests' from project 'books')
    cd /Users/justingardner/Downloads/xcode/books_build2
    write-file /Users/justingardner/Library/Developer/Xcode/DerivedData/books-fpommwulutefkublemohbizwfike/Build/Intermediates.noindex/books.build/Debug-iphonesimulator/booksUITests.build/Objects-normal/arm64/booksUITests_const_extract_protocols.json

WriteAuxiliaryFile /Users/justingardner/Library/Developer/Xcode/DerivedData/books-fpommwulutefkublemohbizwfike/Build/Intermediates.noindex/books.build/Debug-iphonesimulator/booksUITests.build/Objects-normal/arm64/booksUITests-OutputFileMap.json (in target 'booksUITests' from project 'books')
    cd /Users/justingardner/Downloads/xcode/books_build2
    write-file /Users/justingardner/Library/Developer/Xcode/DerivedData/books-fpommwulutefkublemohbizwfike/Build/Intermediates.noindex/books.build/Debug-iphonesimulator/booksUITests.build/Objects-normal/arm64/booksUITests-OutputFileMap.json

MkDir /Users/justingardner/Library/Developer/Xcode/DerivedData/books-fpommwulutefkublemohbizwfike/Build/Products/Debug-iphonesimulator/booksUITests-Runner.app/PlugIns/booksUITests.xctest (in target 'booksUITests' from project 'books')
    cd /Users/justingardner/Downloads/xcode/books_build2
    /bin/mkdir -p /Users/justingardner/Library/Developer/Xcode/DerivedData/books-fpommwulutefkublemohbizwfike/Build/Products/Debug-iphonesimulator/booksUITests-Runner.app/PlugIns/booksUITests.xctest

WriteAuxiliaryFile /Users/justingardner/Library/Developer/Xcode/DerivedData/books-fpommwulutefkublemohbizwfike/Build/Intermediates.noindex/books.build/Debug-iphonesimulator/booksUITests.build/booksUITests.DependencyStaticMetadataFileList (in target 'booksUITests' from project 'books')
    cd /Users/justingardner/Downloads/xcode/books_build2
    write-file /Users/justingardner/Library/Developer/Xcode/DerivedData/books-fpommwulutefkublemohbizwfike/Build/Intermediates.noindex/books.build/Debug-iphonesimulator/booksUITests.build/booksUITests.DependencyStaticMetadataFileList

WriteAuxiliaryFile /Users/justingardner/Library/Developer/Xcode/DerivedData/books-fpommwulutefkublemohbizwfike/Build/Intermediates.noindex/books.build/Debug-iphonesimulator/booksUITests.build/booksUITests.DependencyMetadataFileList (in target 'booksUITests' from project 'books')
    cd /Users/justingardner/Downloads/xcode/books_build2
    write-file /Users/justingardner/Library/Developer/Xcode/DerivedData/books-fpommwulutefkublemohbizwfike/Build/Intermediates.noindex/books.build/Debug-iphonesimulator/booksUITests.build/booksUITests.DependencyMetadataFileList

WriteAuxiliaryFile /Users/justingardner/Library/Developer/Xcode/DerivedData/books-fpommwulutefkublemohbizwfike/Build/Intermediates.noindex/books.build/Debug-iphonesimulator/booksUITests.build/Objects-normal/arm64/booksUITests.SwiftFileList (in target 'booksUITests' from project 'books')
    cd /Users/justingardner/Downloads/xcode/books_build2
    write-file /Users/justingardner/Library/Developer/Xcode/DerivedData/books-fpommwulutefkublemohbizwfike/Build/Intermediates.noindex/books.build/Debug-iphonesimulator/booksUITests.build/Objects-normal/arm64/booksUITests.SwiftFileList

WriteAuxiliaryFile /Users/justingardner/Library/Developer/Xcode/DerivedData/books-fpommwulutefkublemohbizwfike/Build/Intermediates.noindex/books.build/Debug-iphonesimulator/booksUITests.build/Objects-normal/arm64/booksUITests.SwiftConstValuesFileList (in target 'booksUITests' from project 'books')
    cd /Users/justingardner/Downloads/xcode/books_build2
    write-file /Users/justingardner/Library/Developer/Xcode/DerivedData/books-fpommwulutefkublemohbizwfike/Build/Intermediates.noindex/books.build/Debug-iphonesimulator/booksUITests.build/Objects-normal/arm64/booksUITests.SwiftConstValuesFileList

WriteAuxiliaryFile /Users/justingardner/Library/Developer/Xcode/DerivedData/books-fpommwulutefkublemohbizwfike/Build/Intermediates.noindex/books.build/Debug-iphonesimulator/booksUITests.build/Objects-normal/arm64/booksUITests.LinkFileList (in target 'booksUITests' from project 'books')
    cd /Users/justingardner/Downloads/xcode/books_build2
    write-file /Users/justingardner/Library/Developer/Xcode/DerivedData/books-fpommwulutefkublemohbizwfike/Build/Intermediates.noindex/books.build/Debug-iphonesimulator/booksUITests.build/Objects-normal/arm64/booksUITests.LinkFileList

WriteAuxiliaryFile /Users/justingardner/Library/Developer/Xcode/DerivedData/books-fpommwulutefkublemohbizwfike/Build/Intermediates.noindex/books.build/Debug-iphonesimulator/booksTests.build/booksTests.DependencyMetadataFileList (in target 'booksTests' from project 'books')
    cd /Users/justingardner/Downloads/xcode/books_build2
    write-file /Users/justingardner/Library/Developer/Xcode/DerivedData/books-fpommwulutefkublemohbizwfike/Build/Intermediates.noindex/books.build/Debug-iphonesimulator/booksTests.build/booksTests.DependencyMetadataFileList

WriteAuxiliaryFile /Users/justingardner/Library/Developer/Xcode/DerivedData/books-fpommwulutefkublemohbizwfike/Build/Intermediates.noindex/books.build/Debug-iphonesimulator/booksTests.build/booksTests.hmap (in target 'booksTests' from project 'books')
    cd /Users/justingardner/Downloads/xcode/books_build2
    write-file /Users/justingardner/Library/Developer/Xcode/DerivedData/books-fpommwulutefkublemohbizwfike/Build/Intermediates.noindex/books.build/Debug-iphonesimulator/booksTests.build/booksTests.hmap

WriteAuxiliaryFile /Users/justingardner/Library/Developer/Xcode/DerivedData/books-fpommwulutefkublemohbizwfike/Build/Intermediates.noindex/books.build/Debug-iphonesimulator/booksTests.build/empty-booksTests.plist (in target 'booksTests' from project 'books')
    cd /Users/justingardner/Downloads/xcode/books_build2
    write-file /Users/justingardner/Library/Developer/Xcode/DerivedData/books-fpommwulutefkublemohbizwfike/Build/Intermediates.noindex/books.build/Debug-iphonesimulator/booksTests.build/empty-booksTests.plist

WriteAuxiliaryFile /Users/justingardner/Library/Developer/Xcode/DerivedData/books-fpommwulutefkublemohbizwfike/Build/Intermediates.noindex/books.build/Debug-iphonesimulator/booksTests.build/booksTests.DependencyStaticMetadataFileList (in target 'booksTests' from project 'books')
    cd /Users/justingardner/Downloads/xcode/books_build2
    write-file /Users/justingardner/Library/Developer/Xcode/DerivedData/books-fpommwulutefkublemohbizwfike/Build/Intermediates.noindex/books.build/Debug-iphonesimulator/booksTests.build/booksTests.DependencyStaticMetadataFileList

WriteAuxiliaryFile /Users/justingardner/Library/Developer/Xcode/DerivedData/books-fpommwulutefkublemohbizwfike/Build/Intermediates.noindex/books.build/Debug-iphonesimulator/booksTests.build/booksTests-project-headers.hmap (in target 'booksTests' from project 'books')
    cd /Users/justingardner/Downloads/xcode/books_build2
    write-file /Users/justingardner/Library/Developer/Xcode/DerivedData/books-fpommwulutefkublemohbizwfike/Build/Intermediates.noindex/books.build/Debug-iphonesimulator/booksTests.build/booksTests-project-headers.hmap

WriteAuxiliaryFile /Users/justingardner/Library/Developer/Xcode/DerivedData/books-fpommwulutefkublemohbizwfike/Build/Intermediates.noindex/books.build/Debug-iphonesimulator/booksTests.build/booksTests-own-target-headers.hmap (in target 'booksTests' from project 'books')
    cd /Users/justingardner/Downloads/xcode/books_build2
    write-file /Users/justingardner/Library/Developer/Xcode/DerivedData/books-fpommwulutefkublemohbizwfike/Build/Intermediates.noindex/books.build/Debug-iphonesimulator/booksTests.build/booksTests-own-target-headers.hmap

WriteAuxiliaryFile /Users/justingardner/Library/Developer/Xcode/DerivedData/books-fpommwulutefkublemohbizwfike/Build/Intermediates.noindex/books.build/Debug-iphonesimulator/booksTests.build/booksTests-generated-files.hmap (in target 'booksTests' from project 'books')
    cd /Users/justingardner/Downloads/xcode/books_build2
    write-file /Users/justingardner/Library/Developer/Xcode/DerivedData/books-fpommwulutefkublemohbizwfike/Build/Intermediates.noindex/books.build/Debug-iphonesimulator/booksTests.build/booksTests-generated-files.hmap

WriteAuxiliaryFile /Users/justingardner/Library/Developer/Xcode/DerivedData/books-fpommwulutefkublemohbizwfike/Build/Intermediates.noindex/books.build/Debug-iphonesimulator/booksTests.build/booksTests-all-target-headers.hmap (in target 'booksTests' from project 'books')
    cd /Users/justingardner/Downloads/xcode/books_build2
    write-file /Users/justingardner/Library/Developer/Xcode/DerivedData/books-fpommwulutefkublemohbizwfike/Build/Intermediates.noindex/books.build/Debug-iphonesimulator/booksTests.build/booksTests-all-target-headers.hmap

WriteAuxiliaryFile /Users/justingardner/Library/Developer/Xcode/DerivedData/books-fpommwulutefkublemohbizwfike/Build/Intermediates.noindex/books.build/Debug-iphonesimulator/booksTests.build/booksTests-all-non-framework-target-headers.hmap (in target 'booksTests' from project 'books')
    cd /Users/justingardner/Downloads/xcode/books_build2
    write-file /Users/justingardner/Library/Developer/Xcode/DerivedData/books-fpommwulutefkublemohbizwfike/Build/Intermediates.noindex/books.build/Debug-iphonesimulator/booksTests.build/booksTests-all-non-framework-target-headers.hmap

WriteAuxiliaryFile /Users/justingardner/Library/Developer/Xcode/DerivedData/books-fpommwulutefkublemohbizwfike/Build/Intermediates.noindex/books.build/Debug-iphonesimulator/booksTests.build/Objects-normal/arm64/booksTests_const_extract_protocols.json (in target 'booksTests' from project 'books')
    cd /Users/justingardner/Downloads/xcode/books_build2
    write-file /Users/justingardner/Library/Developer/Xcode/DerivedData/books-fpommwulutefkublemohbizwfike/Build/Intermediates.noindex/books.build/Debug-iphonesimulator/booksTests.build/Objects-normal/arm64/booksTests_const_extract_protocols.json

WriteAuxiliaryFile /Users/justingardner/Library/Developer/Xcode/DerivedData/books-fpommwulutefkublemohbizwfike/Build/Intermediates.noindex/books.build/Debug-iphonesimulator/booksTests.build/Objects-normal/arm64/booksTests.SwiftFileList (in target 'booksTests' from project 'books')
    cd /Users/justingardner/Downloads/xcode/books_build2
    write-file /Users/justingardner/Library/Developer/Xcode/DerivedData/books-fpommwulutefkublemohbizwfike/Build/Intermediates.noindex/books.build/Debug-iphonesimulator/booksTests.build/Objects-normal/arm64/booksTests.SwiftFileList

WriteAuxiliaryFile /Users/justingardner/Library/Developer/Xcode/DerivedData/books-fpommwulutefkublemohbizwfike/Build/Intermediates.noindex/books.build/Debug-iphonesimulator/booksTests.build/Objects-normal/arm64/booksTests.SwiftConstValuesFileList (in target 'booksTests' from project 'books')
    cd /Users/justingardner/Downloads/xcode/books_build2
    write-file /Users/justingardner/Library/Developer/Xcode/DerivedData/books-fpommwulutefkublemohbizwfike/Build/Intermediates.noindex/books.build/Debug-iphonesimulator/booksTests.build/Objects-normal/arm64/booksTests.SwiftConstValuesFileList

WriteAuxiliaryFile /Users/justingardner/Library/Developer/Xcode/DerivedData/books-fpommwulutefkublemohbizwfike/Build/Intermediates.noindex/books.build/Debug-iphonesimulator/booksTests.build/Objects-normal/arm64/booksTests.LinkFileList (in target 'booksTests' from project 'books')
    cd /Users/justingardner/Downloads/xcode/books_build2
    write-file /Users/justingardner/Library/Developer/Xcode/DerivedData/books-fpommwulutefkublemohbizwfike/Build/Intermediates.noindex/books.build/Debug-iphonesimulator/booksTests.build/Objects-normal/arm64/booksTests.LinkFileList

WriteAuxiliaryFile /Users/justingardner/Library/Developer/Xcode/DerivedData/books-fpommwulutefkublemohbizwfike/Build/Intermediates.noindex/books.build/Debug-iphonesimulator/booksTests.build/Objects-normal/arm64/booksTests-OutputFileMap.json (in target 'booksTests' from project 'books')
    cd /Users/justingardner/Downloads/xcode/books_build2
    write-file /Users/justingardner/Library/Developer/Xcode/DerivedData/books-fpommwulutefkublemohbizwfike/Build/Intermediates.noindex/books.build/Debug-iphonesimulator/booksTests.build/Objects-normal/arm64/booksTests-OutputFileMap.json

WriteAuxiliaryFile /Users/justingardner/Library/Developer/Xcode/DerivedData/books-fpommwulutefkublemohbizwfike/Build/Intermediates.noindex/books.build/Debug-iphonesimulator/books.build/books.hmap (in target 'books' from project 'books')
    cd /Users/justingardner/Downloads/xcode/books_build2
    write-file /Users/justingardner/Library/Developer/Xcode/DerivedData/books-fpommwulutefkublemohbizwfike/Build/Intermediates.noindex/books.build/Debug-iphonesimulator/books.build/books.hmap

WriteAuxiliaryFile /Users/justingardner/Library/Developer/Xcode/DerivedData/books-fpommwulutefkublemohbizwfike/Build/Intermediates.noindex/books.build/Debug-iphonesimulator/books.build/books.DependencyStaticMetadataFileList (in target 'books' from project 'books')
    cd /Users/justingardner/Downloads/xcode/books_build2
    write-file /Users/justingardner/Library/Developer/Xcode/DerivedData/books-fpommwulutefkublemohbizwfike/Build/Intermediates.noindex/books.build/Debug-iphonesimulator/books.build/books.DependencyStaticMetadataFileList

WriteAuxiliaryFile /Users/justingardner/Library/Developer/Xcode/DerivedData/books-fpommwulutefkublemohbizwfike/Build/Intermediates.noindex/books.build/Debug-iphonesimulator/books.build/books.DependencyMetadataFileList (in target 'books' from project 'books')
    cd /Users/justingardner/Downloads/xcode/books_build2
    write-file /Users/justingardner/Library/Developer/Xcode/DerivedData/books-fpommwulutefkublemohbizwfike/Build/Intermediates.noindex/books.build/Debug-iphonesimulator/books.build/books.DependencyMetadataFileList

WriteAuxiliaryFile /Users/justingardner/Library/Developer/Xcode/DerivedData/books-fpommwulutefkublemohbizwfike/Build/Intermediates.noindex/books.build/Debug-iphonesimulator/books.build/books-project-headers.hmap (in target 'books' from project 'books')
    cd /Users/justingardner/Downloads/xcode/books_build2
    write-file /Users/justingardner/Library/Developer/Xcode/DerivedData/books-fpommwulutefkublemohbizwfike/Build/Intermediates.noindex/books.build/Debug-iphonesimulator/books.build/books-project-headers.hmap

WriteAuxiliaryFile /Users/justingardner/Library/Developer/Xcode/DerivedData/books-fpommwulutefkublemohbizwfike/Build/Intermediates.noindex/books.build/Debug-iphonesimulator/books.build/books-own-target-headers.hmap (in target 'books' from project 'books')
    cd /Users/justingardner/Downloads/xcode/books_build2
    write-file /Users/justingardner/Library/Developer/Xcode/DerivedData/books-fpommwulutefkublemohbizwfike/Build/Intermediates.noindex/books.build/Debug-iphonesimulator/books.build/books-own-target-headers.hmap

WriteAuxiliaryFile /Users/justingardner/Library/Developer/Xcode/DerivedData/books-fpommwulutefkublemohbizwfike/Build/Intermediates.noindex/books.build/Debug-iphonesimulator/books.build/books-generated-files.hmap (in target 'books' from project 'books')
    cd /Users/justingardner/Downloads/xcode/books_build2
    write-file /Users/justingardner/Library/Developer/Xcode/DerivedData/books-fpommwulutefkublemohbizwfike/Build/Intermediates.noindex/books.build/Debug-iphonesimulator/books.build/books-generated-files.hmap

WriteAuxiliaryFile /Users/justingardner/Library/Developer/Xcode/DerivedData/books-fpommwulutefkublemohbizwfike/Build/Intermediates.noindex/books.build/Debug-iphonesimulator/books.build/books-all-target-headers.hmap (in target 'books' from project 'books')
    cd /Users/justingardner/Downloads/xcode/books_build2
    write-file /Users/justingardner/Library/Developer/Xcode/DerivedData/books-fpommwulutefkublemohbizwfike/Build/Intermediates.noindex/books.build/Debug-iphonesimulator/books.build/books-all-target-headers.hmap

WriteAuxiliaryFile /Users/justingardner/Library/Developer/Xcode/DerivedData/books-fpommwulutefkublemohbizwfike/Build/Intermediates.noindex/books.build/Debug-iphonesimulator/books.build/books-all-non-framework-target-headers.hmap (in target 'books' from project 'books')
    cd /Users/justingardner/Downloads/xcode/books_build2
    write-file /Users/justingardner/Library/Developer/Xcode/DerivedData/books-fpommwulutefkublemohbizwfike/Build/Intermediates.noindex/books.build/Debug-iphonesimulator/books.build/books-all-non-framework-target-headers.hmap

WriteAuxiliaryFile /Users/justingardner/Library/Developer/Xcode/DerivedData/books-fpommwulutefkublemohbizwfike/Build/Intermediates.noindex/books.build/Debug-iphonesimulator/books.build/books-DebugDylibPath-normal-arm64.txt (in target 'books' from project 'books')
    cd /Users/justingardner/Downloads/xcode/books_build2
    write-file /Users/justingardner/Library/Developer/Xcode/DerivedData/books-fpommwulutefkublemohbizwfike/Build/Intermediates.noindex/books.build/Debug-iphonesimulator/books.build/books-DebugDylibPath-normal-arm64.txt

WriteAuxiliaryFile /Users/justingardner/Library/Developer/Xcode/DerivedData/books-fpommwulutefkublemohbizwfike/Build/Intermediates.noindex/books.build/Debug-iphonesimulator/books.build/books-DebugDylibInstallName-normal-arm64.txt (in target 'books' from project 'books')
    cd /Users/justingardner/Downloads/xcode/books_build2
    write-file /Users/justingardner/Library/Developer/Xcode/DerivedData/books-fpommwulutefkublemohbizwfike/Build/Intermediates.noindex/books.build/Debug-iphonesimulator/books.build/books-DebugDylibInstallName-normal-arm64.txt

WriteAuxiliaryFile /Users/justingardner/Library/Developer/Xcode/DerivedData/books-fpommwulutefkublemohbizwfike/Build/Intermediates.noindex/books.build/Debug-iphonesimulator/books.build/Objects-normal/arm64/books_const_extract_protocols.json (in target 'books' from project 'books')
    cd /Users/justingardner/Downloads/xcode/books_build2
    write-file /Users/justingardner/Library/Developer/Xcode/DerivedData/books-fpommwulutefkublemohbizwfike/Build/Intermediates.noindex/books.build/Debug-iphonesimulator/books.build/Objects-normal/arm64/books_const_extract_protocols.json

WriteAuxiliaryFile /Users/justingardner/Library/Developer/Xcode/DerivedData/books-fpommwulutefkublemohbizwfike/Build/Intermediates.noindex/books.build/Debug-iphonesimulator/books.build/Objects-normal/arm64/books.SwiftFileList (in target 'books' from project 'books')
    cd /Users/justingardner/Downloads/xcode/books_build2
    write-file /Users/justingardner/Library/Developer/Xcode/DerivedData/books-fpommwulutefkublemohbizwfike/Build/Intermediates.noindex/books.build/Debug-iphonesimulator/books.build/Objects-normal/arm64/books.SwiftFileList

WriteAuxiliaryFile /Users/justingardner/Library/Developer/Xcode/DerivedData/books-fpommwulutefkublemohbizwfike/Build/Intermediates.noindex/books.build/Debug-iphonesimulator/books.build/Objects-normal/arm64/books.SwiftConstValuesFileList (in target 'books' from project 'books')
    cd /Users/justingardner/Downloads/xcode/books_build2
    write-file /Users/justingardner/Library/Developer/Xcode/DerivedData/books-fpommwulutefkublemohbizwfike/Build/Intermediates.noindex/books.build/Debug-iphonesimulator/books.build/Objects-normal/arm64/books.SwiftConstValuesFileList

WriteAuxiliaryFile /Users/justingardner/Library/Developer/Xcode/DerivedData/books-fpommwulutefkublemohbizwfike/Build/Intermediates.noindex/books.build/Debug-iphonesimulator/books.build/Objects-normal/arm64/books.LinkFileList (in target 'books' from project 'books')
    cd /Users/justingardner/Downloads/xcode/books_build2
    write-file /Users/justingardner/Library/Developer/Xcode/DerivedData/books-fpommwulutefkublemohbizwfike/Build/Intermediates.noindex/books.build/Debug-iphonesimulator/books.build/Objects-normal/arm64/books.LinkFileList

WriteAuxiliaryFile /Users/justingardner/Library/Developer/Xcode/DerivedData/books-fpommwulutefkublemohbizwfike/Build/Intermediates.noindex/books.build/Debug-iphonesimulator/books.build/Objects-normal/arm64/books-OutputFileMap.json (in target 'books' from project 'books')
    cd /Users/justingardner/Downloads/xcode/books_build2
    write-file /Users/justingardner/Library/Developer/Xcode/DerivedData/books-fpommwulutefkublemohbizwfike/Build/Intermediates.noindex/books.build/Debug-iphonesimulator/books.build/Objects-normal/arm64/books-OutputFileMap.json

MkDir /Users/justingardner/Library/Developer/Xcode/DerivedData/books-fpommwulutefkublemohbizwfike/Build/Products/Debug-iphonesimulator/books.app/PlugIns/booksTests.xctest (in target 'booksTests' from project 'books')
    cd /Users/justingardner/Downloads/xcode/books_build2
    /bin/mkdir -p /Users/justingardner/Library/Developer/Xcode/DerivedData/books-fpommwulutefkublemohbizwfike/Build/Products/Debug-iphonesimulator/books.app/PlugIns/booksTests.xctest

MkDir /Users/justingardner/Library/Developer/Xcode/DerivedData/books-fpommwulutefkublemohbizwfike/Build/Products/Debug-iphonesimulator/books.app/PlugIns (in target 'books' from project 'books')
    cd /Users/justingardner/Downloads/xcode/books_build2
    /bin/mkdir -p /Users/justingardner/Library/Developer/Xcode/DerivedData/books-fpommwulutefkublemohbizwfike/Build/Products/Debug-iphonesimulator/books.app/PlugIns

MkDir /Users/justingardner/Library/Developer/Xcode/DerivedData/books-fpommwulutefkublemohbizwfike/Build/Products/Debug-iphonesimulator/books.app/Frameworks (in target 'books' from project 'books')
    cd /Users/justingardner/Downloads/xcode/books_build2
    /bin/mkdir -p /Users/justingardner/Library/Developer/Xcode/DerivedData/books-fpommwulutefkublemohbizwfike/Build/Products/Debug-iphonesimulator/books.app/Frameworks

MkDir /Users/justingardner/Library/Developer/Xcode/DerivedData/books-fpommwulutefkublemohbizwfike/Build/Products/Debug-iphonesimulator/books.app (in target 'books' from project 'books')
    cd /Users/justingardner/Downloads/xcode/books_build2
    /bin/mkdir -p /Users/justingardner/Library/Developer/Xcode/DerivedData/books-fpommwulutefkublemohbizwfike/Build/Products/Debug-iphonesimulator/books.app

Ld /Users/justingardner/Library/Developer/Xcode/DerivedData/books-fpommwulutefkublemohbizwfike/Build/Products/Debug-iphonesimulator/books.app/__preview.dylib normal (in target 'books' from project 'books')
    cd /Users/justingardner/Downloads/xcode/books_build2
    /Applications/Xcode.app/Contents/Developer/Toolchains/XcodeDefault.xctoolchain/usr/bin/clang -Xlinker -reproducible -target arm64-apple-ios18.0-simulator -dynamiclib -isysroot /Applications/Xcode.app/Contents/Developer/Platforms/iPhoneSimulator.platform/Developer/SDKs/iPhoneSimulator18.5.sdk -O0 -L/Users/justingardner/Library/Developer/Xcode/DerivedData/books-fpommwulutefkublemohbizwfike/Build/Products/Debug-iphonesimulator -F/Users/justingardner/Library/Developer/Xcode/DerivedData/books-fpommwulutefkublemohbizwfike/Build/Products/Debug-iphonesimulator -install_name @rpath/books.debug.dylib -dead_strip -rdynamic -Xlinker -no_deduplicate -Xlinker -objc_abi_version -Xlinker 2 -Xlinker -debug_variant -Xlinker -dependency_info -Xlinker /Users/justingardner/Library/Developer/Xcode/DerivedData/books-fpommwulutefkublemohbizwfike/Build/Intermediates.noindex/books.build/Debug-iphonesimulator/books.build/Objects-normal/arm64/books_dependency_info.dat -o /Users/justingardner/Library/Developer/Xcode/DerivedData/books-fpommwulutefkublemohbizwfike/Build/Products/Debug-iphonesimulator/books.app/__preview.dylib

MkDir /Users/justingardner/Library/Developer/Xcode/DerivedData/books-fpommwulutefkublemohbizwfike/Build/Intermediates.noindex/books.build/Debug-iphonesimulator/books.build/assetcatalog_output/thinned (in target 'books' from project 'books')
    cd /Users/justingardner/Downloads/xcode/books_build2
    /bin/mkdir -p /Users/justingardner/Library/Developer/Xcode/DerivedData/books-fpommwulutefkublemohbizwfike/Build/Intermediates.noindex/books.build/Debug-iphonesimulator/books.build/assetcatalog_output/thinned

MkDir /Users/justingardner/Library/Developer/Xcode/DerivedData/books-fpommwulutefkublemohbizwfike/Build/Intermediates.noindex/books.build/Debug-iphonesimulator/books.build/assetcatalog_output/unthinned (in target 'books' from project 'books')
    cd /Users/justingardner/Downloads/xcode/books_build2
    /bin/mkdir -p /Users/justingardner/Library/Developer/Xcode/DerivedData/books-fpommwulutefkublemohbizwfike/Build/Intermediates.noindex/books.build/Debug-iphonesimulator/books.build/assetcatalog_output/unthinned

GenerateAssetSymbols /Users/justingardner/Downloads/xcode/books_build2/books/Assets.xcassets (in target 'books' from project 'books')
    cd /Users/justingardner/Downloads/xcode/books_build2
    /Applications/Xcode.app/Contents/Developer/usr/bin/actool /Users/justingardner/Downloads/xcode/books_build2/books/Assets.xcassets --compile /Users/justingardner/Library/Developer/Xcode/DerivedData/books-fpommwulutefkublemohbizwfike/Build/Products/Debug-iphonesimulator/books.app --output-format human-readable-text --notices --warnings --export-dependency-info /Users/justingardner/Library/Developer/Xcode/DerivedData/books-fpommwulutefkublemohbizwfike/Build/Intermediates.noindex/books.build/Debug-iphonesimulator/books.build/assetcatalog_dependencies --output-partial-info-plist /Users/justingardner/Library/Developer/Xcode/DerivedData/books-fpommwulutefkublemohbizwfike/Build/Intermediates.noindex/books.build/Debug-iphonesimulator/books.build/assetcatalog_generated_info.plist --app-icon AppIcon --include-all-app-icons --accent-color AccentColor --compress-pngs --enable-on-demand-resources YES --development-region en --target-device iphone --target-device ipad --minimum-deployment-target 18.0 --platform iphonesimulator --bundle-identifier Z67H8Y8DW.com.oooefam.booksV3 --generate-swift-asset-symbols /Users/justingardner/Library/Developer/Xcode/DerivedData/books-fpommwulutefkublemohbizwfike/Build/Intermediates.noindex/books.build/Debug-iphonesimulator/books.build/DerivedSources/GeneratedAssetSymbols.swift --generate-objc-asset-symbols /Users/justingardner/Library/Developer/Xcode/DerivedData/books-fpommwulutefkublemohbizwfike/Build/Intermediates.noindex/books.build/Debug-iphonesimulator/books.build/DerivedSources/GeneratedAssetSymbols.h --generate-asset-symbol-index /Users/justingardner/Library/Developer/Xcode/DerivedData/books-fpommwulutefkublemohbizwfike/Build/Intermediates.noindex/books.build/Debug-iphonesimulator/books.build/DerivedSources/GeneratedAssetSymbols-Index.plist
/* com.apple.actool.compilation-results */
/Users/justingardner/Library/Developer/Xcode/DerivedData/books-fpommwulutefkublemohbizwfike/Build/Intermediates.noindex/books.build/Debug-iphonesimulator/books.build/DerivedSources/GeneratedAssetSymbols-Index.plist
/Users/justingardner/Library/Developer/Xcode/DerivedData/books-fpommwulutefkublemohbizwfike/Build/Intermediates.noindex/books.build/Debug-iphonesimulator/books.build/DerivedSources/GeneratedAssetSymbols.h
/Users/justingardner/Library/Developer/Xcode/DerivedData/books-fpommwulutefkublemohbizwfike/Build/Intermediates.noindex/books.build/Debug-iphonesimulator/books.build/DerivedSources/GeneratedAssetSymbols.swift


CpResource /Users/justingardner/Library/Developer/Xcode/DerivedData/books-fpommwulutefkublemohbizwfike/Build/Products/Debug-iphonesimulator/books.app/data_model_specification.txt /Users/justingardner/Downloads/xcode/books_build2/books/Markdown/data_model_specification.txt (in target 'books' from project 'books')
    cd /Users/justingardner/Downloads/xcode/books_build2
    builtin-copy -exclude .DS_Store -exclude CVS -exclude .svn -exclude .git -exclude .hg -resolve-src-symlinks /Users/justingardner/Downloads/xcode/books_build2/books/Markdown/data_model_specification.txt /Users/justingardner/Library/Developer/Xcode/DerivedData/books-fpommwulutefkublemohbizwfike/Build/Products/Debug-iphonesimulator/books.app

CpResource /Users/justingardner/Library/Developer/Xcode/DerivedData/books-fpommwulutefkublemohbizwfike/Build/Products/Debug-iphonesimulator/books.app/use-swiftdata.txt /Users/justingardner/Downloads/xcode/books_build2/books/Markdown/use-swiftdata.txt (in target 'books' from project 'books')
    cd /Users/justingardner/Downloads/xcode/books_build2
    builtin-copy -exclude .DS_Store -exclude CVS -exclude .svn -exclude .git -exclude .hg -resolve-src-symlinks /Users/justingardner/Downloads/xcode/books_build2/books/Markdown/use-swiftdata.txt /Users/justingardner/Library/Developer/Xcode/DerivedData/books-fpommwulutefkublemohbizwfike/Build/Products/Debug-iphonesimulator/books.app

Copy /Users/justingardner/Library/Developer/Xcode/DerivedData/books-fpommwulutefkublemohbizwfike/Build/Products/Debug-iphonesimulator/books.app/Frameworks/libXCTestSwiftSupport.dylib /Applications/Xcode.app/Contents/Developer/Platforms/iPhoneSimulator.platform/Developer/usr/lib/libXCTestSwiftSupport.dylib (in target 'books' from project 'books')
    cd /Users/justingardner/Downloads/xcode/books_build2
    builtin-copy -exclude .DS_Store -exclude CVS -exclude .svn -exclude .git -exclude .hg -exclude Headers -exclude PrivateHeaders -exclude Modules -exclude \*.tbd -resolve-src-symlinks /Applications/Xcode.app/Contents/Developer/Platforms/iPhoneSimulator.platform/Developer/usr/lib/libXCTestSwiftSupport.dylib /Users/justingardner/Library/Developer/Xcode/DerivedData/books-fpommwulutefkublemohbizwfike/Build/Products/Debug-iphonesimulator/books.app/Frameworks

Copy /Users/justingardner/Library/Developer/Xcode/DerivedData/books-fpommwulutefkublemohbizwfike/Build/Products/Debug-iphonesimulator/books.app/Frameworks/libXCTestBundleInject.dylib /Applications/Xcode.app/Contents/Developer/Platforms/iPhoneSimulator.platform/Developer/usr/lib/libXCTestBundleInject.dylib (in target 'books' from project 'books')
    cd /Users/justingardner/Downloads/xcode/books_build2
    builtin-copy -exclude .DS_Store -exclude CVS -exclude .svn -exclude .git -exclude .hg -exclude Headers -exclude PrivateHeaders -exclude Modules -exclude \*.tbd -resolve-src-symlinks /Applications/Xcode.app/Contents/Developer/Platforms/iPhoneSimulator.platform/Developer/usr/lib/libXCTestBundleInject.dylib /Users/justingardner/Library/Developer/Xcode/DerivedData/books-fpommwulutefkublemohbizwfike/Build/Products/Debug-iphonesimulator/books.app/Frameworks

Copy /Users/justingardner/Library/Developer/Xcode/DerivedData/books-fpommwulutefkublemohbizwfike/Build/Products/Debug-iphonesimulator/books.app/Frameworks/XCUnit.framework /Applications/Xcode.app/Contents/Developer/Platforms/iPhoneSimulator.platform/Developer/Library/PrivateFrameworks/XCUnit.framework (in target 'books' from project 'books')
    cd /Users/justingardner/Downloads/xcode/books_build2
    builtin-copy -exclude .DS_Store -exclude CVS -exclude .svn -exclude .git -exclude .hg -exclude Headers -exclude PrivateHeaders -exclude Modules -exclude \*.tbd -resolve-src-symlinks /Applications/Xcode.app/Contents/Developer/Platforms/iPhoneSimulator.platform/Developer/Library/PrivateFrameworks/XCUnit.framework /Users/justingardner/Library/Developer/Xcode/DerivedData/books-fpommwulutefkublemohbizwfike/Build/Products/Debug-iphonesimulator/books.app/Frameworks

Copy /Users/justingardner/Library/Developer/Xcode/DerivedData/books-fpommwulutefkublemohbizwfike/Build/Products/Debug-iphonesimulator/books.app/Frameworks/XCUIAutomation.framework /Applications/Xcode.app/Contents/Developer/Platforms/iPhoneSimulator.platform/Developer/Library/Frameworks/XCUIAutomation.framework (in target 'books' from project 'books')
    cd /Users/justingardner/Downloads/xcode/books_build2
    builtin-copy -exclude .DS_Store -exclude CVS -exclude .svn -exclude .git -exclude .hg -exclude Headers -exclude PrivateHeaders -exclude Modules -exclude \*.tbd -resolve-src-symlinks /Applications/Xcode.app/Contents/Developer/Platforms/iPhoneSimulator.platform/Developer/Library/Frameworks/XCUIAutomation.framework /Users/justingardner/Library/Developer/Xcode/DerivedData/books-fpommwulutefkublemohbizwfike/Build/Products/Debug-iphonesimulator/books.app/Frameworks

Copy /Users/justingardner/Library/Developer/Xcode/DerivedData/books-fpommwulutefkublemohbizwfike/Build/Products/Debug-iphonesimulator/books.app/Frameworks/XCTestSupport.framework /Applications/Xcode.app/Contents/Developer/Platforms/iPhoneSimulator.platform/Developer/Library/PrivateFrameworks/XCTestSupport.framework (in target 'books' from project 'books')
    cd /Users/justingardner/Downloads/xcode/books_build2
    builtin-copy -exclude .DS_Store -exclude CVS -exclude .svn -exclude .git -exclude .hg -exclude Headers -exclude PrivateHeaders -exclude Modules -exclude \*.tbd -resolve-src-symlinks /Applications/Xcode.app/Contents/Developer/Platforms/iPhoneSimulator.platform/Developer/Library/PrivateFrameworks/XCTestSupport.framework /Users/justingardner/Library/Developer/Xcode/DerivedData/books-fpommwulutefkublemohbizwfike/Build/Products/Debug-iphonesimulator/books.app/Frameworks

Copy /Users/justingardner/Library/Developer/Xcode/DerivedData/books-fpommwulutefkublemohbizwfike/Build/Products/Debug-iphonesimulator/books.app/Frameworks/XCTestCore.framework /Applications/Xcode.app/Contents/Developer/Platforms/iPhoneSimulator.platform/Developer/Library/PrivateFrameworks/XCTestCore.framework (in target 'books' from project 'books')
    cd /Users/justingardner/Downloads/xcode/books_build2
    builtin-copy -exclude .DS_Store -exclude CVS -exclude .svn -exclude .git -exclude .hg -exclude Headers -exclude PrivateHeaders -exclude Modules -exclude \*.tbd -resolve-src-symlinks /Applications/Xcode.app/Contents/Developer/Platforms/iPhoneSimulator.platform/Developer/Library/PrivateFrameworks/XCTestCore.framework /Users/justingardner/Library/Developer/Xcode/DerivedData/books-fpommwulutefkublemohbizwfike/Build/Products/Debug-iphonesimulator/books.app/Frameworks

Copy /Users/justingardner/Library/Developer/Xcode/DerivedData/books-fpommwulutefkublemohbizwfike/Build/Products/Debug-iphonesimulator/books.app/Frameworks/XCTest.framework /Applications/Xcode.app/Contents/Developer/Platforms/iPhoneSimulator.platform/Developer/Library/Frameworks/XCTest.framework (in target 'books' from project 'books')
    cd /Users/justingardner/Downloads/xcode/books_build2
    builtin-copy -exclude .DS_Store -exclude CVS -exclude .svn -exclude .git -exclude .hg -exclude Headers -exclude PrivateHeaders -exclude Modules -exclude \*.tbd -resolve-src-symlinks /Applications/Xcode.app/Contents/Developer/Platforms/iPhoneSimulator.platform/Developer/Library/Frameworks/XCTest.framework /Users/justingardner/Library/Developer/Xcode/DerivedData/books-fpommwulutefkublemohbizwfike/Build/Products/Debug-iphonesimulator/books.app/Frameworks

Copy /Users/justingardner/Library/Developer/Xcode/DerivedData/books-fpommwulutefkublemohbizwfike/Build/Products/Debug-iphonesimulator/books.app/Frameworks/Testing.framework /Applications/Xcode.app/Contents/Developer/Platforms/iPhoneSimulator.platform/Developer/Library/Frameworks/Testing.framework (in target 'books' from project 'books')
    cd /Users/justingardner/Downloads/xcode/books_build2
    builtin-copy -exclude .DS_Store -exclude CVS -exclude .svn -exclude .git -exclude .hg -exclude Headers -exclude PrivateHeaders -exclude Modules -exclude \*.tbd -resolve-src-symlinks /Applications/Xcode.app/Contents/Developer/Platforms/iPhoneSimulator.platform/Developer/Library/Frameworks/Testing.framework /Users/justingardner/Library/Developer/Xcode/DerivedData/books-fpommwulutefkublemohbizwfike/Build/Products/Debug-iphonesimulator/books.app/Frameworks

Copy /Users/justingardner/Library/Developer/Xcode/DerivedData/books-fpommwulutefkublemohbizwfike/Build/Products/Debug-iphonesimulator/books.app/Frameworks/XCTAutomationSupport.framework /Applications/Xcode.app/Contents/Developer/Platforms/iPhoneSimulator.platform/Developer/Library/PrivateFrameworks/XCTAutomationSupport.framework (in target 'books' from project 'books')
    cd /Users/justingardner/Downloads/xcode/books_build2
    builtin-copy -exclude .DS_Store -exclude CVS -exclude .svn -exclude .git -exclude .hg -exclude Headers -exclude PrivateHeaders -exclude Modules -exclude \*.tbd -resolve-src-symlinks /Applications/Xcode.app/Contents/Developer/Platforms/iPhoneSimulator.platform/Developer/Library/PrivateFrameworks/XCTAutomationSupport.framework /Users/justingardner/Library/Developer/Xcode/DerivedData/books-fpommwulutefkublemohbizwfike/Build/Products/Debug-iphonesimulator/books.app/Frameworks

CompileAssetCatalogVariant thinned /Users/justingardner/Library/Developer/Xcode/DerivedData/books-fpommwulutefkublemohbizwfike/Build/Products/Debug-iphonesimulator/books.app /Users/justingardner/Downloads/xcode/books_build2/books/Assets.xcassets (in target 'books' from project 'books')
    cd /Users/justingardner/Downloads/xcode/books_build2
    /Applications/Xcode.app/Contents/Developer/usr/bin/actool /Users/justingardner/Downloads/xcode/books_build2/books/Assets.xcassets --compile /Users/justingardner/Library/Developer/Xcode/DerivedData/books-fpommwulutefkublemohbizwfike/Build/Intermediates.noindex/books.build/Debug-iphonesimulator/books.build/assetcatalog_output/thinned --output-format human-readable-text --notices --warnings --export-dependency-info /Users/justingardner/Library/Developer/Xcode/DerivedData/books-fpommwulutefkublemohbizwfike/Build/Intermediates.noindex/books.build/Debug-iphonesimulator/books.build/assetcatalog_dependencies_thinned --output-partial-info-plist /Users/justingardner/Library/Developer/Xcode/DerivedData/books-fpommwulutefkublemohbizwfike/Build/Intermediates.noindex/books.build/Debug-iphonesimulator/books.build/assetcatalog_generated_info.plist_thinned --app-icon AppIcon --include-all-app-icons --accent-color AccentColor --compress-pngs --enable-on-demand-resources YES --filter-for-thinning-device-configuration iPhone17,1 --filter-for-device-os-version 18.6 --development-region en --target-device iphone --target-device ipad --minimum-deployment-target 18.0 --platform iphonesimulator
/* com.apple.actool.document.notices */
/Users/justingardner/Downloads/xcode/books_build2/books/Assets.xcassets:./AppIcon.appiconset/[][iphone][57x57][][][1x][][][][]: notice: 57x57 app icons only apply to iPhone apps targeting releases of iOS prior to 7.0
/Users/justingardner/Downloads/xcode/books_build2/books/Assets.xcassets:./AppIcon.appiconset/[][iphone][57x57][][][2x][][][][]: notice: 57x57@2x app icons only apply to iPhone apps targeting releases of iOS prior to 7.0
/Users/justingardner/Downloads/xcode/books_build2/books/Assets.xcassets:./AppIcon.appiconset/[][ipad][50x50][][][1x][][][][]: notice: 50x50 iPad spotlight icons only apply to iPad apps targeting releases of iOS prior to 7.0
/Users/justingardner/Downloads/xcode/books_build2/books/Assets.xcassets:./AppIcon.appiconset/[][ipad][50x50][][][2x][][][][]: notice: 50x50 iPad spotlight icons only apply to iPad apps targeting releases of iOS prior to 7.0
/Users/justingardner/Downloads/xcode/books_build2/books/Assets.xcassets:./AppIcon.appiconset/[][ipad][72x72][][][1x][][][][]: notice: 72x72 app icons only apply to iPad apps targeting releases of iOS prior to 7.0
/Users/justingardner/Downloads/xcode/books_build2/books/Assets.xcassets:./AppIcon.appiconset/[][ipad][72x72][][][2x][][][][]: notice: 72x72@2x app icons only apply to iPad apps targeting releases of iOS prior to 7.0
/Users/justingardner/Downloads/xcode/books_build2/books/Assets.xcassets:./AppIcon.appiconset/[][ipad][76x76][][][1x][][][][]: notice: 76x76@1x app icons only apply to iPad apps targeting releases of iOS prior to 10.0.
/* com.apple.actool.compilation-results */
/Users/justingardner/Library/Developer/Xcode/DerivedData/books-fpommwulutefkublemohbizwfike/Build/Intermediates.noindex/books.build/Debug-iphonesimulator/books.build/assetcatalog_generated_info.plist_thinned
/Users/justingardner/Library/Developer/Xcode/DerivedData/books-fpommwulutefkublemohbizwfike/Build/Intermediates.noindex/books.build/Debug-iphonesimulator/books.build/assetcatalog_output/thinned/AppIcon60x60@2x.png
/Users/justingardner/Library/Developer/Xcode/DerivedData/books-fpommwulutefkublemohbizwfike/Build/Intermediates.noindex/books.build/Debug-iphonesimulator/books.build/assetcatalog_output/thinned/AppIcon76x76@2x~ipad.png
/Users/justingardner/Library/Developer/Xcode/DerivedData/books-fpommwulutefkublemohbizwfike/Build/Intermediates.noindex/books.build/Debug-iphonesimulator/books.build/assetcatalog_output/thinned/Assets.car


SwiftDriver books normal arm64 com.apple.xcode.tools.swift.compiler (in target 'books' from project 'books')
    cd /Users/justingardner/Downloads/xcode/books_build2
    builtin-SwiftDriver -- /Applications/Xcode.app/Contents/Developer/Toolchains/XcodeDefault.xctoolchain/usr/bin/swiftc -module-name books -Onone -enforce-exclusivity\=checked @/Users/justingardner/Library/Developer/Xcode/DerivedData/books-fpommwulutefkublemohbizwfike/Build/Intermediates.noindex/books.build/Debug-iphonesimulator/books.build/Objects-normal/arm64/books.SwiftFileList -DDEBUG -enable-bare-slash-regex -enable-experimental-feature DebugDescriptionMacro -sdk /Applications/Xcode.app/Contents/Developer/Platforms/iPhoneSimulator.platform/Developer/SDKs/iPhoneSimulator18.5.sdk -target arm64-apple-ios18.0-simulator -g -module-cache-path /Users/justingardner/Library/Developer/Xcode/DerivedData/ModuleCache.noindex -Xfrontend -serialize-debugging-options -profile-coverage-mapping -profile-generate -enable-testing -index-store-path /Users/justingardner/Library/Developer/Xcode/DerivedData/books-fpommwulutefkublemohbizwfike/Index.noindex/DataStore -swift-version 5 -I /Users/justingardner/Library/Developer/Xcode/DerivedData/books-fpommwulutefkublemohbizwfike/Build/Products/Debug-iphonesimulator -F /Users/justingardner/Library/Developer/Xcode/DerivedData/books-fpommwulutefkublemohbizwfike/Build/Products/Debug-iphonesimulator -emit-localized-strings -emit-localized-strings-path /Users/justingardner/Library/Developer/Xcode/DerivedData/books-fpommwulutefkublemohbizwfike/Build/Intermediates.noindex/books.build/Debug-iphonesimulator/books.build/Objects-normal/arm64 -c -j12 -enable-batch-mode -incremental -Xcc -ivfsstatcache -Xcc /Users/justingardner/Library/Developer/Xcode/DerivedData/SDKStatCaches.noindex/iphonesimulator18.5-22F76-d5fc8ad4295d2ef488fb7d0f804ce0c4.sdkstatcache -output-file-map /Users/justingardner/Library/Developer/Xcode/DerivedData/books-fpommwulutefkublemohbizwfike/Build/Intermediates.noindex/books.build/Debug-iphonesimulator/books.build/Objects-normal/arm64/books-OutputFileMap.json -use-frontend-parseable-output -save-temps -no-color-diagnostics -serialize-diagnostics -emit-dependencies -emit-module -emit-module-path /Users/justingardner/Library/Developer/Xcode/DerivedData/books-fpommwulutefkublemohbizwfike/Build/Intermediates.noindex/books.build/Debug-iphonesimulator/books.build/Objects-normal/arm64/books.swiftmodule -validate-clang-modules-once -clang-build-session-file /Users/justingardner/Library/Developer/Xcode/DerivedData/ModuleCache.noindex/Session.modulevalidation -Xcc -I/Users/justingardner/Library/Developer/Xcode/DerivedData/books-fpommwulutefkublemohbizwfike/Build/Intermediates.noindex/books.build/Debug-iphonesimulator/books.build/swift-overrides.hmap -emit-const-values -Xfrontend -const-gather-protocols-file -Xfrontend /Users/justingardner/Library/Developer/Xcode/DerivedData/books-fpommwulutefkublemohbizwfike/Build/Intermediates.noindex/books.build/Debug-iphonesimulator/books.build/Objects-normal/arm64/books_const_extract_protocols.json -Xcc -iquote -Xcc /Users/justingardner/Library/Developer/Xcode/DerivedData/books-fpommwulutefkublemohbizwfike/Build/Intermediates.noindex/books.build/Debug-iphonesimulator/books.build/books-generated-files.hmap -Xcc -I/Users/justingardner/Library/Developer/Xcode/DerivedData/books-fpommwulutefkublemohbizwfike/Build/Intermediates.noindex/books.build/Debug-iphonesimulator/books.build/books-own-target-headers.hmap -Xcc -I/Users/justingardner/Library/Developer/Xcode/DerivedData/books-fpommwulutefkublemohbizwfike/Build/Intermediates.noindex/books.build/Debug-iphonesimulator/books.build/books-all-target-headers.hmap -Xcc -iquote -Xcc /Users/justingardner/Library/Developer/Xcode/DerivedData/books-fpommwulutefkublemohbizwfike/Build/Intermediates.noindex/books.build/Debug-iphonesimulator/books.build/books-project-headers.hmap -Xcc -I/Users/justingardner/Library/Developer/Xcode/DerivedData/books-fpommwulutefkublemohbizwfike/Build/Products/Debug-iphonesimulator/include -Xcc -I/Users/justingardner/Library/Developer/Xcode/DerivedData/books-fpommwulutefkublemohbizwfike/Build/Intermediates.noindex/books.build/Debug-iphonesimulator/books.build/DerivedSources-normal/arm64 -Xcc -I/Users/justingardner/Library/Developer/Xcode/DerivedData/books-fpommwulutefkublemohbizwfike/Build/Intermediates.noindex/books.build/Debug-iphonesimulator/books.build/DerivedSources/arm64 -Xcc -I/Users/justingardner/Library/Developer/Xcode/DerivedData/books-fpommwulutefkublemohbizwfike/Build/Intermediates.noindex/books.build/Debug-iphonesimulator/books.build/DerivedSources -Xcc -DDEBUG\=1 -emit-objc-header -emit-objc-header-path /Users/justingardner/Library/Developer/Xcode/DerivedData/books-fpommwulutefkublemohbizwfike/Build/Intermediates.noindex/books.build/Debug-iphonesimulator/books.build/Objects-normal/arm64/books-Swift.h -working-directory /Users/justingardner/Downloads/xcode/books_build2 -experimental-emit-module-separately -disable-cmo

SwiftCompile normal arm64 Compiling\ PageInputView.swift,\ LibraryResetConfirmationView.swift,\ ThemeAwareModifier.swift,\ CulturalDiversityView.swift,\ SimpleISBNLookupService.swift,\ UnifiedBookComponents.swift /Users/justingardner/Downloads/xcode/books_build2/books/Views/Components/PageInputView.swift /Users/justingardner/Downloads/xcode/books_build2/books/Views/Settings/LibraryResetConfirmationView.swift /Users/justingardner/Downloads/xcode/books_build2/books/Theme/ThemeAwareModifier.swift /Users/justingardner/Downloads/xcode/books_build2/books/Views/Main/CulturalDiversityView.swift /Users/justingardner/Downloads/xcode/books_build2/books/Services/SimpleISBNLookupService.swift /Users/justingardner/Downloads/xcode/books_build2/books/Views/Components/UnifiedBookComponents.swift (in target 'books' from project 'books')
SwiftCompile normal arm64 /Users/justingardner/Downloads/xcode/books_build2/books/Views/Components/PageInputView.swift (in target 'books' from project 'books')
    cd /Users/justingardner/Downloads/xcode/books_build2
    

SwiftCompile normal arm64 /Users/justingardner/Downloads/xcode/books_build2/books/Views/Settings/LibraryResetConfirmationView.swift (in target 'books' from project 'books')
    cd /Users/justingardner/Downloads/xcode/books_build2
    

SwiftCompile normal arm64 /Users/justingardner/Downloads/xcode/books_build2/books/Theme/ThemeAwareModifier.swift (in target 'books' from project 'books')
    cd /Users/justingardner/Downloads/xcode/books_build2
    

SwiftCompile normal arm64 /Users/justingardner/Downloads/xcode/books_build2/books/Views/Main/CulturalDiversityView.swift (in target 'books' from project 'books')
    cd /Users/justingardner/Downloads/xcode/books_build2
    

SwiftCompile normal arm64 /Users/justingardner/Downloads/xcode/books_build2/books/Services/SimpleISBNLookupService.swift (in target 'books' from project 'books')
    cd /Users/justingardner/Downloads/xcode/books_build2
    

SwiftCompile normal arm64 /Users/justingardner/Downloads/xcode/books_build2/books/Views/Components/UnifiedBookComponents.swift (in target 'books' from project 'books')
    cd /Users/justingardner/Downloads/xcode/books_build2
    

SwiftCompile normal arm64 Compiling\ CloudKitManager.swift,\ QuickFilterBar.swift,\ BackgroundImportProgressIndicator.swift,\ LibraryView.swift,\ AuthorSearchResultsView.swift,\ ConcurrentImportConfig.swift /Users/justingardner/Downloads/xcode/books_build2/books/Services/CloudKitManager.swift /Users/justingardner/Downloads/xcode/books_build2/books/Views/Components/QuickFilterBar.swift /Users/justingardner/Downloads/xcode/books_build2/books/Views/Components/BackgroundImportProgressIndicator.swift /Users/justingardner/Downloads/xcode/books_build2/books/Views/Main/LibraryView.swift /Users/justingardner/Downloads/xcode/books_build2/books/Views/Detail/AuthorSearchResultsView.swift /Users/justingardner/Downloads/xcode/books_build2/books/Services/ConcurrentImportConfig.swift (in target 'books' from project 'books')

SwiftCompile normal arm64 /Users/justingardner/Downloads/xcode/books_build2/books/Services/CloudKitManager.swift (in target 'books' from project 'books')
    cd /Users/justingardner/Downloads/xcode/books_build2
    

SwiftCompile normal arm64 /Users/justingardner/Downloads/xcode/books_build2/books/Views/Components/QuickFilterBar.swift (in target 'books' from project 'books')
    cd /Users/justingardner/Downloads/xcode/books_build2
    

SwiftCompile normal arm64 /Users/justingardner/Downloads/xcode/books_build2/books/Views/Components/BackgroundImportProgressIndicator.swift (in target 'books' from project 'books')
    cd /Users/justingardner/Downloads/xcode/books_build2
    

SwiftCompile normal arm64 /Users/justingardner/Downloads/xcode/books_build2/books/Views/Main/LibraryView.swift (in target 'books' from project 'books')
    cd /Users/justingardner/Downloads/xcode/books_build2
    

SwiftCompile normal arm64 /Users/justingardner/Downloads/xcode/books_build2/books/Views/Detail/AuthorSearchResultsView.swift (in target 'books' from project 'books')
    cd /Users/justingardner/Downloads/xcode/books_build2
    

SwiftCompile normal arm64 /Users/justingardner/Downloads/xcode/books_build2/books/Services/ConcurrentImportConfig.swift (in target 'books' from project 'books')
    cd /Users/justingardner/Downloads/xcode/books_build2
    

SwiftCompile normal arm64 Compiling\ EditBookView.swift,\ DataMigrationManager.swift,\ SharedComponents.swift,\ BookMetadata.swift,\ BookRowView.swift,\ GenreBreakdownChartView.swift /Users/justingardner/Downloads/xcode/books_build2/books/Views/Detail/EditBookView.swift /Users/justingardner/Downloads/xcode/books_build2/books/Services/DataMigrationManager.swift /Users/justingardner/Downloads/xcode/books_build2/books/Views/Components/SharedComponents.swift /Users/justingardner/Downloads/xcode/books_build2/books/Models/BookMetadata.swift /Users/justingardner/Downloads/xcode/books_build2/books/Views/Components/BookRowView.swift /Users/justingardner/Downloads/xcode/books_build2/books/Charts/GenreBreakdownChartView.swift (in target 'books' from project 'books')

SwiftCompile normal arm64 /Users/justingardner/Downloads/xcode/books_build2/books/Views/Detail/EditBookView.swift (in target 'books' from project 'books')
    cd /Users/justingardner/Downloads/xcode/books_build2
    

SwiftCompile normal arm64 /Users/justingardner/Downloads/xcode/books_build2/books/Services/DataMigrationManager.swift (in target 'books' from project 'books')
    cd /Users/justingardner/Downloads/xcode/books_build2
    

SwiftCompile normal arm64 /Users/justingardner/Downloads/xcode/books_build2/books/Views/Components/SharedComponents.swift (in target 'books' from project 'books')
    cd /Users/justingardner/Downloads/xcode/books_build2
    

SwiftCompile normal arm64 /Users/justingardner/Downloads/xcode/books_build2/books/Models/BookMetadata.swift (in target 'books' from project 'books')
    cd /Users/justingardner/Downloads/xcode/books_build2
    

SwiftCompile normal arm64 /Users/justingardner/Downloads/xcode/books_build2/books/Views/Components/BookRowView.swift (in target 'books' from project 'books')
    cd /Users/justingardner/Downloads/xcode/books_build2
    

SwiftCompile normal arm64 /Users/justingardner/Downloads/xcode/books_build2/books/Charts/GenreBreakdownChartView.swift (in target 'books' from project 'books')
    cd /Users/justingardner/Downloads/xcode/books_build2
    

SwiftCompile normal arm64 Compiling\ QuickRatingView.swift,\ BookCardView.swift,\ booksApp.swift,\ BarcodeScanner.swift,\ SearchView.swift,\ ThemeStore.swift /Users/justingardner/Downloads/xcode/books_build2/books/Views/Components/QuickRatingView.swift /Users/justingardner/Downloads/xcode/books_build2/books/Views/Components/BookCardView.swift /Users/justingardner/Downloads/xcode/books_build2/books/App/booksApp.swift /Users/justingardner/Downloads/xcode/books_build2/books/Utilities/BarcodeScanner.swift /Users/justingardner/Downloads/xcode/books_build2/books/Views/Main/SearchView.swift /Users/justingardner/Downloads/xcode/books_build2/books/Stores/ThemeStore.swift (in target 'books' from project 'books')

SwiftCompile normal arm64 /Users/justingardner/Downloads/xcode/books_build2/books/Views/Components/QuickRatingView.swift (in target 'books' from project 'books')
    cd /Users/justingardner/Downloads/xcode/books_build2
    

SwiftCompile normal arm64 /Users/justingardner/Downloads/xcode/books_build2/books/Views/Components/BookCardView.swift (in target 'books' from project 'books')
    cd /Users/justingardner/Downloads/xcode/books_build2
    

SwiftCompile normal arm64 /Users/justingardner/Downloads/xcode/books_build2/books/App/booksApp.swift (in target 'books' from project 'books')
    cd /Users/justingardner/Downloads/xcode/books_build2
    

SwiftCompile normal arm64 /Users/justingardner/Downloads/xcode/books_build2/books/Utilities/BarcodeScanner.swift (in target 'books' from project 'books')
    cd /Users/justingardner/Downloads/xcode/books_build2
    

SwiftCompile normal arm64 /Users/justingardner/Downloads/xcode/books_build2/books/Views/Main/SearchView.swift (in target 'books' from project 'books')
    cd /Users/justingardner/Downloads/xcode/books_build2
    

SwiftCompile normal arm64 /Users/justingardner/Downloads/xcode/books_build2/books/Stores/ThemeStore.swift (in target 'books' from project 'books')
    cd /Users/justingardner/Downloads/xcode/books_build2
    

SwiftCompile normal arm64 Compiling\ BackgroundTaskManager.swift,\ LibraryFilterView.swift,\ ReadingGoalsManager.swift,\ Theme+Variants.swift,\ ContentView.swift,\ RateLimiter.swift,\ BookSearchService.swift /Users/justingardner/Downloads/xcode/books_build2/books/Services/BackgroundTaskManager.swift /Users/justingardner/Downloads/xcode/books_build2/books/Views/Components/LibraryFilterView.swift /Users/justingardner/Downloads/xcode/books_build2/books/Managers/ReadingGoalsManager.swift /Users/justingardner/Downloads/xcode/books_build2/books/Theme/Theme+Variants.swift /Users/justingardner/Downloads/xcode/books_build2/books/Views/Main/ContentView.swift /Users/justingardner/Downloads/xcode/books_build2/books/Services/RateLimiter.swift /Users/justingardner/Downloads/xcode/books_build2/books/Services/BookSearchService.swift (in target 'books' from project 'books')

SwiftCompile normal arm64 /Users/justingardner/Downloads/xcode/books_build2/books/Services/BackgroundTaskManager.swift (in target 'books' from project 'books')
    cd /Users/justingardner/Downloads/xcode/books_build2
    

SwiftCompile normal arm64 /Users/justingardner/Downloads/xcode/books_build2/books/Views/Components/LibraryFilterView.swift (in target 'books' from project 'books')
    cd /Users/justingardner/Downloads/xcode/books_build2
    

SwiftCompile normal arm64 /Users/justingardner/Downloads/xcode/books_build2/books/Managers/ReadingGoalsManager.swift (in target 'books' from project 'books')
    cd /Users/justingardner/Downloads/xcode/books_build2
    

SwiftCompile normal arm64 /Users/justingardner/Downloads/xcode/books_build2/books/Theme/Theme+Variants.swift (in target 'books' from project 'books')
    cd /Users/justingardner/Downloads/xcode/books_build2
    

SwiftCompile normal arm64 /Users/justingardner/Downloads/xcode/books_build2/books/Views/Main/ContentView.swift (in target 'books' from project 'books')
    cd /Users/justingardner/Downloads/xcode/books_build2
    

SwiftCompile normal arm64 /Users/justingardner/Downloads/xcode/books_build2/books/Services/RateLimiter.swift (in target 'books' from project 'books')
    cd /Users/justingardner/Downloads/xcode/books_build2
    

SwiftCompile normal arm64 /Users/justingardner/Downloads/xcode/books_build2/books/Services/BookSearchService.swift (in target 'books' from project 'books')
    cd /Users/justingardner/Downloads/xcode/books_build2
    

SwiftCompile normal arm64 Compiling\ DataValidationService.swift,\ StatsView.swift,\ ThemeMigrationHelper.swift,\ SearchResultDetailView.swift,\ HapticFeedbackManager.swift,\ CulturalSelections.swift /Users/justingardner/Downloads/xcode/books_build2/books/Utilities/DataValidationService.swift /Users/justingardner/Downloads/xcode/books_build2/books/Views/Main/StatsView.swift /Users/justingardner/Downloads/xcode/books_build2/books/Styling/ThemeMigrationHelper.swift /Users/justingardner/Downloads/xcode/books_build2/books/Views/Detail/SearchResultDetailView.swift /Users/justingardner/Downloads/xcode/books_build2/books/Services/HapticFeedbackManager.swift /Users/justingardner/Downloads/xcode/books_build2/books/Models/CulturalSelections.swift (in target 'books' from project 'books')

SwiftCompile normal arm64 /Users/justingardner/Downloads/xcode/books_build2/books/Utilities/DataValidationService.swift (in target 'books' from project 'books')
    cd /Users/justingardner/Downloads/xcode/books_build2
    

SwiftCompile normal arm64 /Users/justingardner/Downloads/xcode/books_build2/books/Views/Main/StatsView.swift (in target 'books' from project 'books')
    cd /Users/justingardner/Downloads/xcode/books_build2
    

SwiftCompile normal arm64 /Users/justingardner/Downloads/xcode/books_build2/books/Styling/ThemeMigrationHelper.swift (in target 'books' from project 'books')
    cd /Users/justingardner/Downloads/xcode/books_build2
    

SwiftCompile normal arm64 /Users/justingardner/Downloads/xcode/books_build2/books/Views/Detail/SearchResultDetailView.swift (in target 'books' from project 'books')
    cd /Users/justingardner/Downloads/xcode/books_build2
    

SwiftCompile normal arm64 /Users/justingardner/Downloads/xcode/books_build2/books/Services/HapticFeedbackManager.swift (in target 'books' from project 'books')
    cd /Users/justingardner/Downloads/xcode/books_build2
    

SwiftCompile normal arm64 /Users/justingardner/Downloads/xcode/books_build2/books/Models/CulturalSelections.swift (in target 'books' from project 'books')
    cd /Users/justingardner/Downloads/xcode/books_build2
    

SwiftCompile normal arm64 Compiling\ DataQualityIndicator.swift,\ ColumnMappingView.swift,\ ImportStateManager.swift,\ UserBook.swift,\ GoalProgressRing.swift,\ Color+Extensions.swift /Users/justingardner/Downloads/xcode/books_build2/books/Views/Components/DataQualityIndicator.swift /Users/justingardner/Downloads/xcode/books_build2/books/Views/Import/ColumnMappingView.swift /Users/justingardner/Downloads/xcode/books_build2/books/Services/ImportStateManager.swift /Users/justingardner/Downloads/xcode/books_build2/books/Models/UserBook.swift /Users/justingardner/Downloads/xcode/books_build2/books/Views/Components/GoalProgressRing.swift /Users/justingardner/Downloads/xcode/books_build2/books/Extensions/Color+Extensions.swift (in target 'books' from project 'books')

SwiftCompile normal arm64 /Users/justingardner/Downloads/xcode/books_build2/books/Views/Components/DataQualityIndicator.swift (in target 'books' from project 'books')
    cd /Users/justingardner/Downloads/xcode/books_build2
    

SwiftCompile normal arm64 /Users/justingardner/Downloads/xcode/books_build2/books/Views/Import/ColumnMappingView.swift (in target 'books' from project 'books')
    cd /Users/justingardner/Downloads/xcode/books_build2
    

SwiftCompile normal arm64 /Users/justingardner/Downloads/xcode/books_build2/books/Services/ImportStateManager.swift (in target 'books' from project 'books')
    cd /Users/justingardner/Downloads/xcode/books_build2
    

SwiftCompile normal arm64 /Users/justingardner/Downloads/xcode/books_build2/books/Models/UserBook.swift (in target 'books' from project 'books')
    cd /Users/justingardner/Downloads/xcode/books_build2
    

SwiftCompile normal arm64 /Users/justingardner/Downloads/xcode/books_build2/books/Views/Components/GoalProgressRing.swift (in target 'books' from project 'books')
    cd /Users/justingardner/Downloads/xcode/books_build2
    

SwiftCompile normal arm64 /Users/justingardner/Downloads/xcode/books_build2/books/Extensions/Color+Extensions.swift (in target 'books' from project 'books')
    cd /Users/justingardner/Downloads/xcode/books_build2
    

SwiftCompile normal arm64 Compiling\ CulturalSelectionPickers.swift,\ MonthlyReadsChartView.swift,\ DuplicateDetection.swift,\ ThemePickerView.swift,\ ImageCache.swift,\ ImportModels.swift /Users/justingardner/Downloads/xcode/books_build2/books/Views/Components/CulturalSelectionPickers.swift /Users/justingardner/Downloads/xcode/books_build2/books/Charts/MonthlyReadsChartView.swift /Users/justingardner/Downloads/xcode/books_build2/books/Utilities/DuplicateDetection.swift /Users/justingardner/Downloads/xcode/books_build2/books/Views/Main/ThemePickerView.swift /Users/justingardner/Downloads/xcode/books_build2/books/Services/ImageCache.swift /Users/justingardner/Downloads/xcode/books_build2/books/Models/ImportModels.swift (in target 'books' from project 'books')

SwiftCompile normal arm64 /Users/justingardner/Downloads/xcode/books_build2/books/Views/Components/CulturalSelectionPickers.swift (in target 'books' from project 'books')
    cd /Users/justingardner/Downloads/xcode/books_build2
    

SwiftCompile normal arm64 /Users/justingardner/Downloads/xcode/books_build2/books/Charts/MonthlyReadsChartView.swift (in target 'books' from project 'books')
    cd /Users/justingardner/Downloads/xcode/books_build2
    

SwiftCompile normal arm64 /Users/justingardner/Downloads/xcode/books_build2/books/Utilities/DuplicateDetection.swift (in target 'books' from project 'books')
    cd /Users/justingardner/Downloads/xcode/books_build2
    

SwiftCompile normal arm64 /Users/justingardner/Downloads/xcode/books_build2/books/Views/Main/ThemePickerView.swift (in target 'books' from project 'books')
    cd /Users/justingardner/Downloads/xcode/books_build2
    

SwiftCompile normal arm64 /Users/justingardner/Downloads/xcode/books_build2/books/Services/ImageCache.swift (in target 'books' from project 'books')
    cd /Users/justingardner/Downloads/xcode/books_build2
    

SwiftCompile normal arm64 /Users/justingardner/Downloads/xcode/books_build2/books/Models/ImportModels.swift (in target 'books' from project 'books')
    cd /Users/justingardner/Downloads/xcode/books_build2
    

SwiftCompile normal arm64 Compiling\ LibraryResetViewModel.swift,\ NavigationDestinations.swift,\ SharedModifiers.swift,\ CSVImportView.swift,\ LibraryResetService.swift,\ SupportingViews.swift /Users/justingardner/Downloads/xcode/books_build2/books/ViewModels/LibraryResetViewModel.swift /Users/justingardner/Downloads/xcode/books_build2/books/Views/Navigation/NavigationDestinations.swift /Users/justingardner/Downloads/xcode/books_build2/books/Theme/SharedModifiers.swift /Users/justingardner/Downloads/xcode/books_build2/books/Views/Import/CSVImportView.swift /Users/justingardner/Downloads/xcode/books_build2/books/Services/LibraryResetService.swift /Users/justingardner/Downloads/xcode/books_build2/books/Views/Components/SupportingViews.swift (in target 'books' from project 'books')

SwiftCompile normal arm64 /Users/justingardner/Downloads/xcode/books_build2/books/ViewModels/LibraryResetViewModel.swift (in target 'books' from project 'books')
    cd /Users/justingardner/Downloads/xcode/books_build2
    

SwiftCompile normal arm64 /Users/justingardner/Downloads/xcode/books_build2/books/Views/Navigation/NavigationDestinations.swift (in target 'books' from project 'books')
    cd /Users/justingardner/Downloads/xcode/books_build2
    

SwiftCompile normal arm64 /Users/justingardner/Downloads/xcode/books_build2/books/Theme/SharedModifiers.swift (in target 'books' from project 'books')
    cd /Users/justingardner/Downloads/xcode/books_build2
    

SwiftCompile normal arm64 /Users/justingardner/Downloads/xcode/books_build2/books/Views/Import/CSVImportView.swift (in target 'books' from project 'books')
    cd /Users/justingardner/Downloads/xcode/books_build2
    

SwiftCompile normal arm64 /Users/justingardner/Downloads/xcode/books_build2/books/Services/LibraryResetService.swift (in target 'books' from project 'books')
    cd /Users/justingardner/Downloads/xcode/books_build2
    

SwiftCompile normal arm64 /Users/justingardner/Downloads/xcode/books_build2/books/Views/Components/SupportingViews.swift (in target 'books' from project 'books')
    cd /Users/justingardner/Downloads/xcode/books_build2
    

SwiftEmitModule normal arm64 Emitting\ module\ for\ books (in target 'books' from project 'books')

EmitSwiftModule normal arm64 (in target 'books' from project 'books')
    cd /Users/justingardner/Downloads/xcode/books_build2
    

SwiftCompile normal arm64 Compiling\ GoalSettingsView.swift,\ UIColor+Luminance.swift,\ StatusBarBackgroundModifier.swift,\ ImportPreviewView.swift,\ LiveActivityManager.swift,\ ThemePreviewCard.swift /Users/justingardner/Downloads/xcode/books_build2/books/Views/Components/GoalSettingsView.swift /Users/justingardner/Downloads/xcode/books_build2/books/Extensions/UIColor+Luminance.swift /Users/justingardner/Downloads/xcode/books_build2/books/Theme/StatusBarBackgroundModifier.swift /Users/justingardner/Downloads/xcode/books_build2/books/Views/Import/ImportPreviewView.swift /Users/justingardner/Downloads/xcode/books_build2/books/Services/LiveActivityManager.swift /Users/justingardner/Downloads/xcode/books_build2/books/Views/Components/ThemePreviewCard.swift (in target 'books' from project 'books')

SwiftCompile normal arm64 /Users/justingardner/Downloads/xcode/books_build2/books/Views/Components/GoalSettingsView.swift (in target 'books' from project 'books')
    cd /Users/justingardner/Downloads/xcode/books_build2
    

SwiftCompile normal arm64 /Users/justingardner/Downloads/xcode/books_build2/books/Extensions/UIColor+Luminance.swift (in target 'books' from project 'books')
    cd /Users/justingardner/Downloads/xcode/books_build2
    

SwiftCompile normal arm64 /Users/justingardner/Downloads/xcode/books_build2/books/Theme/StatusBarBackgroundModifier.swift (in target 'books' from project 'books')
    cd /Users/justingardner/Downloads/xcode/books_build2
    

SwiftCompile normal arm64 /Users/justingardner/Downloads/xcode/books_build2/books/Views/Import/ImportPreviewView.swift (in target 'books' from project 'books')
    cd /Users/justingardner/Downloads/xcode/books_build2
    

SwiftCompile normal arm64 /Users/justingardner/Downloads/xcode/books_build2/books/Services/LiveActivityManager.swift (in target 'books' from project 'books')
    cd /Users/justingardner/Downloads/xcode/books_build2
    

SwiftCompile normal arm64 /Users/justingardner/Downloads/xcode/books_build2/books/Views/Components/ThemePreviewCard.swift (in target 'books' from project 'books')
    cd /Users/justingardner/Downloads/xcode/books_build2
    

SwiftCompile normal arm64 Compiling\ BackgroundImportCoordinator.swift,\ ImportCompletionBanner.swift,\ iCloudLoginView.swift,\ Theme.swift,\ PerformanceMonitor.swift,\ GeneratedAssetSymbols.swift /Users/justingardner/Downloads/xcode/books_build2/books/Services/BackgroundImportCoordinator.swift /Users/justingardner/Downloads/xcode/books_build2/books/Views/Components/ImportCompletionBanner.swift /Users/justingardner/Downloads/xcode/books_build2/books/Views/Onboarding/iCloudLoginView.swift /Users/justingardner/Downloads/xcode/books_build2/books/Theme/Theme.swift /Users/justingardner/Downloads/xcode/books_build2/books/Services/PerformanceMonitor.swift /Users/justingardner/Library/Developer/Xcode/DerivedData/books-fpommwulutefkublemohbizwfike/Build/Intermediates.noindex/books.build/Debug-iphonesimulator/books.build/DerivedSources/GeneratedAssetSymbols.swift (in target 'books' from project 'books')

SwiftCompile normal arm64 /Users/justingardner/Downloads/xcode/books_build2/books/Services/BackgroundImportCoordinator.swift (in target 'books' from project 'books')
    cd /Users/justingardner/Downloads/xcode/books_build2
    

SwiftCompile normal arm64 /Users/justingardner/Downloads/xcode/books_build2/books/Views/Components/ImportCompletionBanner.swift (in target 'books' from project 'books')
    cd /Users/justingardner/Downloads/xcode/books_build2
    

SwiftCompile normal arm64 /Users/justingardner/Downloads/xcode/books_build2/books/Views/Onboarding/iCloudLoginView.swift (in target 'books' from project 'books')
    cd /Users/justingardner/Downloads/xcode/books_build2
    

SwiftCompile normal arm64 /Users/justingardner/Downloads/xcode/books_build2/books/Theme/Theme.swift (in target 'books' from project 'books')
    cd /Users/justingardner/Downloads/xcode/books_build2
    

SwiftCompile normal arm64 /Users/justingardner/Downloads/xcode/books_build2/books/Services/PerformanceMonitor.swift (in target 'books' from project 'books')
    cd /Users/justingardner/Downloads/xcode/books_build2
    

SwiftCompile normal arm64 /Users/justingardner/Library/Developer/Xcode/DerivedData/books-fpommwulutefkublemohbizwfike/Build/Intermediates.noindex/books.build/Debug-iphonesimulator/books.build/DerivedSources/GeneratedAssetSymbols.swift (in target 'books' from project 'books')
    cd /Users/justingardner/Downloads/xcode/books_build2
    

LinkAssetCatalog /Users/justingardner/Downloads/xcode/books_build2/books/Assets.xcassets (in target 'books' from project 'books')
    cd /Users/justingardner/Downloads/xcode/books_build2
    builtin-linkAssetCatalog --thinned /Users/justingardner/Library/Developer/Xcode/DerivedData/books-fpommwulutefkublemohbizwfike/Build/Intermediates.noindex/books.build/Debug-iphonesimulator/books.build/assetcatalog_output/thinned --thinned-dependencies /Users/justingardner/Library/Developer/Xcode/DerivedData/books-fpommwulutefkublemohbizwfike/Build/Intermediates.noindex/books.build/Debug-iphonesimulator/books.build/assetcatalog_dependencies_thinned --thinned-info-plist-content /Users/justingardner/Library/Developer/Xcode/DerivedData/books-fpommwulutefkublemohbizwfike/Build/Intermediates.noindex/books.build/Debug-iphonesimulator/books.build/assetcatalog_generated_info.plist_thinned --unthinned /Users/justingardner/Library/Developer/Xcode/DerivedData/books-fpommwulutefkublemohbizwfike/Build/Intermediates.noindex/books.build/Debug-iphonesimulator/books.build/assetcatalog_output/unthinned --unthinned-dependencies /Users/justingardner/Library/Developer/Xcode/DerivedData/books-fpommwulutefkublemohbizwfike/Build/Intermediates.noindex/books.build/Debug-iphonesimulator/books.build/assetcatalog_dependencies_unthinned --unthinned-info-plist-content /Users/justingardner/Library/Developer/Xcode/DerivedData/books-fpommwulutefkublemohbizwfike/Build/Intermediates.noindex/books.build/Debug-iphonesimulator/books.build/assetcatalog_generated_info.plist_unthinned --output /Users/justingardner/Library/Developer/Xcode/DerivedData/books-fpommwulutefkublemohbizwfike/Build/Products/Debug-iphonesimulator/books.app --plist-output /Users/justingardner/Library/Developer/Xcode/DerivedData/books-fpommwulutefkublemohbizwfike/Build/Intermediates.noindex/books.build/Debug-iphonesimulator/books.build/assetcatalog_generated_info.plist
note: Emplaced /Users/justingardner/Library/Developer/Xcode/DerivedData/books-fpommwulutefkublemohbizwfike/Build/Products/Debug-iphonesimulator/books.app/AppIcon60x60@2x.png (in target 'books' from project 'books')
note: Emplaced /Users/justingardner/Library/Developer/Xcode/DerivedData/books-fpommwulutefkublemohbizwfike/Build/Products/Debug-iphonesimulator/books.app/Assets.car (in target 'books' from project 'books')
note: Emplaced /Users/justingardner/Library/Developer/Xcode/DerivedData/books-fpommwulutefkublemohbizwfike/Build/Products/Debug-iphonesimulator/books.app/AppIcon76x76@2x~ipad.png (in target 'books' from project 'books')

SwiftDriverJobDiscovery normal arm64 Emitting module for books (in target 'books' from project 'books')

SwiftDriver\ Compilation\ Requirements books normal arm64 com.apple.xcode.tools.swift.compiler (in target 'books' from project 'books')
    cd /Users/justingardner/Downloads/xcode/books_build2
    builtin-Swift-Compilation-Requirements -- /Applications/Xcode.app/Contents/Developer/Toolchains/XcodeDefault.xctoolchain/usr/bin/swiftc -module-name books -Onone -enforce-exclusivity\=checked @/Users/justingardner/Library/Developer/Xcode/DerivedData/books-fpommwulutefkublemohbizwfike/Build/Intermediates.noindex/books.build/Debug-iphonesimulator/books.build/Objects-normal/arm64/books.SwiftFileList -DDEBUG -enable-bare-slash-regex -enable-experimental-feature DebugDescriptionMacro -sdk /Applications/Xcode.app/Contents/Developer/Platforms/iPhoneSimulator.platform/Developer/SDKs/iPhoneSimulator18.5.sdk -target arm64-apple-ios18.0-simulator -g -module-cache-path /Users/justingardner/Library/Developer/Xcode/DerivedData/ModuleCache.noindex -Xfrontend -serialize-debugging-options -profile-coverage-mapping -profile-generate -enable-testing -index-store-path /Users/justingardner/Library/Developer/Xcode/DerivedData/books-fpommwulutefkublemohbizwfike/Index.noindex/DataStore -swift-version 5 -I /Users/justingardner/Library/Developer/Xcode/DerivedData/books-fpommwulutefkublemohbizwfike/Build/Products/Debug-iphonesimulator -F /Users/justingardner/Library/Developer/Xcode/DerivedData/books-fpommwulutefkublemohbizwfike/Build/Products/Debug-iphonesimulator -emit-localized-strings -emit-localized-strings-path /Users/justingardner/Library/Developer/Xcode/DerivedData/books-fpommwulutefkublemohbizwfike/Build/Intermediates.noindex/books.build/Debug-iphonesimulator/books.build/Objects-normal/arm64 -c -j12 -enable-batch-mode -incremental -Xcc -ivfsstatcache -Xcc /Users/justingardner/Library/Developer/Xcode/DerivedData/SDKStatCaches.noindex/iphonesimulator18.5-22F76-d5fc8ad4295d2ef488fb7d0f804ce0c4.sdkstatcache -output-file-map /Users/justingardner/Library/Developer/Xcode/DerivedData/books-fpommwulutefkublemohbizwfike/Build/Intermediates.noindex/books.build/Debug-iphonesimulator/books.build/Objects-normal/arm64/books-OutputFileMap.json -use-frontend-parseable-output -save-temps -no-color-diagnostics -serialize-diagnostics -emit-dependencies -emit-module -emit-module-path /Users/justingardner/Library/Developer/Xcode/DerivedData/books-fpommwulutefkublemohbizwfike/Build/Intermediates.noindex/books.build/Debug-iphonesimulator/books.build/Objects-normal/arm64/books.swiftmodule -validate-clang-modules-once -clang-build-session-file /Users/justingardner/Library/Developer/Xcode/DerivedData/ModuleCache.noindex/Session.modulevalidation -Xcc -I/Users/justingardner/Library/Developer/Xcode/DerivedData/books-fpommwulutefkublemohbizwfike/Build/Intermediates.noindex/books.build/Debug-iphonesimulator/books.build/swift-overrides.hmap -emit-const-values -Xfrontend -const-gather-protocols-file -Xfrontend /Users/justingardner/Library/Developer/Xcode/DerivedData/books-fpommwulutefkublemohbizwfike/Build/Intermediates.noindex/books.build/Debug-iphonesimulator/books.build/Objects-normal/arm64/books_const_extract_protocols.json -Xcc -iquote -Xcc /Users/justingardner/Library/Developer/Xcode/DerivedData/books-fpommwulutefkublemohbizwfike/Build/Intermediates.noindex/books.build/Debug-iphonesimulator/books.build/books-generated-files.hmap -Xcc -I/Users/justingardner/Library/Developer/Xcode/DerivedData/books-fpommwulutefkublemohbizwfike/Build/Intermediates.noindex/books.build/Debug-iphonesimulator/books.build/books-own-target-headers.hmap -Xcc -I/Users/justingardner/Library/Developer/Xcode/DerivedData/books-fpommwulutefkublemohbizwfike/Build/Intermediates.noindex/books.build/Debug-iphonesimulator/books.build/books-all-target-headers.hmap -Xcc -iquote -Xcc /Users/justingardner/Library/Developer/Xcode/DerivedData/books-fpommwulutefkublemohbizwfike/Build/Intermediates.noindex/books.build/Debug-iphonesimulator/books.build/books-project-headers.hmap -Xcc -I/Users/justingardner/Library/Developer/Xcode/DerivedData/books-fpommwulutefkublemohbizwfike/Build/Products/Debug-iphonesimulator/include -Xcc -I/Users/justingardner/Library/Developer/Xcode/DerivedData/books-fpommwulutefkublemohbizwfike/Build/Intermediates.noindex/books.build/Debug-iphonesimulator/books.build/DerivedSources-normal/arm64 -Xcc -I/Users/justingardner/Library/Developer/Xcode/DerivedData/books-fpommwulutefkublemohbizwfike/Build/Intermediates.noindex/books.build/Debug-iphonesimulator/books.build/DerivedSources/arm64 -Xcc -I/Users/justingardner/Library/Developer/Xcode/DerivedData/books-fpommwulutefkublemohbizwfike/Build/Intermediates.noindex/books.build/Debug-iphonesimulator/books.build/DerivedSources -Xcc -DDEBUG\=1 -emit-objc-header -emit-objc-header-path /Users/justingardner/Library/Developer/Xcode/DerivedData/books-fpommwulutefkublemohbizwfike/Build/Intermediates.noindex/books.build/Debug-iphonesimulator/books.build/Objects-normal/arm64/books-Swift.h -working-directory /Users/justingardner/Downloads/xcode/books_build2 -experimental-emit-module-separately -disable-cmo

ProcessInfoPlistFile /Users/justingardner/Library/Developer/Xcode/DerivedData/books-fpommwulutefkublemohbizwfike/Build/Products/Debug-iphonesimulator/books.app/Info.plist /Users/justingardner/Downloads/xcode/books_build2/books/Info.plist (in target 'books' from project 'books')
    cd /Users/justingardner/Downloads/xcode/books_build2
    builtin-infoPlistUtility /Users/justingardner/Downloads/xcode/books_build2/books/Info.plist -producttype com.apple.product-type.application -genpkginfo /Users/justingardner/Library/Developer/Xcode/DerivedData/books-fpommwulutefkublemohbizwfike/Build/Products/Debug-iphonesimulator/books.app/PkgInfo -expandbuildsettings -format binary -platform iphonesimulator -additionalcontentfile /Users/justingardner/Library/Developer/Xcode/DerivedData/books-fpommwulutefkublemohbizwfike/Build/Intermediates.noindex/books.build/Debug-iphonesimulator/books.build/assetcatalog_generated_info.plist -o /Users/justingardner/Library/Developer/Xcode/DerivedData/books-fpommwulutefkublemohbizwfike/Build/Products/Debug-iphonesimulator/books.app/Info.plist

SwiftMergeGeneratedHeaders /Users/justingardner/Library/Developer/Xcode/DerivedData/books-fpommwulutefkublemohbizwfike/Build/Intermediates.noindex/books.build/Debug-iphonesimulator/books.build/DerivedSources/books-Swift.h /Users/justingardner/Library/Developer/Xcode/DerivedData/books-fpommwulutefkublemohbizwfike/Build/Intermediates.noindex/books.build/Debug-iphonesimulator/books.build/Objects-normal/arm64/books-Swift.h (in target 'books' from project 'books')
    cd /Users/justingardner/Downloads/xcode/books_build2
    builtin-swiftHeaderTool -arch arm64 /Users/justingardner/Library/Developer/Xcode/DerivedData/books-fpommwulutefkublemohbizwfike/Build/Intermediates.noindex/books.build/Debug-iphonesimulator/books.build/Objects-normal/arm64/books-Swift.h -o /Users/justingardner/Library/Developer/Xcode/DerivedData/books-fpommwulutefkublemohbizwfike/Build/Intermediates.noindex/books.build/Debug-iphonesimulator/books.build/DerivedSources/books-Swift.h

Copy /Users/justingardner/Library/Developer/Xcode/DerivedData/books-fpommwulutefkublemohbizwfike/Build/Products/Debug-iphonesimulator/books.swiftmodule/arm64-apple-ios-simulator.swiftmodule /Users/justingardner/Library/Developer/Xcode/DerivedData/books-fpommwulutefkublemohbizwfike/Build/Intermediates.noindex/books.build/Debug-iphonesimulator/books.build/Objects-normal/arm64/books.swiftmodule (in target 'books' from project 'books')
    cd /Users/justingardner/Downloads/xcode/books_build2
    builtin-copy -exclude .DS_Store -exclude CVS -exclude .svn -exclude .git -exclude .hg -resolve-src-symlinks -rename /Users/justingardner/Library/Developer/Xcode/DerivedData/books-fpommwulutefkublemohbizwfike/Build/Intermediates.noindex/books.build/Debug-iphonesimulator/books.build/Objects-normal/arm64/books.swiftmodule /Users/justingardner/Library/Developer/Xcode/DerivedData/books-fpommwulutefkublemohbizwfike/Build/Products/Debug-iphonesimulator/books.swiftmodule/arm64-apple-ios-simulator.swiftmodule

Copy /Users/justingardner/Library/Developer/Xcode/DerivedData/books-fpommwulutefkublemohbizwfike/Build/Products/Debug-iphonesimulator/books.swiftmodule/arm64-apple-ios-simulator.swiftdoc /Users/justingardner/Library/Developer/Xcode/DerivedData/books-fpommwulutefkublemohbizwfike/Build/Intermediates.noindex/books.build/Debug-iphonesimulator/books.build/Objects-normal/arm64/books.swiftdoc (in target 'books' from project 'books')
    cd /Users/justingardner/Downloads/xcode/books_build2
    builtin-copy -exclude .DS_Store -exclude CVS -exclude .svn -exclude .git -exclude .hg -resolve-src-symlinks -rename /Users/justingardner/Library/Developer/Xcode/DerivedData/books-fpommwulutefkublemohbizwfike/Build/Intermediates.noindex/books.build/Debug-iphonesimulator/books.build/Objects-normal/arm64/books.swiftdoc /Users/justingardner/Library/Developer/Xcode/DerivedData/books-fpommwulutefkublemohbizwfike/Build/Products/Debug-iphonesimulator/books.swiftmodule/arm64-apple-ios-simulator.swiftdoc

Copy /Users/justingardner/Library/Developer/Xcode/DerivedData/books-fpommwulutefkublemohbizwfike/Build/Products/Debug-iphonesimulator/books.swiftmodule/arm64-apple-ios-simulator.abi.json /Users/justingardner/Library/Developer/Xcode/DerivedData/books-fpommwulutefkublemohbizwfike/Build/Intermediates.noindex/books.build/Debug-iphonesimulator/books.build/Objects-normal/arm64/books.abi.json (in target 'books' from project 'books')
    cd /Users/justingardner/Downloads/xcode/books_build2
    builtin-copy -exclude .DS_Store -exclude CVS -exclude .svn -exclude .git -exclude .hg -resolve-src-symlinks -rename /Users/justingardner/Library/Developer/Xcode/DerivedData/books-fpommwulutefkublemohbizwfike/Build/Intermediates.noindex/books.build/Debug-iphonesimulator/books.build/Objects-normal/arm64/books.abi.json /Users/justingardner/Library/Developer/Xcode/DerivedData/books-fpommwulutefkublemohbizwfike/Build/Products/Debug-iphonesimulator/books.swiftmodule/arm64-apple-ios-simulator.abi.json

Copy /Users/justingardner/Library/Developer/Xcode/DerivedData/books-fpommwulutefkublemohbizwfike/Build/Products/Debug-iphonesimulator/books.swiftmodule/Project/arm64-apple-ios-simulator.swiftsourceinfo /Users/justingardner/Library/Developer/Xcode/DerivedData/books-fpommwulutefkublemohbizwfike/Build/Intermediates.noindex/books.build/Debug-iphonesimulator/books.build/Objects-normal/arm64/books.swiftsourceinfo (in target 'books' from project 'books')
    cd /Users/justingardner/Downloads/xcode/books_build2
    builtin-copy -exclude .DS_Store -exclude CVS -exclude .svn -exclude .git -exclude .hg -resolve-src-symlinks -rename /Users/justingardner/Library/Developer/Xcode/DerivedData/books-fpommwulutefkublemohbizwfike/Build/Intermediates.noindex/books.build/Debug-iphonesimulator/books.build/Objects-normal/arm64/books.swiftsourceinfo /Users/justingardner/Library/Developer/Xcode/DerivedData/books-fpommwulutefkublemohbizwfike/Build/Products/Debug-iphonesimulator/books.swiftmodule/Project/arm64-apple-ios-simulator.swiftsourceinfo

SwiftCompile normal arm64 Compiling\ BookDetailsView.swift,\ CSVImportService.swift,\ RatingGestureModifier.swift,\ BookCoverImage.swift,\ CSVParser.swift,\ SettingsView.swift /Users/justingardner/Downloads/xcode/books_build2/books/Views/Detail/BookDetailsView.swift /Users/justingardner/Downloads/xcode/books_build2/books/Services/CSVImportService.swift /Users/justingardner/Downloads/xcode/books_build2/books/Views/Components/RatingGestureModifier.swift /Users/justingardner/Downloads/xcode/books_build2/books/Views/Components/BookCoverImage.swift /Users/justingardner/Downloads/xcode/books_build2/books/Utilities/CSVParser.swift /Users/justingardner/Downloads/xcode/books_build2/books/Views/Main/SettingsView.swift (in target 'books' from project 'books')

SwiftCompile normal arm64 /Users/justingardner/Downloads/xcode/books_build2/books/Views/Detail/BookDetailsView.swift (in target 'books' from project 'books')
    cd /Users/justingardner/Downloads/xcode/books_build2
    

SwiftCompile normal arm64 /Users/justingardner/Downloads/xcode/books_build2/books/Services/CSVImportService.swift (in target 'books' from project 'books')
    cd /Users/justingardner/Downloads/xcode/books_build2
    

SwiftCompile normal arm64 /Users/justingardner/Downloads/xcode/books_build2/books/Views/Components/RatingGestureModifier.swift (in target 'books' from project 'books')
    cd /Users/justingardner/Downloads/xcode/books_build2
    

SwiftCompile normal arm64 /Users/justingardner/Downloads/xcode/books_build2/books/Views/Components/BookCoverImage.swift (in target 'books' from project 'books')
    cd /Users/justingardner/Downloads/xcode/books_build2
    

SwiftCompile normal arm64 /Users/justingardner/Downloads/xcode/books_build2/books/Utilities/CSVParser.swift (in target 'books' from project 'books')
    cd /Users/justingardner/Downloads/xcode/books_build2
    

SwiftCompile normal arm64 /Users/justingardner/Downloads/xcode/books_build2/books/Views/Main/SettingsView.swift (in target 'books' from project 'books')
    cd /Users/justingardner/Downloads/xcode/books_build2
    

SwiftDriverJobDiscovery normal arm64 Compiling GoalSettingsView.swift, UIColor+Luminance.swift, StatusBarBackgroundModifier.swift, ImportPreviewView.swift, LiveActivityManager.swift, ThemePreviewCard.swift (in target 'books' from project 'books')

SwiftDriver booksUITests normal arm64 com.apple.xcode.tools.swift.compiler (in target 'booksUITests' from project 'books')
    cd /Users/justingardner/Downloads/xcode/books_build2
    builtin-SwiftDriver -- /Applications/Xcode.app/Contents/Developer/Toolchains/XcodeDefault.xctoolchain/usr/bin/swiftc -module-name booksUITests -Onone -enforce-exclusivity\=checked @/Users/justingardner/Library/Developer/Xcode/DerivedData/books-fpommwulutefkublemohbizwfike/Build/Intermediates.noindex/books.build/Debug-iphonesimulator/booksUITests.build/Objects-normal/arm64/booksUITests.SwiftFileList -DDEBUG -module-alias Testing\=_Testing_Unavailable -plugin-path /Applications/Xcode.app/Contents/Developer/Toolchains/XcodeDefault.xctoolchain/usr/lib/swift/host/plugins/testing -enable-bare-slash-regex -enable-experimental-feature DebugDescriptionMacro -sdk /Applications/Xcode.app/Contents/Developer/Platforms/iPhoneSimulator.platform/Developer/SDKs/iPhoneSimulator18.5.sdk -target arm64-apple-ios18.0-simulator -g -module-cache-path /Users/justingardner/Library/Developer/Xcode/DerivedData/ModuleCache.noindex -Xfrontend -serialize-debugging-options -profile-coverage-mapping -profile-generate -enable-testing -index-store-path /Users/justingardner/Library/Developer/Xcode/DerivedData/books-fpommwulutefkublemohbizwfike/Index.noindex/DataStore -swift-version 5 -I /Users/justingardner/Library/Developer/Xcode/DerivedData/books-fpommwulutefkublemohbizwfike/Build/Products/Debug-iphonesimulator -I /Applications/Xcode.app/Contents/Developer/Platforms/iPhoneSimulator.platform/Developer/usr/lib -F /Users/justingardner/Library/Developer/Xcode/DerivedData/books-fpommwulutefkublemohbizwfike/Build/Products/Debug-iphonesimulator -F /Applications/Xcode.app/Contents/Developer/Platforms/iPhoneSimulator.platform/Developer/Library/Frameworks -F /Applications/Xcode.app/Contents/Developer/Platforms/iPhoneSimulator.platform/Developer/SDKs/iPhoneSimulator18.5.sdk/Developer/Library/Frameworks -c -j12 -enable-batch-mode -incremental -Xcc -ivfsstatcache -Xcc /Users/justingardner/Library/Developer/Xcode/DerivedData/SDKStatCaches.noindex/iphonesimulator18.5-22F76-d5fc8ad4295d2ef488fb7d0f804ce0c4.sdkstatcache -output-file-map /Users/justingardner/Library/Developer/Xcode/DerivedData/books-fpommwulutefkublemohbizwfike/Build/Intermediates.noindex/books.build/Debug-iphonesimulator/booksUITests.build/Objects-normal/arm64/booksUITests-OutputFileMap.json -use-frontend-parseable-output -save-temps -no-color-diagnostics -serialize-diagnostics -emit-dependencies -emit-module -emit-module-path /Users/justingardner/Library/Developer/Xcode/DerivedData/books-fpommwulutefkublemohbizwfike/Build/Intermediates.noindex/books.build/Debug-iphonesimulator/booksUITests.build/Objects-normal/arm64/booksUITests.swiftmodule -validate-clang-modules-once -clang-build-session-file /Users/justingardner/Library/Developer/Xcode/DerivedData/ModuleCache.noindex/Session.modulevalidation -Xcc -I/Users/justingardner/Library/Developer/Xcode/DerivedData/books-fpommwulutefkublemohbizwfike/Build/Intermediates.noindex/books.build/Debug-iphonesimulator/booksUITests.build/swift-overrides.hmap -emit-const-values -Xfrontend -const-gather-protocols-file -Xfrontend /Users/justingardner/Library/Developer/Xcode/DerivedData/books-fpommwulutefkublemohbizwfike/Build/Intermediates.noindex/books.build/Debug-iphonesimulator/booksUITests.build/Objects-normal/arm64/booksUITests_const_extract_protocols.json -Xcc -iquote -Xcc /Users/justingardner/Library/Developer/Xcode/DerivedData/books-fpommwulutefkublemohbizwfike/Build/Intermediates.noindex/books.build/Debug-iphonesimulator/booksUITests.build/booksUITests-generated-files.hmap -Xcc -I/Users/justingardner/Library/Developer/Xcode/DerivedData/books-fpommwulutefkublemohbizwfike/Build/Intermediates.noindex/books.build/Debug-iphonesimulator/booksUITests.build/booksUITests-own-target-headers.hmap -Xcc -I/Users/justingardner/Library/Developer/Xcode/DerivedData/books-fpommwulutefkublemohbizwfike/Build/Intermediates.noindex/books.build/Debug-iphonesimulator/booksUITests.build/booksUITests-all-target-headers.hmap -Xcc -iquote -Xcc /Users/justingardner/Library/Developer/Xcode/DerivedData/books-fpommwulutefkublemohbizwfike/Build/Intermediates.noindex/books.build/Debug-iphonesimulator/booksUITests.build/booksUITests-project-headers.hmap -Xcc -I/Users/justingardner/Library/Developer/Xcode/DerivedData/books-fpommwulutefkublemohbizwfike/Build/Products/Debug-iphonesimulator/include -Xcc -I/Users/justingardner/Library/Developer/Xcode/DerivedData/books-fpommwulutefkublemohbizwfike/Build/Intermediates.noindex/books.build/Debug-iphonesimulator/booksUITests.build/DerivedSources-normal/arm64 -Xcc -I/Users/justingardner/Library/Developer/Xcode/DerivedData/books-fpommwulutefkublemohbizwfike/Build/Intermediates.noindex/books.build/Debug-iphonesimulator/booksUITests.build/DerivedSources/arm64 -Xcc -I/Users/justingardner/Library/Developer/Xcode/DerivedData/books-fpommwulutefkublemohbizwfike/Build/Intermediates.noindex/books.build/Debug-iphonesimulator/booksUITests.build/DerivedSources -Xcc -DDEBUG\=1 -emit-objc-header -emit-objc-header-path /Users/justingardner/Library/Developer/Xcode/DerivedData/books-fpommwulutefkublemohbizwfike/Build/Intermediates.noindex/books.build/Debug-iphonesimulator/booksUITests.build/Objects-normal/arm64/booksUITests-Swift.h -working-directory /Users/justingardner/Downloads/xcode/books_build2 -experimental-emit-module-separately -disable-cmo

SwiftDriver booksTests normal arm64 com.apple.xcode.tools.swift.compiler (in target 'booksTests' from project 'books')
    cd /Users/justingardner/Downloads/xcode/books_build2
    builtin-SwiftDriver -- /Applications/Xcode.app/Contents/Developer/Toolchains/XcodeDefault.xctoolchain/usr/bin/swiftc -module-name booksTests -Onone -enforce-exclusivity\=checked @/Users/justingardner/Library/Developer/Xcode/DerivedData/books-fpommwulutefkublemohbizwfike/Build/Intermediates.noindex/books.build/Debug-iphonesimulator/booksTests.build/Objects-normal/arm64/booksTests.SwiftFileList -DDEBUG -plugin-path /Applications/Xcode.app/Contents/Developer/Toolchains/XcodeDefault.xctoolchain/usr/lib/swift/host/plugins/testing -enable-bare-slash-regex -enable-experimental-feature DebugDescriptionMacro -sdk /Applications/Xcode.app/Contents/Developer/Platforms/iPhoneSimulator.platform/Developer/SDKs/iPhoneSimulator18.5.sdk -target arm64-apple-ios18.0-simulator -g -module-cache-path /Users/justingardner/Library/Developer/Xcode/DerivedData/ModuleCache.noindex -Xfrontend -serialize-debugging-options -profile-coverage-mapping -profile-generate -enable-testing -index-store-path /Users/justingardner/Library/Developer/Xcode/DerivedData/books-fpommwulutefkublemohbizwfike/Index.noindex/DataStore -swift-version 5 -I /Users/justingardner/Library/Developer/Xcode/DerivedData/books-fpommwulutefkublemohbizwfike/Build/Products/Debug-iphonesimulator -I /Applications/Xcode.app/Contents/Developer/Platforms/iPhoneSimulator.platform/Developer/usr/lib -F /Users/justingardner/Library/Developer/Xcode/DerivedData/books-fpommwulutefkublemohbizwfike/Build/Products/Debug-iphonesimulator -F /Applications/Xcode.app/Contents/Developer/Platforms/iPhoneSimulator.platform/Developer/Library/Frameworks -F /Applications/Xcode.app/Contents/Developer/Platforms/iPhoneSimulator.platform/Developer/SDKs/iPhoneSimulator18.5.sdk/Developer/Library/Frameworks -c -j12 -enable-batch-mode -incremental -Xcc -ivfsstatcache -Xcc /Users/justingardner/Library/Developer/Xcode/DerivedData/SDKStatCaches.noindex/iphonesimulator18.5-22F76-d5fc8ad4295d2ef488fb7d0f804ce0c4.sdkstatcache -output-file-map /Users/justingardner/Library/Developer/Xcode/DerivedData/books-fpommwulutefkublemohbizwfike/Build/Intermediates.noindex/books.build/Debug-iphonesimulator/booksTests.build/Objects-normal/arm64/booksTests-OutputFileMap.json -use-frontend-parseable-output -save-temps -no-color-diagnostics -serialize-diagnostics -emit-dependencies -emit-module -emit-module-path /Users/justingardner/Library/Developer/Xcode/DerivedData/books-fpommwulutefkublemohbizwfike/Build/Intermediates.noindex/books.build/Debug-iphonesimulator/booksTests.build/Objects-normal/arm64/booksTests.swiftmodule -validate-clang-modules-once -clang-build-session-file /Users/justingardner/Library/Developer/Xcode/DerivedData/ModuleCache.noindex/Session.modulevalidation -Xcc -I/Users/justingardner/Library/Developer/Xcode/DerivedData/books-fpommwulutefkublemohbizwfike/Build/Intermediates.noindex/books.build/Debug-iphonesimulator/booksTests.build/swift-overrides.hmap -emit-const-values -Xfrontend -const-gather-protocols-file -Xfrontend /Users/justingardner/Library/Developer/Xcode/DerivedData/books-fpommwulutefkublemohbizwfike/Build/Intermediates.noindex/books.build/Debug-iphonesimulator/booksTests.build/Objects-normal/arm64/booksTests_const_extract_protocols.json -Xcc -iquote -Xcc /Users/justingardner/Library/Developer/Xcode/DerivedData/books-fpommwulutefkublemohbizwfike/Build/Intermediates.noindex/books.build/Debug-iphonesimulator/booksTests.build/booksTests-generated-files.hmap -Xcc -I/Users/justingardner/Library/Developer/Xcode/DerivedData/books-fpommwulutefkublemohbizwfike/Build/Intermediates.noindex/books.build/Debug-iphonesimulator/booksTests.build/booksTests-own-target-headers.hmap -Xcc -I/Users/justingardner/Library/Developer/Xcode/DerivedData/books-fpommwulutefkublemohbizwfike/Build/Intermediates.noindex/books.build/Debug-iphonesimulator/booksTests.build/booksTests-all-target-headers.hmap -Xcc -iquote -Xcc /Users/justingardner/Library/Developer/Xcode/DerivedData/books-fpommwulutefkublemohbizwfike/Build/Intermediates.noindex/books.build/Debug-iphonesimulator/booksTests.build/booksTests-project-headers.hmap -Xcc -I/Users/justingardner/Library/Developer/Xcode/DerivedData/books-fpommwulutefkublemohbizwfike/Build/Products/Debug-iphonesimulator/include -Xcc -I/Users/justingardner/Library/Developer/Xcode/DerivedData/books-fpommwulutefkublemohbizwfike/Build/Intermediates.noindex/books.build/Debug-iphonesimulator/booksTests.build/DerivedSources-normal/arm64 -Xcc -I/Users/justingardner/Library/Developer/Xcode/DerivedData/books-fpommwulutefkublemohbizwfike/Build/Intermediates.noindex/books.build/Debug-iphonesimulator/booksTests.build/DerivedSources/arm64 -Xcc -I/Users/justingardner/Library/Developer/Xcode/DerivedData/books-fpommwulutefkublemohbizwfike/Build/Intermediates.noindex/books.build/Debug-iphonesimulator/booksTests.build/DerivedSources -Xcc -DDEBUG\=1 -emit-objc-header -emit-objc-header-path /Users/justingardner/Library/Developer/Xcode/DerivedData/books-fpommwulutefkublemohbizwfike/Build/Intermediates.noindex/books.build/Debug-iphonesimulator/booksTests.build/Objects-normal/arm64/booksTests-Swift.h -working-directory /Users/justingardner/Downloads/xcode/books_build2 -experimental-emit-module-separately -disable-cmo

SwiftEmitModule normal arm64 Emitting\ module\ for\ booksUITests (in target 'booksUITests' from project 'books')

EmitSwiftModule normal arm64 (in target 'booksUITests' from project 'books')
    cd /Users/justingardner/Downloads/xcode/books_build2
    

SwiftEmitModule normal arm64 Emitting\ module\ for\ booksTests (in target 'booksTests' from project 'books')

EmitSwiftModule normal arm64 (in target 'booksTests' from project 'books')
    cd /Users/justingardner/Downloads/xcode/books_build2
    

SwiftDriverJobDiscovery normal arm64 Emitting module for booksUITests (in target 'booksUITests' from project 'books')

SwiftDriver\ Compilation\ Requirements booksUITests normal arm64 com.apple.xcode.tools.swift.compiler (in target 'booksUITests' from project 'books')
    cd /Users/justingardner/Downloads/xcode/books_build2
    builtin-Swift-Compilation-Requirements -- /Applications/Xcode.app/Contents/Developer/Toolchains/XcodeDefault.xctoolchain/usr/bin/swiftc -module-name booksUITests -Onone -enforce-exclusivity\=checked @/Users/justingardner/Library/Developer/Xcode/DerivedData/books-fpommwulutefkublemohbizwfike/Build/Intermediates.noindex/books.build/Debug-iphonesimulator/booksUITests.build/Objects-normal/arm64/booksUITests.SwiftFileList -DDEBUG -module-alias Testing\=_Testing_Unavailable -plugin-path /Applications/Xcode.app/Contents/Developer/Toolchains/XcodeDefault.xctoolchain/usr/lib/swift/host/plugins/testing -enable-bare-slash-regex -enable-experimental-feature DebugDescriptionMacro -sdk /Applications/Xcode.app/Contents/Developer/Platforms/iPhoneSimulator.platform/Developer/SDKs/iPhoneSimulator18.5.sdk -target arm64-apple-ios18.0-simulator -g -module-cache-path /Users/justingardner/Library/Developer/Xcode/DerivedData/ModuleCache.noindex -Xfrontend -serialize-debugging-options -profile-coverage-mapping -profile-generate -enable-testing -index-store-path /Users/justingardner/Library/Developer/Xcode/DerivedData/books-fpommwulutefkublemohbizwfike/Index.noindex/DataStore -swift-version 5 -I /Users/justingardner/Library/Developer/Xcode/DerivedData/books-fpommwulutefkublemohbizwfike/Build/Products/Debug-iphonesimulator -I /Applications/Xcode.app/Contents/Developer/Platforms/iPhoneSimulator.platform/Developer/usr/lib -F /Users/justingardner/Library/Developer/Xcode/DerivedData/books-fpommwulutefkublemohbizwfike/Build/Products/Debug-iphonesimulator -F /Applications/Xcode.app/Contents/Developer/Platforms/iPhoneSimulator.platform/Developer/Library/Frameworks -F /Applications/Xcode.app/Contents/Developer/Platforms/iPhoneSimulator.platform/Developer/SDKs/iPhoneSimulator18.5.sdk/Developer/Library/Frameworks -c -j12 -enable-batch-mode -incremental -Xcc -ivfsstatcache -Xcc /Users/justingardner/Library/Developer/Xcode/DerivedData/SDKStatCaches.noindex/iphonesimulator18.5-22F76-d5fc8ad4295d2ef488fb7d0f804ce0c4.sdkstatcache -output-file-map /Users/justingardner/Library/Developer/Xcode/DerivedData/books-fpommwulutefkublemohbizwfike/Build/Intermediates.noindex/books.build/Debug-iphonesimulator/booksUITests.build/Objects-normal/arm64/booksUITests-OutputFileMap.json -use-frontend-parseable-output -save-temps -no-color-diagnostics -serialize-diagnostics -emit-dependencies -emit-module -emit-module-path /Users/justingardner/Library/Developer/Xcode/DerivedData/books-fpommwulutefkublemohbizwfike/Build/Intermediates.noindex/books.build/Debug-iphonesimulator/booksUITests.build/Objects-normal/arm64/booksUITests.swiftmodule -validate-clang-modules-once -clang-build-session-file /Users/justingardner/Library/Developer/Xcode/DerivedData/ModuleCache.noindex/Session.modulevalidation -Xcc -I/Users/justingardner/Library/Developer/Xcode/DerivedData/books-fpommwulutefkublemohbizwfike/Build/Intermediates.noindex/books.build/Debug-iphonesimulator/booksUITests.build/swift-overrides.hmap -emit-const-values -Xfrontend -const-gather-protocols-file -Xfrontend /Users/justingardner/Library/Developer/Xcode/DerivedData/books-fpommwulutefkublemohbizwfike/Build/Intermediates.noindex/books.build/Debug-iphonesimulator/booksUITests.build/Objects-normal/arm64/booksUITests_const_extract_protocols.json -Xcc -iquote -Xcc /Users/justingardner/Library/Developer/Xcode/DerivedData/books-fpommwulutefkublemohbizwfike/Build/Intermediates.noindex/books.build/Debug-iphonesimulator/booksUITests.build/booksUITests-generated-files.hmap -Xcc -I/Users/justingardner/Library/Developer/Xcode/DerivedData/books-fpommwulutefkublemohbizwfike/Build/Intermediates.noindex/books.build/Debug-iphonesimulator/booksUITests.build/booksUITests-own-target-headers.hmap -Xcc -I/Users/justingardner/Library/Developer/Xcode/DerivedData/books-fpommwulutefkublemohbizwfike/Build/Intermediates.noindex/books.build/Debug-iphonesimulator/booksUITests.build/booksUITests-all-target-headers.hmap -Xcc -iquote -Xcc /Users/justingardner/Library/Developer/Xcode/DerivedData/books-fpommwulutefkublemohbizwfike/Build/Intermediates.noindex/books.build/Debug-iphonesimulator/booksUITests.build/booksUITests-project-headers.hmap -Xcc -I/Users/justingardner/Library/Developer/Xcode/DerivedData/books-fpommwulutefkublemohbizwfike/Build/Products/Debug-iphonesimulator/include -Xcc -I/Users/justingardner/Library/Developer/Xcode/DerivedData/books-fpommwulutefkublemohbizwfike/Build/Intermediates.noindex/books.build/Debug-iphonesimulator/booksUITests.build/DerivedSources-normal/arm64 -Xcc -I/Users/justingardner/Library/Developer/Xcode/DerivedData/books-fpommwulutefkublemohbizwfike/Build/Intermediates.noindex/books.build/Debug-iphonesimulator/booksUITests.build/DerivedSources/arm64 -Xcc -I/Users/justingardner/Library/Developer/Xcode/DerivedData/books-fpommwulutefkublemohbizwfike/Build/Intermediates.noindex/books.build/Debug-iphonesimulator/booksUITests.build/DerivedSources -Xcc -DDEBUG\=1 -emit-objc-header -emit-objc-header-path /Users/justingardner/Library/Developer/Xcode/DerivedData/books-fpommwulutefkublemohbizwfike/Build/Intermediates.noindex/books.build/Debug-iphonesimulator/booksUITests.build/Objects-normal/arm64/booksUITests-Swift.h -working-directory /Users/justingardner/Downloads/xcode/books_build2 -experimental-emit-module-separately -disable-cmo

SwiftDriverJobDiscovery normal arm64 Compiling CloudKitManager.swift, QuickFilterBar.swift, BackgroundImportProgressIndicator.swift, LibraryView.swift, AuthorSearchResultsView.swift, ConcurrentImportConfig.swift (in target 'books' from project 'books')

SwiftCompile normal arm64 Compiling\ booksUITestsLaunchTests.swift /Users/justingardner/Downloads/xcode/books_build2/booksUITests/booksUITestsLaunchTests.swift (in target 'booksUITests' from project 'books')

SwiftCompile normal arm64 /Users/justingardner/Downloads/xcode/books_build2/booksUITests/booksUITestsLaunchTests.swift (in target 'booksUITests' from project 'books')
    cd /Users/justingardner/Downloads/xcode/books_build2
    

SwiftDriverJobDiscovery normal arm64 Compiling DataQualityIndicator.swift, ColumnMappingView.swift, ImportStateManager.swift, UserBook.swift, GoalProgressRing.swift, Color+Extensions.swift (in target 'books' from project 'books')

SwiftMergeGeneratedHeaders /Users/justingardner/Library/Developer/Xcode/DerivedData/books-fpommwulutefkublemohbizwfike/Build/Intermediates.noindex/books.build/Debug-iphonesimulator/booksUITests.build/DerivedSources/booksUITests-Swift.h /Users/justingardner/Library/Developer/Xcode/DerivedData/books-fpommwulutefkublemohbizwfike/Build/Intermediates.noindex/books.build/Debug-iphonesimulator/booksUITests.build/Objects-normal/arm64/booksUITests-Swift.h (in target 'booksUITests' from project 'books')
    cd /Users/justingardner/Downloads/xcode/books_build2
    builtin-swiftHeaderTool -arch arm64 /Users/justingardner/Library/Developer/Xcode/DerivedData/books-fpommwulutefkublemohbizwfike/Build/Intermediates.noindex/books.build/Debug-iphonesimulator/booksUITests.build/Objects-normal/arm64/booksUITests-Swift.h -o /Users/justingardner/Library/Developer/Xcode/DerivedData/books-fpommwulutefkublemohbizwfike/Build/Intermediates.noindex/books.build/Debug-iphonesimulator/booksUITests.build/DerivedSources/booksUITests-Swift.h

Copy /Users/justingardner/Library/Developer/Xcode/DerivedData/books-fpommwulutefkublemohbizwfike/Build/Products/Debug-iphonesimulator/booksUITests.swiftmodule/arm64-apple-ios-simulator.swiftmodule /Users/justingardner/Library/Developer/Xcode/DerivedData/books-fpommwulutefkublemohbizwfike/Build/Intermediates.noindex/books.build/Debug-iphonesimulator/booksUITests.build/Objects-normal/arm64/booksUITests.swiftmodule (in target 'booksUITests' from project 'books')
    cd /Users/justingardner/Downloads/xcode/books_build2
    builtin-copy -exclude .DS_Store -exclude CVS -exclude .svn -exclude .git -exclude .hg -resolve-src-symlinks -rename /Users/justingardner/Library/Developer/Xcode/DerivedData/books-fpommwulutefkublemohbizwfike/Build/Intermediates.noindex/books.build/Debug-iphonesimulator/booksUITests.build/Objects-normal/arm64/booksUITests.swiftmodule /Users/justingardner/Library/Developer/Xcode/DerivedData/books-fpommwulutefkublemohbizwfike/Build/Products/Debug-iphonesimulator/booksUITests.swiftmodule/arm64-apple-ios-simulator.swiftmodule

Copy /Users/justingardner/Library/Developer/Xcode/DerivedData/books-fpommwulutefkublemohbizwfike/Build/Products/Debug-iphonesimulator/booksUITests.swiftmodule/arm64-apple-ios-simulator.swiftdoc /Users/justingardner/Library/Developer/Xcode/DerivedData/books-fpommwulutefkublemohbizwfike/Build/Intermediates.noindex/books.build/Debug-iphonesimulator/booksUITests.build/Objects-normal/arm64/booksUITests.swiftdoc (in target 'booksUITests' from project 'books')
    cd /Users/justingardner/Downloads/xcode/books_build2
    builtin-copy -exclude .DS_Store -exclude CVS -exclude .svn -exclude .git -exclude .hg -resolve-src-symlinks -rename /Users/justingardner/Library/Developer/Xcode/DerivedData/books-fpommwulutefkublemohbizwfike/Build/Intermediates.noindex/books.build/Debug-iphonesimulator/booksUITests.build/Objects-normal/arm64/booksUITests.swiftdoc /Users/justingardner/Library/Developer/Xcode/DerivedData/books-fpommwulutefkublemohbizwfike/Build/Products/Debug-iphonesimulator/booksUITests.swiftmodule/arm64-apple-ios-simulator.swiftdoc

Copy /Users/justingardner/Library/Developer/Xcode/DerivedData/books-fpommwulutefkublemohbizwfike/Build/Products/Debug-iphonesimulator/booksUITests.swiftmodule/arm64-apple-ios-simulator.abi.json /Users/justingardner/Library/Developer/Xcode/DerivedData/books-fpommwulutefkublemohbizwfike/Build/Intermediates.noindex/books.build/Debug-iphonesimulator/booksUITests.build/Objects-normal/arm64/booksUITests.abi.json (in target 'booksUITests' from project 'books')
    cd /Users/justingardner/Downloads/xcode/books_build2
    builtin-copy -exclude .DS_Store -exclude CVS -exclude .svn -exclude .git -exclude .hg -resolve-src-symlinks -rename /Users/justingardner/Library/Developer/Xcode/DerivedData/books-fpommwulutefkublemohbizwfike/Build/Intermediates.noindex/books.build/Debug-iphonesimulator/booksUITests.build/Objects-normal/arm64/booksUITests.abi.json /Users/justingardner/Library/Developer/Xcode/DerivedData/books-fpommwulutefkublemohbizwfike/Build/Products/Debug-iphonesimulator/booksUITests.swiftmodule/arm64-apple-ios-simulator.abi.json

Copy /Users/justingardner/Library/Developer/Xcode/DerivedData/books-fpommwulutefkublemohbizwfike/Build/Products/Debug-iphonesimulator/booksUITests.swiftmodule/Project/arm64-apple-ios-simulator.swiftsourceinfo /Users/justingardner/Library/Developer/Xcode/DerivedData/books-fpommwulutefkublemohbizwfike/Build/Intermediates.noindex/books.build/Debug-iphonesimulator/booksUITests.build/Objects-normal/arm64/booksUITests.swiftsourceinfo (in target 'booksUITests' from project 'books')
    cd /Users/justingardner/Downloads/xcode/books_build2
    builtin-copy -exclude .DS_Store -exclude CVS -exclude .svn -exclude .git -exclude .hg -resolve-src-symlinks -rename /Users/justingardner/Library/Developer/Xcode/DerivedData/books-fpommwulutefkublemohbizwfike/Build/Intermediates.noindex/books.build/Debug-iphonesimulator/booksUITests.build/Objects-normal/arm64/booksUITests.swiftsourceinfo /Users/justingardner/Library/Developer/Xcode/DerivedData/books-fpommwulutefkublemohbizwfike/Build/Products/Debug-iphonesimulator/booksUITests.swiftmodule/Project/arm64-apple-ios-simulator.swiftsourceinfo

SwiftCompile normal arm64 Compiling\ ComprehensiveUITests.swift /Users/justingardner/Downloads/xcode/books_build2/booksUITests/ComprehensiveUITests.swift (in target 'booksUITests' from project 'books')

SwiftCompile normal arm64 /Users/justingardner/Downloads/xcode/books_build2/booksUITests/ComprehensiveUITests.swift (in target 'booksUITests' from project 'books')
    cd /Users/justingardner/Downloads/xcode/books_build2
    

SwiftCompile normal arm64 Compiling\ booksUITests.swift /Users/justingardner/Downloads/xcode/books_build2/booksUITests/booksUITests.swift (in target 'booksUITests' from project 'books')

SwiftCompile normal arm64 /Users/justingardner/Downloads/xcode/books_build2/booksUITests/booksUITests.swift (in target 'booksUITests' from project 'books')
    cd /Users/justingardner/Downloads/xcode/books_build2
    
/Users/justingardner/Downloads/xcode/books_build2/booksUITests/booksUITests.swift:55:13: warning: initialization of immutable value 'searchResponseExpectation' was never used; consider replacing with assignment to '_' or removing it
        let searchResponseExpectation = expectation(description: "Wait for search results or no results message")
        ~~~~^~~~~~~~~~~~~~~~~~~~~~~~~
        _

SwiftDriverJobDiscovery normal arm64 Compiling booksUITestsLaunchTests.swift (in target 'booksUITests' from project 'books')

SwiftCompile normal arm64 Compiling\ AccessibilityTests.swift /Users/justingardner/Downloads/xcode/books_build2/booksUITests/AccessibilityTests.swift (in target 'booksUITests' from project 'books')

SwiftCompile normal arm64 /Users/justingardner/Downloads/xcode/books_build2/booksUITests/AccessibilityTests.swift (in target 'booksUITests' from project 'books')
    cd /Users/justingardner/Downloads/xcode/books_build2
    
/Users/justingardner/Downloads/xcode/books_build2/booksUITests/AccessibilityTests.swift:218:13: warning: initialization of immutable value 'tabBar' was never used; consider replacing with assignment to '_' or removing it
        let tabBar = app.tabBars["MainTabView"]
        ~~~~^~~~~~
        _

SwiftDriverJobDiscovery normal arm64 Compiling BackgroundImportCoordinator.swift, ImportCompletionBanner.swift, iCloudLoginView.swift, Theme.swift, PerformanceMonitor.swift, GeneratedAssetSymbols.swift (in target 'books' from project 'books')

SwiftCompile normal arm64 Compiling\ BackgroundProcessingResumeTests.swift,\ IntegrationTests.swift /Users/justingardner/Downloads/xcode/books_build2/booksTests/BackgroundProcessingResumeTests.swift /Users/justingardner/Downloads/xcode/books_build2/booksTests/IntegrationTests.swift (in target 'booksTests' from project 'books')

SwiftCompile normal arm64 /Users/justingardner/Downloads/xcode/books_build2/booksTests/BackgroundProcessingResumeTests.swift (in target 'booksTests' from project 'books')
    cd /Users/justingardner/Downloads/xcode/books_build2
    

SwiftCompile normal arm64 /Users/justingardner/Downloads/xcode/books_build2/booksTests/IntegrationTests.swift (in target 'booksTests' from project 'books')
    cd /Users/justingardner/Downloads/xcode/books_build2
    

SwiftDriverJobDiscovery normal arm64 Compiling booksUITests.swift (in target 'booksUITests' from project 'books')

SwiftCompile normal arm64 Compiling\ BookSearchServiceTests.swift,\ UserBookModelTests.swift /Users/justingardner/Downloads/xcode/books_build2/booksTests/BookSearchServiceTests.swift /Users/justingardner/Downloads/xcode/books_build2/booksTests/UserBookModelTests.swift (in target 'booksTests' from project 'books')
Failed frontend command:
/Applications/Xcode.app/Contents/Developer/Toolchains/XcodeDefault.xctoolchain/usr/bin/swift-frontend -frontend -c /Users/justingardner/Downloads/xcode/books_build2/booksTests/CSVImportTests.swift /Users/justingardner/Downloads/xcode/books_build2/booksTests/ModelContainerTests.swift /Users/justingardner/Downloads/xcode/books_build2/booksTests/CSVImportWorkflowTests.swift /Users/justingardner/Downloads/xcode/books_build2/booksTests/ModelTests.swift /Users/justingardner/Downloads/xcode/books_build2/booksTests/CSVParserISBNTests.swift /Users/justingardner/Downloads/xcode/books_build2/booksTests/PerformanceTestingStrategy.swift /Users/justingardner/Downloads/xcode/books_build2/booksTests/PriorityQueueIntegrationTests.swift /Users/justingardner/Downloads/xcode/books_build2/booksTests/CulturalDiversityTests.swift /Users/justingardner/Downloads/xcode/books_build2/booksTests/ServiceIntegrationTests.swift /Users/justingardner/Downloads/xcode/books_build2/booksTests/DuplicateDetectionTests.swift /Users/justingardner/Downloads/xcode/books_build2/booksTests/ServiceProtocols.swift /Users/justingardner/Downloads/xcode/books_build2/booksTests/ErrorHandlingAndRetryLogicTests.swift /Users/justingardner/Downloads/xcode/books_build2/booksTests/SimpleISBNLookupServiceTests.swift /Users/justingardner/Downloads/xcode/books_build2/booksTests/AdaptiveRateLimitingTests.swift /Users/justingardner/Downloads/xcode/books_build2/booksTests/HapticFeedbackTests.swift /Users/justingardner/Downloads/xcode/books_build2/booksTests/AppLaunchTests.swift /Users/justingardner/Downloads/xcode/books_build2/booksTests/DataMergingLogicTests.swift /Users/justingardner/Downloads/xcode/books_build2/booksTests/ImageCacheTests.swift /Users/justingardner/Downloads/xcode/books_build2/booksTests/BackgroundProcessingResumeTests.swift /Users/justingardner/Downloads/xcode/books_build2/booksTests/IntegrationTests.swift /Users/justingardner/Downloads/xcode/books_build2/booksTests/BarcodeScannerTests.swift /Users/justingardner/Downloads/xcode/books_build2/booksTests/ViewTests.swift -primary-file /Users/justingardner/Downloads/xcode/books_build2/booksTests/BookSearchServiceTests.swift -primary-file /Users/justingardner/Downloads/xcode/books_build2/booksTests/UserBookModelTests.swift /Users/justingardner/Downloads/xcode/books_build2/booksTests/booksTests.swift /Users/justingardner/Downloads/xcode/books_build2/booksTests/LibraryResetTests.swift /Users/justingardner/Downloads/xcode/books_build2/booksTests/BookTrackerTestSuite.swift /Users/justingardner/Downloads/xcode/books_build2/booksTests/MockStrategiesAndNetworkTesting.swift -emit-dependencies-path /Users/justingardner/Library/Developer/Xcode/DerivedData/books-fpommwulutefkublemohbizwfike/Build/Intermediates.noindex/books.build/Debug-iphonesimulator/booksTests.build/Objects-normal/arm64/BookSearchServiceTests.d -emit-const-values-path /Users/justingardner/Library/Developer/Xcode/DerivedData/books-fpommwulutefkublemohbizwfike/Build/Intermediates.noindex/books.build/Debug-iphonesimulator/booksTests.build/Objects-normal/arm64/BookSearchServiceTests.swiftconstvalues -emit-reference-dependencies-path /Users/justingardner/Library/Developer/Xcode/DerivedData/books-fpommwulutefkublemohbizwfike/Build/Intermediates.noindex/books.build/Debug-iphonesimulator/booksTests.build/Objects-normal/arm64/BookSearchServiceTests.swiftdeps -serialize-diagnostics-path /Users/justingardner/Library/Developer/Xcode/DerivedData/books-fpommwulutefkublemohbizwfike/Build/Intermediates.noindex/books.build/Debug-iphonesimulator/booksTests.build/Objects-normal/arm64/BookSearchServiceTests.dia -emit-dependencies-path /Users/justingardner/Library/Developer/Xcode/DerivedData/books-fpommwulutefkublemohbizwfike/Build/Intermediates.noindex/books.build/Debug-iphonesimulator/booksTests.build/Objects-normal/arm64/UserBookModelTests.d -emit-const-values-path /Users/justingardner/Library/Developer/Xcode/DerivedData/books-fpommwulutefkublemohbizwfike/Build/Intermediates.noindex/books.build/Debug-iphonesimulator/booksTests.build/Objects-normal/arm64/UserBookModelTests.swiftconstvalues -emit-reference-dependencies-path /Users/justingardner/Library/Developer/Xcode/DerivedData/books-fpommwulutefkublemohbizwfike/Build/Intermediates.noindex/books.build/Debug-iphonesimulator/booksTests.build/Objects-normal/arm64/UserBookModelTests.swiftdeps -serialize-diagnostics-path /Users/justingardner/Library/Developer/Xcode/DerivedData/books-fpommwulutefkublemohbizwfike/Build/Intermediates.noindex/books.build/Debug-iphonesimulator/booksTests.build/Objects-normal/arm64/UserBookModelTests.dia -target arm64-apple-ios18.0-simulator -Xllvm -aarch64-use-tbi -enable-objc-interop -sdk /Applications/Xcode.app/Contents/Developer/Platforms/iPhoneSimulator.platform/Developer/SDKs/iPhoneSimulator18.5.sdk -I /Users/justingardner/Library/Developer/Xcode/DerivedData/books-fpommwulutefkublemohbizwfike/Build/Products/Debug-iphonesimulator -I /Applications/Xcode.app/Contents/Developer/Platforms/iPhoneSimulator.platform/Developer/usr/lib -F /Users/justingardner/Library/Developer/Xcode/DerivedData/books-fpommwulutefkublemohbizwfike/Build/Products/Debug-iphonesimulator -F /Applications/Xcode.app/Contents/Developer/Platforms/iPhoneSimulator.platform/Developer/Library/Frameworks -F /Applications/Xcode.app/Contents/Developer/Platforms/iPhoneSimulator.platform/Developer/SDKs/iPhoneSimulator18.5.sdk/Developer/Library/Frameworks -no-color-diagnostics -enable-testing -g -debug-info-format\=dwarf -dwarf-version\=5 -module-cache-path /Users/justingardner/Library/Developer/Xcode/DerivedData/ModuleCache.noindex -profile-generate -profile-coverage-mapping -swift-version 5 -enforce-exclusivity\=checked -Onone -D DEBUG -serialize-debugging-options -const-gather-protocols-file /Users/justingardner/Library/Developer/Xcode/DerivedData/books-fpommwulutefkublemohbizwfike/Build/Intermediates.noindex/books.build/Debug-iphonesimulator/booksTests.build/Objects-normal/arm64/booksTests_const_extract_protocols.json -enable-experimental-feature DebugDescriptionMacro -enable-bare-slash-regex -empty-abi-descriptor -plugin-path /Applications/Xcode.app/Contents/Developer/Toolchains/XcodeDefault.xctoolchain/usr/lib/swift/host/plugins/testing -validate-clang-modules-once -clang-build-session-file /Users/justingardner/Library/Developer/Xcode/DerivedData/ModuleCache.noindex/Session.modulevalidation -Xcc -working-directory -Xcc /Users/justingardner/Downloads/xcode/books_build2 -resource-dir /Applications/Xcode.app/Contents/Developer/Toolchains/XcodeDefault.xctoolchain/usr/lib/swift -enable-anonymous-context-mangled-names -file-compilation-dir /Users/justingardner/Downloads/xcode/books_build2 -Xcc -ivfsstatcache -Xcc /Users/justingardner/Library/Developer/Xcode/DerivedData/SDKStatCaches.noindex/iphonesimulator18.5-22F76-d5fc8ad4295d2ef488fb7d0f804ce0c4.sdkstatcache -Xcc -I/Users/justingardner/Library/Developer/Xcode/DerivedData/books-fpommwulutefkublemohbizwfike/Build/Intermediates.noindex/books.build/Debug-iphonesimulator/booksTests.build/swift-overrides.hmap -Xcc -iquote -Xcc /Users/justingardner/Library/Developer/Xcode/DerivedData/books-fpommwulutefkublemohbizwfike/Build/Intermediates.noindex/books.build/Debug-iphonesimulator/booksTests.build/booksTests-generated-files.hmap -Xcc -I/Users/justingardner/Library/Developer/Xcode/DerivedData/books-fpommwulutefkublemohbizwfike/Build/Intermediates.noindex/books.build/Debug-iphonesimulator/booksTests.build/booksTests-own-target-headers.hmap -Xcc -I/Users/justingardner/Library/Developer/Xcode/DerivedData/books-fpommwulutefkublemohbizwfike/Build/Intermediates.noindex/books.build/Debug-iphonesimulator/booksTests.build/booksTests-all-target-headers.hmap -Xcc -iquote -Xcc /Users/justingardner/Library/Developer/Xcode/DerivedData/books-fpommwulutefkublemohbizwfike/Build/Intermediates.noindex/books.build/Debug-iphonesimulator/booksTests.build/booksTests-project-headers.hmap -Xcc -I/Users/justingardner/Library/Developer/Xcode/DerivedData/books-fpommwulutefkublemohbizwfike/Build/Products/Debug-iphonesimulator/include -Xcc -I/Users/justingardner/Library/Developer/Xcode/DerivedData/books-fpommwulutefkublemohbizwfike/Build/Intermediates.noindex/books.build/Debug-iphonesimulator/booksTests.build/DerivedSources-normal/arm64 -Xcc -I/Users/justingardner/Library/Developer/Xcode/DerivedData/books-fpommwulutefkublemohbizwfike/Build/Intermediates.noindex/books.build/Debug-iphonesimulator/booksTests.build/DerivedSources/arm64 -Xcc -I/Users/justingardner/Library/Developer/Xcode/DerivedData/books-fpommwulutefkublemohbizwfike/Build/Intermediates.noindex/books.build/Debug-iphonesimulator/booksTests.build/DerivedSources -Xcc -DDEBUG\=1 -module-name booksTests -frontend-parseable-output -disable-clang-spi -target-sdk-version 18.5 -target-sdk-name iphonesimulator18.5 -external-plugin-path /Applications/Xcode.app/Contents/Developer/Platforms/iPhoneOS.platform/Developer/usr/lib/swift/host/plugins\#/Applications/Xcode.app/Contents/Developer/Platforms/iPhoneOS.platform/Developer/usr/bin/swift-plugin-server -external-plugin-path /Applications/Xcode.app/Contents/Developer/Platforms/iPhoneOS.platform/Developer/usr/local/lib/swift/host/plugins\#/Applications/Xcode.app/Contents/Developer/Platforms/iPhoneOS.platform/Developer/usr/bin/swift-plugin-server -in-process-plugin-server-path /Applications/Xcode.app/Contents/Developer/Toolchains/XcodeDefault.xctoolchain/usr/lib/swift/host/libSwiftInProcPluginServer.dylib -plugin-path /Applications/Xcode.app/Contents/Developer/Toolchains/XcodeDefault.xctoolchain/usr/lib/swift/host/plugins -plugin-path /Applications/Xcode.app/Contents/Developer/Toolchains/XcodeDefault.xctoolchain/usr/local/lib/swift/host/plugins -o /Users/justingardner/Library/Developer/Xcode/DerivedData/books-fpommwulutefkublemohbizwfike/Build/Intermediates.noindex/books.build/Debug-iphonesimulator/booksTests.build/Objects-normal/arm64/BookSearchServiceTests.o -o /Users/justingardner/Library/Developer/Xcode/DerivedData/books-fpommwulutefkublemohbizwfike/Build/Intermediates.noindex/books.build/Debug-iphonesimulator/booksTests.build/Objects-normal/arm64/UserBookModelTests.o -index-unit-output-path /books.build/Debug-iphonesimulator/booksTests.build/Objects-normal/arm64/BookSearchServiceTests.o -index-unit-output-path /books.build/Debug-iphonesimulator/booksTests.build/Objects-normal/arm64/UserBookModelTests.o -index-store-path /Users/justingardner/Library/Developer/Xcode/DerivedData/books-fpommwulutefkublemohbizwfike/Index.noindex/DataStore -index-system-modules

SwiftCompile normal arm64 /Users/justingardner/Downloads/xcode/books_build2/booksTests/BookSearchServiceTests.swift (in target 'booksTests' from project 'books')
    cd /Users/justingardner/Downloads/xcode/books_build2
    
/Users/justingardner/Downloads/xcode/books_build2/booksTests/BookSearchServiceTests.swift:86:26: error: value of type 'BookMetadata' has no member 'translator'
        #expect(metadata.translator == nil)
                ~~~~~~~~ ^~~~~~~~~~

SwiftCompile normal arm64 /Users/justingardner/Downloads/xcode/books_build2/booksTests/UserBookModelTests.swift (in target 'booksTests' from project 'books')
    cd /Users/justingardner/Downloads/xcode/books_build2
    
/Users/justingardner/Downloads/xcode/books_build2/booksTests/UserBookModelTests.swift:30:13: warning: initialization of immutable value 'userBook' was never used; consider replacing with assignment to '_' or removing it
        let userBook = createTestUserBook(
        ~~~~^~~~~~~~
        _
/Users/justingardner/Downloads/xcode/books_build2/booksTests/UserBookModelTests.swift:259:13: warning: initialization of immutable value 'books' was never used; consider replacing with assignment to '_' or removing it
        let books = createVariousStatusBooks()
        ~~~~^~~~~
        _

SwiftDriverJobDiscovery normal arm64 Compiling BackgroundTaskManager.swift, LibraryFilterView.swift, ReadingGoalsManager.swift, Theme+Variants.swift, ContentView.swift, RateLimiter.swift, BookSearchService.swift (in target 'books' from project 'books')

SwiftCompile normal arm64 Compiling\ HapticFeedbackTests.swift,\ AppLaunchTests.swift /Users/justingardner/Downloads/xcode/books_build2/booksTests/HapticFeedbackTests.swift /Users/justingardner/Downloads/xcode/books_build2/booksTests/AppLaunchTests.swift (in target 'booksTests' from project 'books')
SwiftCompile normal arm64 /Users/justingardner/Downloads/xcode/books_build2/booksTests/HapticFeedbackTests.swift (in target 'booksTests' from project 'books')
    cd /Users/justingardner/Downloads/xcode/books_build2
    

SwiftCompile normal arm64 /Users/justingardner/Downloads/xcode/books_build2/booksTests/AppLaunchTests.swift (in target 'booksTests' from project 'books')
    cd /Users/justingardner/Downloads/xcode/books_build2
    

SwiftDriverJobDiscovery normal arm64 Compiling ComprehensiveUITests.swift (in target 'booksUITests' from project 'books')

SwiftCompile normal arm64 Compiling\ PriorityQueueIntegrationTests.swift,\ CulturalDiversityTests.swift,\ ServiceIntegrationTests.swift /Users/justingardner/Downloads/xcode/books_build2/booksTests/PriorityQueueIntegrationTests.swift /Users/justingardner/Downloads/xcode/books_build2/booksTests/CulturalDiversityTests.swift /Users/justingardner/Downloads/xcode/books_build2/booksTests/ServiceIntegrationTests.swift (in target 'booksTests' from project 'books')

SwiftCompile normal arm64 /Users/justingardner/Downloads/xcode/books_build2/booksTests/PriorityQueueIntegrationTests.swift (in target 'booksTests' from project 'books')
    cd /Users/justingardner/Downloads/xcode/books_build2
    

SwiftCompile normal arm64 /Users/justingardner/Downloads/xcode/books_build2/booksTests/CulturalDiversityTests.swift (in target 'booksTests' from project 'books')
    cd /Users/justingardner/Downloads/xcode/books_build2
    

SwiftCompile normal arm64 /Users/justingardner/Downloads/xcode/books_build2/booksTests/ServiceIntegrationTests.swift (in target 'booksTests' from project 'books')
    cd /Users/justingardner/Downloads/xcode/books_build2
    

SwiftDriverJobDiscovery normal arm64 Emitting module for booksTests (in target 'booksTests' from project 'books')

SwiftDriver\ Compilation\ Requirements booksTests normal arm64 com.apple.xcode.tools.swift.compiler (in target 'booksTests' from project 'books')
    cd /Users/justingardner/Downloads/xcode/books_build2
    builtin-Swift-Compilation-Requirements -- /Applications/Xcode.app/Contents/Developer/Toolchains/XcodeDefault.xctoolchain/usr/bin/swiftc -module-name booksTests -Onone -enforce-exclusivity\=checked @/Users/justingardner/Library/Developer/Xcode/DerivedData/books-fpommwulutefkublemohbizwfike/Build/Intermediates.noindex/books.build/Debug-iphonesimulator/booksTests.build/Objects-normal/arm64/booksTests.SwiftFileList -DDEBUG -plugin-path /Applications/Xcode.app/Contents/Developer/Toolchains/XcodeDefault.xctoolchain/usr/lib/swift/host/plugins/testing -enable-bare-slash-regex -enable-experimental-feature DebugDescriptionMacro -sdk /Applications/Xcode.app/Contents/Developer/Platforms/iPhoneSimulator.platform/Developer/SDKs/iPhoneSimulator18.5.sdk -target arm64-apple-ios18.0-simulator -g -module-cache-path /Users/justingardner/Library/Developer/Xcode/DerivedData/ModuleCache.noindex -Xfrontend -serialize-debugging-options -profile-coverage-mapping -profile-generate -enable-testing -index-store-path /Users/justingardner/Library/Developer/Xcode/DerivedData/books-fpommwulutefkublemohbizwfike/Index.noindex/DataStore -swift-version 5 -I /Users/justingardner/Library/Developer/Xcode/DerivedData/books-fpommwulutefkublemohbizwfike/Build/Products/Debug-iphonesimulator -I /Applications/Xcode.app/Contents/Developer/Platforms/iPhoneSimulator.platform/Developer/usr/lib -F /Users/justingardner/Library/Developer/Xcode/DerivedData/books-fpommwulutefkublemohbizwfike/Build/Products/Debug-iphonesimulator -F /Applications/Xcode.app/Contents/Developer/Platforms/iPhoneSimulator.platform/Developer/Library/Frameworks -F /Applications/Xcode.app/Contents/Developer/Platforms/iPhoneSimulator.platform/Developer/SDKs/iPhoneSimulator18.5.sdk/Developer/Library/Frameworks -c -j12 -enable-batch-mode -incremental -Xcc -ivfsstatcache -Xcc /Users/justingardner/Library/Developer/Xcode/DerivedData/SDKStatCaches.noindex/iphonesimulator18.5-22F76-d5fc8ad4295d2ef488fb7d0f804ce0c4.sdkstatcache -output-file-map /Users/justingardner/Library/Developer/Xcode/DerivedData/books-fpommwulutefkublemohbizwfike/Build/Intermediates.noindex/books.build/Debug-iphonesimulator/booksTests.build/Objects-normal/arm64/booksTests-OutputFileMap.json -use-frontend-parseable-output -save-temps -no-color-diagnostics -serialize-diagnostics -emit-dependencies -emit-module -emit-module-path /Users/justingardner/Library/Developer/Xcode/DerivedData/books-fpommwulutefkublemohbizwfike/Build/Intermediates.noindex/books.build/Debug-iphonesimulator/booksTests.build/Objects-normal/arm64/booksTests.swiftmodule -validate-clang-modules-once -clang-build-session-file /Users/justingardner/Library/Developer/Xcode/DerivedData/ModuleCache.noindex/Session.modulevalidation -Xcc -I/Users/justingardner/Library/Developer/Xcode/DerivedData/books-fpommwulutefkublemohbizwfike/Build/Intermediates.noindex/books.build/Debug-iphonesimulator/booksTests.build/swift-overrides.hmap -emit-const-values -Xfrontend -const-gather-protocols-file -Xfrontend /Users/justingardner/Library/Developer/Xcode/DerivedData/books-fpommwulutefkublemohbizwfike/Build/Intermediates.noindex/books.build/Debug-iphonesimulator/booksTests.build/Objects-normal/arm64/booksTests_const_extract_protocols.json -Xcc -iquote -Xcc /Users/justingardner/Library/Developer/Xcode/DerivedData/books-fpommwulutefkublemohbizwfike/Build/Intermediates.noindex/books.build/Debug-iphonesimulator/booksTests.build/booksTests-generated-files.hmap -Xcc -I/Users/justingardner/Library/Developer/Xcode/DerivedData/books-fpommwulutefkublemohbizwfike/Build/Intermediates.noindex/books.build/Debug-iphonesimulator/booksTests.build/booksTests-own-target-headers.hmap -Xcc -I/Users/justingardner/Library/Developer/Xcode/DerivedData/books-fpommwulutefkublemohbizwfike/Build/Intermediates.noindex/books.build/Debug-iphonesimulator/booksTests.build/booksTests-all-target-headers.hmap -Xcc -iquote -Xcc /Users/justingardner/Library/Developer/Xcode/DerivedData/books-fpommwulutefkublemohbizwfike/Build/Intermediates.noindex/books.build/Debug-iphonesimulator/booksTests.build/booksTests-project-headers.hmap -Xcc -I/Users/justingardner/Library/Developer/Xcode/DerivedData/books-fpommwulutefkublemohbizwfike/Build/Products/Debug-iphonesimulator/include -Xcc -I/Users/justingardner/Library/Developer/Xcode/DerivedData/books-fpommwulutefkublemohbizwfike/Build/Intermediates.noindex/books.build/Debug-iphonesimulator/booksTests.build/DerivedSources-normal/arm64 -Xcc -I/Users/justingardner/Library/Developer/Xcode/DerivedData/books-fpommwulutefkublemohbizwfike/Build/Intermediates.noindex/books.build/Debug-iphonesimulator/booksTests.build/DerivedSources/arm64 -Xcc -I/Users/justingardner/Library/Developer/Xcode/DerivedData/books-fpommwulutefkublemohbizwfike/Build/Intermediates.noindex/books.build/Debug-iphonesimulator/booksTests.build/DerivedSources -Xcc -DDEBUG\=1 -emit-objc-header -emit-objc-header-path /Users/justingardner/Library/Developer/Xcode/DerivedData/books-fpommwulutefkublemohbizwfike/Build/Intermediates.noindex/books.build/Debug-iphonesimulator/booksTests.build/Objects-normal/arm64/booksTests-Swift.h -working-directory /Users/justingardner/Downloads/xcode/books_build2 -experimental-emit-module-separately -disable-cmo

SwiftDriverJobDiscovery normal arm64 Compiling QuickRatingView.swift, BookCardView.swift, booksApp.swift, BarcodeScanner.swift, SearchView.swift, ThemeStore.swift (in target 'books' from project 'books')

SwiftCompile normal arm64 Compiling\ SimpleISBNLookupServiceTests.swift,\ AdaptiveRateLimitingTests.swift /Users/justingardner/Downloads/xcode/books_build2/booksTests/SimpleISBNLookupServiceTests.swift /Users/justingardner/Downloads/xcode/books_build2/booksTests/AdaptiveRateLimitingTests.swift (in target 'booksTests' from project 'books')

SwiftCompile normal arm64 /Users/justingardner/Downloads/xcode/books_build2/booksTests/SimpleISBNLookupServiceTests.swift (in target 'booksTests' from project 'books')
    cd /Users/justingardner/Downloads/xcode/books_build2
    

SwiftCompile normal arm64 /Users/justingardner/Downloads/xcode/books_build2/booksTests/AdaptiveRateLimitingTests.swift (in target 'booksTests' from project 'books')
    cd /Users/justingardner/Downloads/xcode/books_build2
    

SwiftCompile normal arm64 Compiling\ CSVImportTests.swift,\ ModelContainerTests.swift,\ CSVImportWorkflowTests.swift /Users/justingardner/Downloads/xcode/books_build2/booksTests/CSVImportTests.swift /Users/justingardner/Downloads/xcode/books_build2/booksTests/ModelContainerTests.swift /Users/justingardner/Downloads/xcode/books_build2/booksTests/CSVImportWorkflowTests.swift (in target 'booksTests' from project 'books')

SwiftCompile normal arm64 /Users/justingardner/Downloads/xcode/books_build2/booksTests/CSVImportTests.swift (in target 'booksTests' from project 'books')
    cd /Users/justingardner/Downloads/xcode/books_build2
    

SwiftCompile normal arm64 /Users/justingardner/Downloads/xcode/books_build2/booksTests/ModelContainerTests.swift (in target 'booksTests' from project 'books')
    cd /Users/justingardner/Downloads/xcode/books_build2
    

SwiftCompile normal arm64 /Users/justingardner/Downloads/xcode/books_build2/booksTests/CSVImportWorkflowTests.swift (in target 'booksTests' from project 'books')
    cd /Users/justingardner/Downloads/xcode/books_build2
    

SwiftDriverJobDiscovery normal arm64 Compiling AccessibilityTests.swift (in target 'booksUITests' from project 'books')

SwiftMergeGeneratedHeaders /Users/justingardner/Library/Developer/Xcode/DerivedData/books-fpommwulutefkublemohbizwfike/Build/Intermediates.noindex/books.build/Debug-iphonesimulator/booksTests.build/DerivedSources/booksTests-Swift.h /Users/justingardner/Library/Developer/Xcode/DerivedData/books-fpommwulutefkublemohbizwfike/Build/Intermediates.noindex/books.build/Debug-iphonesimulator/booksTests.build/Objects-normal/arm64/booksTests-Swift.h (in target 'booksTests' from project 'books')
    cd /Users/justingardner/Downloads/xcode/books_build2
    builtin-swiftHeaderTool -arch arm64 /Users/justingardner/Library/Developer/Xcode/DerivedData/books-fpommwulutefkublemohbizwfike/Build/Intermediates.noindex/books.build/Debug-iphonesimulator/booksTests.build/Objects-normal/arm64/booksTests-Swift.h -o /Users/justingardner/Library/Developer/Xcode/DerivedData/books-fpommwulutefkublemohbizwfike/Build/Intermediates.noindex/books.build/Debug-iphonesimulator/booksTests.build/DerivedSources/booksTests-Swift.h

SwiftDriverJobDiscovery normal arm64 Compiling EditBookView.swift, DataMigrationManager.swift, SharedComponents.swift, BookMetadata.swift, BookRowView.swift, GenreBreakdownChartView.swift (in target 'books' from project 'books')

Copy /Users/justingardner/Library/Developer/Xcode/DerivedData/books-fpommwulutefkublemohbizwfike/Build/Products/Debug-iphonesimulator/booksTests.swiftmodule/arm64-apple-ios-simulator.swiftmodule /Users/justingardner/Library/Developer/Xcode/DerivedData/books-fpommwulutefkublemohbizwfike/Build/Intermediates.noindex/books.build/Debug-iphonesimulator/booksTests.build/Objects-normal/arm64/booksTests.swiftmodule (in target 'booksTests' from project 'books')
    cd /Users/justingardner/Downloads/xcode/books_build2
    builtin-copy -exclude .DS_Store -exclude CVS -exclude .svn -exclude .git -exclude .hg -resolve-src-symlinks -rename /Users/justingardner/Library/Developer/Xcode/DerivedData/books-fpommwulutefkublemohbizwfike/Build/Intermediates.noindex/books.build/Debug-iphonesimulator/booksTests.build/Objects-normal/arm64/booksTests.swiftmodule /Users/justingardner/Library/Developer/Xcode/DerivedData/books-fpommwulutefkublemohbizwfike/Build/Products/Debug-iphonesimulator/booksTests.swiftmodule/arm64-apple-ios-simulator.swiftmodule

Copy /Users/justingardner/Library/Developer/Xcode/DerivedData/books-fpommwulutefkublemohbizwfike/Build/Products/Debug-iphonesimulator/booksTests.swiftmodule/arm64-apple-ios-simulator.swiftdoc /Users/justingardner/Library/Developer/Xcode/DerivedData/books-fpommwulutefkublemohbizwfike/Build/Intermediates.noindex/books.build/Debug-iphonesimulator/booksTests.build/Objects-normal/arm64/booksTests.swiftdoc (in target 'booksTests' from project 'books')
    cd /Users/justingardner/Downloads/xcode/books_build2
    builtin-copy -exclude .DS_Store -exclude CVS -exclude .svn -exclude .git -exclude .hg -resolve-src-symlinks -rename /Users/justingardner/Library/Developer/Xcode/DerivedData/books-fpommwulutefkublemohbizwfike/Build/Intermediates.noindex/books.build/Debug-iphonesimulator/booksTests.build/Objects-normal/arm64/booksTests.swiftdoc /Users/justingardner/Library/Developer/Xcode/DerivedData/books-fpommwulutefkublemohbizwfike/Build/Products/Debug-iphonesimulator/booksTests.swiftmodule/arm64-apple-ios-simulator.swiftdoc

Copy /Users/justingardner/Library/Developer/Xcode/DerivedData/books-fpommwulutefkublemohbizwfike/Build/Products/Debug-iphonesimulator/booksTests.swiftmodule/arm64-apple-ios-simulator.abi.json /Users/justingardner/Library/Developer/Xcode/DerivedData/books-fpommwulutefkublemohbizwfike/Build/Intermediates.noindex/books.build/Debug-iphonesimulator/booksTests.build/Objects-normal/arm64/booksTests.abi.json (in target 'booksTests' from project 'books')
    cd /Users/justingardner/Downloads/xcode/books_build2
    builtin-copy -exclude .DS_Store -exclude CVS -exclude .svn -exclude .git -exclude .hg -resolve-src-symlinks -rename /Users/justingardner/Library/Developer/Xcode/DerivedData/books-fpommwulutefkublemohbizwfike/Build/Intermediates.noindex/books.build/Debug-iphonesimulator/booksTests.build/Objects-normal/arm64/booksTests.abi.json /Users/justingardner/Library/Developer/Xcode/DerivedData/books-fpommwulutefkublemohbizwfike/Build/Products/Debug-iphonesimulator/booksTests.swiftmodule/arm64-apple-ios-simulator.abi.json

Copy /Users/justingardner/Library/Developer/Xcode/DerivedData/books-fpommwulutefkublemohbizwfike/Build/Products/Debug-iphonesimulator/booksTests.swiftmodule/Project/arm64-apple-ios-simulator.swiftsourceinfo /Users/justingardner/Library/Developer/Xcode/DerivedData/books-fpommwulutefkublemohbizwfike/Build/Intermediates.noindex/books.build/Debug-iphonesimulator/booksTests.build/Objects-normal/arm64/booksTests.swiftsourceinfo (in target 'booksTests' from project 'books')
    cd /Users/justingardner/Downloads/xcode/books_build2
    builtin-copy -exclude .DS_Store -exclude CVS -exclude .svn -exclude .git -exclude .hg -resolve-src-symlinks -rename /Users/justingardner/Library/Developer/Xcode/DerivedData/books-fpommwulutefkublemohbizwfike/Build/Intermediates.noindex/books.build/Debug-iphonesimulator/booksTests.build/Objects-normal/arm64/booksTests.swiftsourceinfo /Users/justingardner/Library/Developer/Xcode/DerivedData/books-fpommwulutefkublemohbizwfike/Build/Products/Debug-iphonesimulator/booksTests.swiftmodule/Project/arm64-apple-ios-simulator.swiftsourceinfo

SwiftDriver\ Compilation booksUITests normal arm64 com.apple.xcode.tools.swift.compiler (in target 'booksUITests' from project 'books')
    cd /Users/justingardner/Downloads/xcode/books_build2
    builtin-Swift-Compilation -- /Applications/Xcode.app/Contents/Developer/Toolchains/XcodeDefault.xctoolchain/usr/bin/swiftc -module-name booksUITests -Onone -enforce-exclusivity\=checked @/Users/justingardner/Library/Developer/Xcode/DerivedData/books-fpommwulutefkublemohbizwfike/Build/Intermediates.noindex/books.build/Debug-iphonesimulator/booksUITests.build/Objects-normal/arm64/booksUITests.SwiftFileList -DDEBUG -module-alias Testing\=_Testing_Unavailable -plugin-path /Applications/Xcode.app/Contents/Developer/Toolchains/XcodeDefault.xctoolchain/usr/lib/swift/host/plugins/testing -enable-bare-slash-regex -enable-experimental-feature DebugDescriptionMacro -sdk /Applications/Xcode.app/Contents/Developer/Platforms/iPhoneSimulator.platform/Developer/SDKs/iPhoneSimulator18.5.sdk -target arm64-apple-ios18.0-simulator -g -module-cache-path /Users/justingardner/Library/Developer/Xcode/DerivedData/ModuleCache.noindex -Xfrontend -serialize-debugging-options -profile-coverage-mapping -profile-generate -enable-testing -index-store-path /Users/justingardner/Library/Developer/Xcode/DerivedData/books-fpommwulutefkublemohbizwfike/Index.noindex/DataStore -swift-version 5 -I /Users/justingardner/Library/Developer/Xcode/DerivedData/books-fpommwulutefkublemohbizwfike/Build/Products/Debug-iphonesimulator -I /Applications/Xcode.app/Contents/Developer/Platforms/iPhoneSimulator.platform/Developer/usr/lib -F /Users/justingardner/Library/Developer/Xcode/DerivedData/books-fpommwulutefkublemohbizwfike/Build/Products/Debug-iphonesimulator -F /Applications/Xcode.app/Contents/Developer/Platforms/iPhoneSimulator.platform/Developer/Library/Frameworks -F /Applications/Xcode.app/Contents/Developer/Platforms/iPhoneSimulator.platform/Developer/SDKs/iPhoneSimulator18.5.sdk/Developer/Library/Frameworks -c -j12 -enable-batch-mode -incremental -Xcc -ivfsstatcache -Xcc /Users/justingardner/Library/Developer/Xcode/DerivedData/SDKStatCaches.noindex/iphonesimulator18.5-22F76-d5fc8ad4295d2ef488fb7d0f804ce0c4.sdkstatcache -output-file-map /Users/justingardner/Library/Developer/Xcode/DerivedData/books-fpommwulutefkublemohbizwfike/Build/Intermediates.noindex/books.build/Debug-iphonesimulator/booksUITests.build/Objects-normal/arm64/booksUITests-OutputFileMap.json -use-frontend-parseable-output -save-temps -no-color-diagnostics -serialize-diagnostics -emit-dependencies -emit-module -emit-module-path /Users/justingardner/Library/Developer/Xcode/DerivedData/books-fpommwulutefkublemohbizwfike/Build/Intermediates.noindex/books.build/Debug-iphonesimulator/booksUITests.build/Objects-normal/arm64/booksUITests.swiftmodule -validate-clang-modules-once -clang-build-session-file /Users/justingardner/Library/Developer/Xcode/DerivedData/ModuleCache.noindex/Session.modulevalidation -Xcc -I/Users/justingardner/Library/Developer/Xcode/DerivedData/books-fpommwulutefkublemohbizwfike/Build/Intermediates.noindex/books.build/Debug-iphonesimulator/booksUITests.build/swift-overrides.hmap -emit-const-values -Xfrontend -const-gather-protocols-file -Xfrontend /Users/justingardner/Library/Developer/Xcode/DerivedData/books-fpommwulutefkublemohbizwfike/Build/Intermediates.noindex/books.build/Debug-iphonesimulator/booksUITests.build/Objects-normal/arm64/booksUITests_const_extract_protocols.json -Xcc -iquote -Xcc /Users/justingardner/Library/Developer/Xcode/DerivedData/books-fpommwulutefkublemohbizwfike/Build/Intermediates.noindex/books.build/Debug-iphonesimulator/booksUITests.build/booksUITests-generated-files.hmap -Xcc -I/Users/justingardner/Library/Developer/Xcode/DerivedData/books-fpommwulutefkublemohbizwfike/Build/Intermediates.noindex/books.build/Debug-iphonesimulator/booksUITests.build/booksUITests-own-target-headers.hmap -Xcc -I/Users/justingardner/Library/Developer/Xcode/DerivedData/books-fpommwulutefkublemohbizwfike/Build/Intermediates.noindex/books.build/Debug-iphonesimulator/booksUITests.build/booksUITests-all-target-headers.hmap -Xcc -iquote -Xcc /Users/justingardner/Library/Developer/Xcode/DerivedData/books-fpommwulutefkublemohbizwfike/Build/Intermediates.noindex/books.build/Debug-iphonesimulator/booksUITests.build/booksUITests-project-headers.hmap -Xcc -I/Users/justingardner/Library/Developer/Xcode/DerivedData/books-fpommwulutefkublemohbizwfike/Build/Products/Debug-iphonesimulator/include -Xcc -I/Users/justingardner/Library/Developer/Xcode/DerivedData/books-fpommwulutefkublemohbizwfike/Build/Intermediates.noindex/books.build/Debug-iphonesimulator/booksUITests.build/DerivedSources-normal/arm64 -Xcc -I/Users/justingardner/Library/Developer/Xcode/DerivedData/books-fpommwulutefkublemohbizwfike/Build/Intermediates.noindex/books.build/Debug-iphonesimulator/booksUITests.build/DerivedSources/arm64 -Xcc -I/Users/justingardner/Library/Developer/Xcode/DerivedData/books-fpommwulutefkublemohbizwfike/Build/Intermediates.noindex/books.build/Debug-iphonesimulator/booksUITests.build/DerivedSources -Xcc -DDEBUG\=1 -emit-objc-header -emit-objc-header-path /Users/justingardner/Library/Developer/Xcode/DerivedData/books-fpommwulutefkublemohbizwfike/Build/Intermediates.noindex/books.build/Debug-iphonesimulator/booksUITests.build/Objects-normal/arm64/booksUITests-Swift.h -working-directory /Users/justingardner/Downloads/xcode/books_build2 -experimental-emit-module-separately -disable-cmo

SwiftCompile normal arm64 Compiling\ DuplicateDetectionTests.swift,\ ServiceProtocols.swift,\ ErrorHandlingAndRetryLogicTests.swift /Users/justingardner/Downloads/xcode/books_build2/booksTests/DuplicateDetectionTests.swift /Users/justingardner/Downloads/xcode/books_build2/booksTests/ServiceProtocols.swift /Users/justingardner/Downloads/xcode/books_build2/booksTests/ErrorHandlingAndRetryLogicTests.swift (in target 'booksTests' from project 'books')

SwiftCompile normal arm64 /Users/justingardner/Downloads/xcode/books_build2/booksTests/DuplicateDetectionTests.swift (in target 'booksTests' from project 'books')
    cd /Users/justingardner/Downloads/xcode/books_build2
    

SwiftCompile normal arm64 /Users/justingardner/Downloads/xcode/books_build2/booksTests/ServiceProtocols.swift (in target 'booksTests' from project 'books')
    cd /Users/justingardner/Downloads/xcode/books_build2
    

SwiftCompile normal arm64 /Users/justingardner/Downloads/xcode/books_build2/booksTests/ErrorHandlingAndRetryLogicTests.swift (in target 'booksTests' from project 'books')
    cd /Users/justingardner/Downloads/xcode/books_build2
    


Test session results, code coverage, and logs:
	/Users/justingardner/Library/Developer/Xcode/DerivedData/books-fpommwulutefkublemohbizwfike/Logs/Test/Test-books-2025.08.13_09-16-36--0500.xcresult

